 main_win

 Timestamp is 65260827 (Wed Oct 11 05:27:51 2023)

 Preferred load address is 0000000140000000

 Start         Length     Name                   Class
 0001:00000000 000485c0H .text$mn                CODE
 0001:000485c0 00000040H .text$mn$00             CODE
 0001:00048600 00000520H .text$x                 CODE
 0002:00000000 00000498H .idata$5                DATA
 0002:00000498 00000038H .00cfg                  DATA
 0002:000004d0 00000008H .CRT$XCA                DATA
 0002:000004d8 00000008H .CRT$XCAA               DATA
 0002:000004e0 00000008H .CRT$XCZ                DATA
 0002:000004e8 00000008H .CRT$XIA                DATA
 0002:000004f0 00000008H .CRT$XIAA               DATA
 0002:000004f8 00000008H .CRT$XIAC               DATA
 0002:00000500 00000020H .CRT$XIC                DATA
 0002:00000520 00000008H .CRT$XIZ                DATA
 0002:00000528 00000008H .CRT$XLA                DATA
 0002:00000530 00000008H .CRT$XLZ                DATA
 0002:00000538 00000008H .CRT$XPA                DATA
 0002:00000540 00000010H .CRT$XPX                DATA
 0002:00000550 00000008H .CRT$XPXA               DATA
 0002:00000558 00000008H .CRT$XPZ                DATA
 0002:00000560 00000008H .CRT$XTA                DATA
 0002:00000568 00000008H .CRT$XTZ                DATA
 0002:00000570 00000000H .gehcont$y              DATA
 0002:00000570 00000000H .gfids$y                DATA
 0002:00000570 0000c390H .rdata                  DATA
 0002:0000c900 00000000H .rdata$CastGuardVftablesA DATA
 0002:0000c900 00000000H .rdata$CastGuardVftablesC DATA
 0002:0000c900 00000028H .rdata$T                DATA
 0002:0000c928 0000016cH .rdata$r                DATA
 0002:0000ca94 00000308H .rdata$voltmd           DATA
 0002:0000cd9c 000003acH .rdata$zzzdbg           DATA
 0002:0000d148 00000008H .rtc$IAA                DATA
 0002:0000d150 00000008H .rtc$IZZ                DATA
 0002:0000d158 00000008H .rtc$TAA                DATA
 0002:0000d160 00000008H .rtc$TZZ                DATA
 0002:0000d168 00000008H .tls                    DATA
 0002:0000d170 00000020H .tls$                   DATA
 0002:0000d190 00000008H .tls$ZZZ                DATA
 0002:0000d198 00002218H .xdata                  DATA
 0002:0000f3b0 00000084H .xdata$x                DATA
 0002:0000f434 00000000H .edata                  DATA
 0002:0000f434 00000050H .idata$2                DATA
 0002:0000f484 00000014H .idata$3                DATA
 0002:0000f498 00000498H .idata$4                DATA
 0002:0000f930 00000ac8H .idata$6                DATA
 0003:00000000 00000b40H .data                   DATA
 0003:00000b40 00000050H .data$r                 DATA
 0003:00000b90 00000020H .data$rs                DATA
 0003:00000bb0 00038148H .bss                    DATA
 0004:00000000 0000291cH .pdata                  DATA
 0005:00000000 0000015cH _RDATA                  DATA

  Address         Publics by Value              Rva+Base               Lib:Object

 0000:00000000       __AbsoluteZero             0000000000000000     <absolute>
 0000:00000000       ___safe_se_handler_count   0000000000000000     <absolute>
 0000:00000000       ___safe_se_handler_table   0000000000000000     <absolute>
 0000:00000000       __arm64x_extra_rfe_table   0000000000000000     <absolute>
 0000:00000000       __arm64x_extra_rfe_table_size 0000000000000000     <absolute>
 0000:00000000       __arm64x_native_entrypoint 0000000000000000     <absolute>
 0000:00000000       __arm64x_redirection_metadata 0000000000000000     <absolute>
 0000:00000000       __arm64x_redirection_metadata_count 0000000000000000     <absolute>
 0000:00000000       __dynamic_value_reloc_table 0000000000000000     <absolute>
 0000:00000000       __enclave_config           0000000000000000     <absolute>
 0000:00000000       __guard_check_icall_a64n_fptr 0000000000000000     <absolute>
 0000:00000000       __guard_eh_cont_count      0000000000000000     <absolute>
 0000:00000000       __guard_eh_cont_table      0000000000000000     <absolute>
 0000:00000000       __guard_fids_count         0000000000000000     <absolute>
 0000:00000000       __guard_fids_table         0000000000000000     <absolute>
 0000:00000000       __guard_iat_count          0000000000000000     <absolute>
 0000:00000000       __guard_iat_table          0000000000000000     <absolute>
 0000:00000000       __guard_longjmp_count      0000000000000000     <absolute>
 0000:00000000       __guard_longjmp_table      0000000000000000     <absolute>
 0000:00000000       __hybrid_auxiliary_iat     0000000000000000     <absolute>
 0000:00000000       __hybrid_auxiliary_iat_copy 0000000000000000     <absolute>
 0000:00000000       __hybrid_code_map          0000000000000000     <absolute>
 0000:00000000       __hybrid_code_map_count    0000000000000000     <absolute>
 0000:00000000       __x64_code_ranges_to_entry_points 0000000000000000     <absolute>
 0000:00000000       __x64_code_ranges_to_entry_points_count 0000000000000000     <absolute>
 0000:00000100       __guard_flags              0000000000000100     <absolute>
 0000:00000000       __ImageBase                0000000140000000     <linker-defined>
 0001:00000000       stbi_load_from_memory      0000000140001000 f   main_win.obj
 0001:000000a0       stbi_load_from_callbacks   00000001400010a0 f   main_win.obj
 0001:00000140       stbi_load                  0000000140001140 f   main_win.obj
 0001:000001f0       stbi_load_from_file        00000001400011f0 f   main_win.obj
 0001:000002c0       stbi_load_gif_from_memory  00000001400012c0 f   main_win.obj
 0001:00000410       stbi_load_16_from_memory   0000000140001410 f   main_win.obj
 0001:000004b0       stbi_load_16_from_callbacks 00000001400014b0 f   main_win.obj
 0001:00000550       stbi_load_16               0000000140001550 f   main_win.obj
 0001:00000600       stbi_load_from_file_16     0000000140001600 f   main_win.obj
 0001:000006d0       stbi_loadf_from_memory     00000001400016d0 f   main_win.obj
 0001:00000770       stbi_loadf_from_callbacks  0000000140001770 f   main_win.obj
 0001:00000810       stbi_loadf                 0000000140001810 f   main_win.obj
 0001:000008c0       stbi_loadf_from_file       00000001400018c0 f   main_win.obj
 0001:00000950       stbi_hdr_to_ldr_gamma      0000000140001950 f   main_win.obj
 0001:00000980       stbi_hdr_to_ldr_scale      0000000140001980 f   main_win.obj
 0001:000009b0       stbi_ldr_to_hdr_gamma      00000001400019b0 f   main_win.obj
 0001:000009d0       stbi_ldr_to_hdr_scale      00000001400019d0 f   main_win.obj
 0001:000009f0       stbi_is_hdr_from_callbacks 00000001400019f0 f   main_win.obj
 0001:00000a60       stbi_is_hdr_from_memory    0000000140001a60 f   main_win.obj
 0001:00000ad0       stbi_is_hdr                0000000140001ad0 f   main_win.obj
 0001:00000b30       stbi_is_hdr_from_file      0000000140001b30 f   main_win.obj
 0001:00000bc0       stbi_failure_reason        0000000140001bc0 f   main_win.obj
 0001:00000bf0       stbi_image_free            0000000140001bf0 f   main_win.obj
 0001:00000c10       stbi_info_from_memory      0000000140001c10 f   main_win.obj
 0001:00000ca0       stbi_info_from_callbacks   0000000140001ca0 f   main_win.obj
 0001:00000d30       stbi_is_16_bit_from_memory 0000000140001d30 f   main_win.obj
 0001:00000da0       stbi_is_16_bit_from_callbacks 0000000140001da0 f   main_win.obj
 0001:00000e10       stbi_info                  0000000140001e10 f   main_win.obj
 0001:00000e90       stbi_info_from_file        0000000140001e90 f   main_win.obj
 0001:00000f40       stbi_is_16_bit             0000000140001f40 f   main_win.obj
 0001:00000fa0       stbi_is_16_bit_from_file   0000000140001fa0 f   main_win.obj
 0001:00001030       stbi_set_unpremultiply_on_load 0000000140002030 f   main_win.obj
 0001:00001050       stbi_convert_iphone_png_to_rgb 0000000140002050 f   main_win.obj
 0001:00001070       stbi_set_flip_vertically_on_load 0000000140002070 f   main_win.obj
 0001:00001090       stbi_convert_iphone_png_to_rgb_thread 0000000140002090 f   main_win.obj
 0001:000010e0       stbi_set_flip_vertically_on_load_thread 00000001400020e0 f   main_win.obj
 0001:00001130       stbi_zlib_decode_malloc_guesssize 0000000140002130 f   main_win.obj
 0001:00001230       stbi_zlib_decode_malloc_guesssize_headerflag 0000000140002230 f   main_win.obj
 0001:00001340       stbi_zlib_decode_malloc    0000000140002340 f   main_win.obj
 0001:00001380       stbi_zlib_decode_buffer    0000000140002380 f   main_win.obj
 0001:00001440       stbi_zlib_decode_noheader_malloc 0000000140002440 f   main_win.obj
 0001:00001540       stbi_zlib_decode_noheader_buffer 0000000140002540 f   main_win.obj
 0001:00016ba0       ?stbi__unpremultiply_on_load_thread@@YAXH@Z 0000000140017ba0 f   main_win.obj
 0001:0001b110       ?m4Ortho@@YAPEAMPEAMMMMMMM@Z 000000014001c110 f   main_win.obj
 0001:0001b290       ?LogLog@@YAXHPEBDH0ZZ      000000014001c290 f   main_win.obj
 0001:0001b340       ?vlog@@YAXPEAUlogEvent@@@Z 000000014001c340 f   main_win.obj
 0001:0001b400       ?vlog_ms@@YAXPEAUlogEvent@@@Z 000000014001c400 f   main_win.obj
 0001:0001b5a0       ?v2Clamp@@YAPEAMPEAM0@Z    000000014001c5a0 f   main_win.obj
 0001:0001b750       ?v4Set@@YAPEAMPEAMMMMM@Z   000000014001c750 f   main_win.obj
 0001:0001b7e0       ?v4Copy@@YAPEAMPEAM0@Z     000000014001c7e0 f   main_win.obj
 0001:0001b8a0       ?rectOverlaps@@YACPEAM0@Z  000000014001c8a0 f   main_win.obj
 0001:0001bbf0       ?rectContainedBy@@YACPEAM0@Z 000000014001cbf0 f   main_win.obj
 0001:0001be50       ?rectGetOverlap@@YAPEAMPEAM00@Z 000000014001ce50 f   main_win.obj
 0001:0001c160       ?rectUVCull@@YAPEAMPEAM00@Z 000000014001d160 f   main_win.obj
 0001:0001c450       ?print_mat4@@YAXU?$mat@$03$03M$0A@@glm@@@Z 000000014001d450 f   main_win.obj
 0001:0001c720       ?matrix_look_at@@YA?AU?$mat@$03$03M$0A@@glm@@U?$vec@$02M$0A@@2@00@Z 000000014001d720 f   main_win.obj
 0001:0001c8d0       ?_matrix_look_at_broken_y@@YA?AU?$mat@$03$03M$0A@@glm@@U?$vec@$02M$0A@@2@00@Z 000000014001d8d0 f   main_win.obj
 0001:0001ca50       ?flycamera_init@@YAXPEAUCamera@@_NMMMM@Z 000000014001da50 f   main_win.obj
 0001:0001cac0       ?nuCameraInit@@YAXPEAUCamera@@MMMM@Z 000000014001dac0 f   main_win.obj
 0001:0001cb30       ?flycamera_process_mouse_movement@@YAXPEAUCamera@@MM@Z 000000014001db30 f   main_win.obj
 0001:0001cbf0       ?flycamera_process_mouse_scroll@@YAXPEAUCamera@@M@Z 000000014001dbf0 f   main_win.obj
 0001:0001cc90       ?flycamera_process_movement@@YAXPEAUCamera@@HH@Z 000000014001dc90 f   main_win.obj
 0001:0001cce0       ?flycamera_update@@YAXPEAUCamera@@M@Z 000000014001dce0 f   main_win.obj
 0001:0001ce30       ?camViewMat@@YA?AU?$mat@$03$03M$0A@@glm@@PEAUCamera@@@Z 000000014001de30 f   main_win.obj
 0001:0001cfc0       ?camProjMat@@YA?AU?$mat@$03$03M$0A@@glm@@PEAUCamera@@@Z 000000014001dfc0 f   main_win.obj
 0001:0001d030       ?flycamera_get_weird_view_matrix@@YA?AU?$mat@$03$03M$0A@@glm@@PEAUCamera@@@Z 000000014001e030 f   main_win.obj
 0001:0001d180       ?camViewPosition@@YA?AU?$vec@$02M$0A@@glm@@PEAUCamera@@@Z 000000014001e180 f   main_win.obj
 0001:0001d230       ?camViewDirection@@YA?AU?$vec@$02M$0A@@glm@@PEAUCamera@@@Z 000000014001e230 f   main_win.obj
 0001:0001d2e0       ?RenderTextureLoad@@YAXPEAUTexture@@PEBD@Z 000000014001e2e0 f   main_win.obj
 0001:0001d4f0       ?RenderTextureFree@@YAXI@Z 000000014001e4f0 f   main_win.obj
 0001:0001d520       ?RenderInit@@YAXPEAURenderer@@@Z 000000014001e520 f   main_win.obj
 0001:0001dac0       ?printShaderLog@@YAXI@Z    000000014001eac0 f   main_win.obj
 0001:0001dba0       ?printProgramLog@@YAXI@Z   000000014001eba0 f   main_win.obj
 0001:0001dc80       ?RenderFree@@YAXPEAURenderer@@@Z 000000014001ec80 f   main_win.obj
 0001:0001dce0       ?RenderBeginFrame@@YAXPEAURenderer@@@Z 000000014001ece0 f   main_win.obj
 0001:0001dd20       ?RenderEndFrame@@YAXPEAURenderer@@@Z 000000014001ed20 f   main_win.obj
 0001:0001de10       ?RenderPushTriangle@@YAXPEAURenderer@@PEAM11111111I@Z 000000014001ee10 f   main_win.obj
 0001:0001e5c0       ?shader_init@@YA_NPEAUshader_s@@PEBD1@Z 000000014001f5c0 f   main_win.obj
 0001:0001e840       ?shader_clean@@YAXPEAUshader_s@@@Z 000000014001f840 f   main_win.obj
 0001:0001e870       ?shader_use@@YAXPEAUshader_s@@@Z 000000014001f870 f   main_win.obj
 0001:0001e8a0       ?shader_4f@@YAXPEAUshader_s@@PEBDMMMM@Z 000000014001f8a0 f   main_win.obj
 0001:0001e910       ?shader_3f@@YAXPEAUshader_s@@PEBDMMM@Z 000000014001f910 f   main_win.obj
 0001:0001e970       ?shader_1i@@YAXPEAUshader_s@@PEBDH@Z 000000014001f970 f   main_win.obj
 0001:0001e9c0       ?shader_1f@@YAXPEAUshader_s@@PEBDM@Z 000000014001f9c0 f   main_win.obj
 0001:0001ea10       ?shader_mat4fv@@YAXPEAUshader_s@@PEBDPEBM@Z 000000014001fa10 f   main_win.obj
 0001:0001ea70       ?TileMapLoadCSV@@YAXPEAUTileMap@@PEBDPEAUTexture@@II@Z 000000014001fa70 f   main_win.obj
 0001:0001eb80       ?Read2DMap@@YAXPEBDIPEAHIIPEAI2@Z 000000014001fb80 f   main_win.obj
 0001:0001ed80       ?RenderExInit@@YAXPEAURendererEx@@@Z 000000014001fd80 f   main_win.obj
 0001:0001ede0       ?RenderWhiteTexture@@YAIXZ 000000014001fde0 f   main_win.obj
 0001:0001eee0       ?RenderExFree@@YAXPEAURendererEx@@@Z 000000014001fee0 f   main_win.obj
 0001:0001ef10       ?RenderPushQuadColor@@YAXPEAURendererEx@@PEAM1@Z 000000014001ff10 f   main_win.obj
 0001:0001f2c0       ?RenderPushQuadTex@@YAXPEAURendererEx@@PEAMI1@Z 00000001400202c0 f   main_win.obj
 0001:0001f790       ?RenderPushQuadSubTex@@YAXPEAURendererEx@@PEAM1I1@Z 0000000140020790 f   main_win.obj
 0001:000207d0       ?timeLeft@@YAIXZ           00000001400217d0 f   main_win.obj
 0001:00020810       ?run@@YAHXZ                0000000140021810 f   main_win.obj
 0001:00020a80       WinMain                    0000000140021a80 f   main_win.obj
 0001:00020ab0       ??$?0HHHH@?$vec@$03M$0A@@glm@@QEAA@HHHH@Z 0000000140021ab0 f i main_win.obj
 0001:00020b10       ??$?0HHHM@?$vec@$03M$0A@@glm@@QEAA@HHHM@Z 0000000140021b10 f i main_win.obj
 0001:00020b70       ??$?0HHMH@?$vec@$03M$0A@@glm@@QEAA@HHMH@Z 0000000140021b70 f i main_win.obj
 0001:00020bd0       ??$?0HMH@?$vec@$02M$0A@@glm@@QEAA@HMH@Z 0000000140021bd0 f i main_win.obj
 0001:00020c20       ??$?0HMHH@?$vec@$03M$0A@@glm@@QEAA@HMHH@Z 0000000140021c20 f i main_win.obj
 0001:00020c80       ??$?0M$0A@@?$vec@$02M$0A@@glm@@QEAA@AEBU?$vec@$03M$0A@@1@@Z 0000000140021c80 f i main_win.obj
 0001:00020cd0       ??$?0MH$0A@@?$vec@$03M$0A@@glm@@QEAA@AEBU?$vec@$02M$0A@@1@H@Z 0000000140021cd0 f i main_win.obj
 0001:00020d30       ??$?0MHHH@?$vec@$03M$0A@@glm@@QEAA@MHHH@Z 0000000140021d30 f i main_win.obj
 0001:00020d90       ??$?0MHM@?$vec@$02M$0A@@glm@@QEAA@MHM@Z 0000000140021d90 f i main_win.obj
 0001:00020de0       ??$?0MM$0A@@?$vec@$03M$0A@@glm@@QEAA@AEBU?$vec@$02M$0A@@1@M@Z 0000000140021de0 f i main_win.obj
 0001:00020e40       ??$?DM$0A@@glm@@YA?AU?$mat@$03$03M$0A@@0@AEBU10@0@Z 0000000140021e40 f i main_win.obj
 0001:00021470       ??$?DM$0A@@glm@@YA?AU?$vec@$02M$0A@@0@AEBU10@0@Z 0000000140022470 f i main_win.obj
 0001:000214f0       ??$?DM$0A@@glm@@YA?AU?$vec@$02M$0A@@0@AEBU10@M@Z 00000001400224f0 f i main_win.obj
 0001:00021560       ??$?DM$0A@@glm@@YA?AU?$vec@$03M$0A@@0@AEBU10@0@Z 0000000140022560 f i main_win.obj
 0001:000215c0       ??$?DM$0A@@glm@@YA?AU?$vec@$03M$0A@@0@AEBU10@AEBM@Z 00000001400225c0 f i main_win.obj
 0001:00021620       ??$?DM$0A@@glm@@YA?AU?$vec@$03M$0A@@0@AEBU?$mat@$03$03M$0A@@0@AEBU10@@Z 0000000140022620 f i main_win.obj
 0001:000217d0       ??$?GM$0A@@glm@@YA?AU?$vec@$02M$0A@@0@AEBU10@0@Z 00000001400227d0 f i main_win.obj
 0001:00021850       ??$?GM$0A@@glm@@YA?AU?$vec@$02M$0A@@0@AEBU10@@Z 0000000140022850 f i main_win.obj
 0001:000218c0       ??$?HM$0A@@glm@@YA?AU?$vec@$02M$0A@@0@AEBU10@0@Z 00000001400228c0 f i main_win.obj
 0001:00021940       ??$?HM$0A@@glm@@YA?AU?$vec@$03M$0A@@0@AEBU10@0@Z 0000000140022940 f i main_win.obj
 0001:000219a0       ??$?XM@?$vec@$03M$0A@@glm@@QEAAAEAU01@AEBU01@@Z 00000001400229a0 f i main_win.obj
 0001:00021a00       ??$?XM@?$vec@$03M$0A@@glm@@QEAAAEAU01@M@Z 0000000140022a00 f i main_win.obj
 0001:00021a50       ??$?YM@?$vec@$02M$0A@@glm@@QEAAAEAU01@AEBU01@@Z 0000000140022a50 f i main_win.obj
 0001:00021ac0       ??$?YM@?$vec@$03M$0A@@glm@@QEAAAEAU01@AEBU01@@Z 0000000140022ac0 f i main_win.obj
 0001:00021b20       ??$abs@M@glm@@YAMM@Z       0000000140022b20 f i main_win.obj
 0001:00021b40       ??$cross@M$0A@@glm@@YA?AU?$vec@$02M$0A@@0@AEBU10@0@Z 0000000140022b40 f i main_win.obj
 0001:00021b80       ??$dot@$02M$0A@@glm@@YAMAEBU?$vec@$02M$0A@@0@0@Z 0000000140022b80 f i main_win.obj
 0001:00021bb0       ??$inversesqrt@M@glm@@YAMM@Z 0000000140022bb0 f i main_win.obj
 0001:00021be0       ??$length@$02M$0A@@glm@@YAMAEBU?$vec@$02M$0A@@0@@Z 0000000140022be0 f i main_win.obj
 0001:00021c00       ??$normalize@$02M$0A@@glm@@YA?AU?$vec@$02M$0A@@0@AEBU10@@Z 0000000140022c00 f i main_win.obj
 0001:00021c30       ??$ortho@M@glm@@YA?AU?$mat@$03$03M$0A@@0@MMMMMM@Z 0000000140022c30 f i main_win.obj
 0001:00021ca0       ??$orthoRH_NO@M@glm@@YA?AU?$mat@$03$03M$0A@@0@MMMMMM@Z 0000000140022ca0 f i main_win.obj
 0001:00021f20       ??$perspective@M@glm@@YA?AU?$mat@$03$03M$0A@@0@MMMM@Z 0000000140022f20 f i main_win.obj
 0001:00021f70       ??$perspectiveRH_NO@M@glm@@YA?AU?$mat@$03$03M$0A@@0@MMMM@Z 0000000140022f70 f i main_win.obj
 0001:000221c0       ??$radians@M@glm@@YAMM@Z   00000001400231c0 f i main_win.obj
 0001:000221e0       ??$translate@M$0A@@glm@@YA?AU?$mat@$03$03M$0A@@0@AEBU10@AEBU?$vec@$02M$0A@@0@@Z 00000001400231e0 f i main_win.obj
 0001:000223b0       ??$transpose@$02$02M$0A@@glm@@YA?AU?$mat@$02$02M$0A@@0@AEBU10@@Z 00000001400233b0 f i main_win.obj
 0001:000223e0       ??$value_ptr@M$0A@@glm@@YAPEAMAEAU?$mat@$03$03M$0A@@0@@Z 00000001400233e0 f i main_win.obj
 0001:00022400       ??$value_ptr@M$0A@@glm@@YAPEBMAEBU?$mat@$03$03M$0A@@0@@Z 0000000140023400 f i main_win.obj
 0001:00022420       ??0?$mat@$02$02M$0A@@glm@@QEAA@AEBU?$vec@$02M$0A@@1@00@Z 0000000140023420 f i main_win.obj
 0001:000224d0       ??0?$mat@$03$03M$0A@@glm@@QEAA@AEBM@Z 00000001400234d0 f i main_win.obj
 0001:00022590       ??0?$mat@$03$03M$0A@@glm@@QEAA@AEBU?$mat@$02$02M$0A@@1@@Z 0000000140023590 f i main_win.obj
 0001:00022630       ??0?$vec@$02M$0A@@glm@@QEAA@M@Z 0000000140023630 f i main_win.obj
 0001:00022670       ??0?$vec@$02M$0A@@glm@@QEAA@MMM@Z 0000000140023670 f i main_win.obj
 0001:000226c0       ??0?$vec@$03M$0A@@glm@@QEAA@M@Z 00000001400236c0 f i main_win.obj
 0001:00022710       ??0?$vec@$03M$0A@@glm@@QEAA@MMMM@Z 0000000140023710 f i main_win.obj
 0001:00022770       ??A?$mat@$02$02M$0A@@glm@@QEAAAEAU?$vec@$02M$0A@@1@H@Z 0000000140023770 f i main_win.obj
 0001:000227c0       ??A?$mat@$02$02M$0A@@glm@@QEBAAEBU?$vec@$02M$0A@@1@H@Z 00000001400237c0 f i main_win.obj
 0001:00022810       ??A?$mat@$03$03M$0A@@glm@@QEAAAEAU?$vec@$03M$0A@@1@H@Z 0000000140023810 f i main_win.obj
 0001:00022860       ??A?$mat@$03$03M$0A@@glm@@QEBAAEBU?$vec@$03M$0A@@1@H@Z 0000000140023860 f i main_win.obj
 0001:000228b0       ??A?$vec@$02M$0A@@glm@@QEAAAEAMH@Z 00000001400238b0 f i main_win.obj
 0001:00022930       ??A?$vec@$02M$0A@@glm@@QEBAAEBMH@Z 0000000140023930 f i main_win.obj
 0001:000229b0       ??A?$vec@$03M$0A@@glm@@QEAAAEAMH@Z 00000001400239b0 f i main_win.obj
 0001:00022a40       ??A?$vec@$03M$0A@@glm@@QEBAAEBMH@Z 0000000140023a40 f i main_win.obj
 0001:00022ad0       ?abs@@YAMM@Z               0000000140023ad0 f i main_win.obj
 0001:00022af0       ?call@?$compute_abs@M$00@detail@glm@@SAMM@Z 0000000140023af0 f i main_win.obj
 0001:00022b40       ?call@?$compute_cross@M$0A@$0A@@detail@glm@@SA?AU?$vec@$02M$0A@@3@AEBU43@0@Z 0000000140023b40 f i main_win.obj
 0001:00022c00       ?call@?$compute_dot@U?$vec@$02M$0A@@glm@@M$0A@@detail@glm@@SAMAEBU?$vec@$02M$0A@@3@0@Z 0000000140023c00 f i main_win.obj
 0001:00022c40       ?call@?$compute_length@$02M$0A@$0A@@detail@glm@@SAMAEBU?$vec@$02M$0A@@3@@Z 0000000140023c40 f i main_win.obj
 0001:00022c70       ?call@?$compute_normalize@$02M$0A@$0A@@detail@glm@@SA?AU?$vec@$02M$0A@@3@AEBU43@@Z 0000000140023c70 f i main_win.obj
 0001:00022cb0       ?call@?$compute_transpose@$02$02M$0A@$0A@@detail@glm@@SA?AU?$mat@$02$02M$0A@@3@AEBU43@@Z 0000000140023cb0 f i main_win.obj
 0001:00022fa0       ?call@?$compute_vec4_add@M$0A@$0A@@detail@glm@@SA?AU?$vec@$03M$0A@@3@AEBU43@0@Z 0000000140023fa0 f i main_win.obj
 0001:00023030       ?call@?$compute_vec4_mul@M$0A@$0A@@detail@glm@@SA?AU?$vec@$03M$0A@@3@AEBU43@0@Z 0000000140024030 f i main_win.obj
 0001:000230c0       ?cos@@YAMM@Z               00000001400240c0 f i main_win.obj
 0001:000230e0       ?epsilon@?$numeric_limits@M@std@@SAMXZ 00000001400240e0 f i main_win.obj
 0001:000230f0       ?fmod@@YAMMM@Z             00000001400240f0 f i main_win.obj
 0001:00023120       ?ldexp@@YAMMH@Z            0000000140024120 f i main_win.obj
 0001:00023150       ?length@?$mat@$02$02M$0A@@glm@@SAHXZ 0000000140024150 f i main_win.obj
 0001:00023150       ?length@?$vec@$02M$0A@@glm@@SAHXZ 0000000140024150 f i main_win.obj
 0001:00023160       ?length@?$mat@$03$03M$0A@@glm@@SAHXZ 0000000140024160 f i main_win.obj
 0001:00023160       ?length@?$vec@$03M$0A@@glm@@SAHXZ 0000000140024160 f i main_win.obj
 0001:00023170       ?pow@@YAMMM@Z              0000000140024170 f i main_win.obj
 0001:000231a0       ?sin@@YAMM@Z               00000001400241a0 f i main_win.obj
 0001:000231c0       ?sqrt@@YAMM@Z              00000001400241c0 f i main_win.obj
 0001:000231e0       ?tan@@YAMM@Z               00000001400241e0 f i main_win.obj
 0001:00023200       __local_stdio_printf_options 0000000140024200 f i main_win.obj
 0001:00023210       __local_stdio_scanf_options 0000000140024210 f i main_win.obj
 0001:00023220       _vfprintf_l                0000000140024220 f i main_win.obj
 0001:00023270       _vsnprintf_s               0000000140024270 f i main_win.obj
 0001:000232c0       _vsnprintf_s_l             00000001400242c0 f i main_win.obj
 0001:00023340       _vsscanf_s_l               0000000140024340 f i main_win.obj
 0001:000233a0       fabsf                      00000001400243a0 f i main_win.obj
 0001:000233c0       fprintf                    00000001400243c0 f i main_win.obj
 0001:00023410       ldexpf                     0000000140024410 f i main_win.obj
 0001:00023440       printf                     0000000140024440 f i main_win.obj
 0001:000234a0       snprintf                   00000001400244a0 f i main_win.obj
 0001:00023500       sscanf_s                   0000000140024500 f i main_win.obj
 0001:00023550       vfprintf                   0000000140024550 f i main_win.obj
 0001:00023580       vsnprintf                  0000000140024580 f i main_win.obj
 0001:00023600       vsscanf_s                  0000000140024600 f i main_win.obj
 0001:0002362f       SDL_free                   000000014002462f f   SDL2:SDL2.dll
 0001:00023635       SDL_GetError               0000000140024635 f   SDL2:SDL2.dll
 0001:0002363b       SDL_LoadFile               000000014002463b f   SDL2:SDL2.dll
 0001:00023641       SDL_CreateWindow           0000000140024641 f   SDL2:SDL2.dll
 0001:00023647       SDL_DestroyWindow          0000000140024647 f   SDL2:SDL2.dll
 0001:0002364d       SDL_GL_SetAttribute        000000014002464d f   SDL2:SDL2.dll
 0001:00023653       SDL_GL_CreateContext       0000000140024653 f   SDL2:SDL2.dll
 0001:00023659       SDL_GL_SetSwapInterval     0000000140024659 f   SDL2:SDL2.dll
 0001:0002365f       SDL_GL_SwapWindow          000000014002465f f   SDL2:SDL2.dll
 0001:00023665       SDL_GL_DeleteContext       0000000140024665 f   SDL2:SDL2.dll
 0001:0002366b       SDL_GetMouseState          000000014002466b f   SDL2:SDL2.dll
 0001:00023671       SDL_PollEvent              0000000140024671 f   SDL2:SDL2.dll
 0001:00023677       SDL_GetTicks               0000000140024677 f   SDL2:SDL2.dll
 0001:0002367d       SDL_Delay                  000000014002467d f   SDL2:SDL2.dll
 0001:00023683       SDL_Init                   0000000140024683 f   SDL2:SDL2.dll
 0001:00023689       SDL_Quit                   0000000140024689 f   SDL2:SDL2.dll
 0001:00023690       __raise_securityfailure    0000000140024690 f   LIBCMT:gs_report.obj
 0001:000236c4       __report_gsfailure         00000001400246c4 f   LIBCMT:gs_report.obj
 0001:00023798       __report_rangecheckfailure 0000000140024798 f   LIBCMT:gs_report.obj
 0001:000237ac       __report_securityfailure   00000001400247ac f   LIBCMT:gs_report.obj
 0001:0002392c       __GSHandlerCheck           000000014002492c f   LIBCMT:gshandler.obj
 0001:0002394c       __GSHandlerCheckCommon     000000014002494c f   LIBCMT:gshandler.obj
 0001:000239c0       __chkstk                   00000001400249c0 f   LIBCMT:chkstk.obj
 0001:000239c0       _alloca_probe              00000001400249c0 f   LIBCMT:chkstk.obj
 0001:00023a20       __security_check_cookie    0000000140024a20 f   LIBCMT:amdsecgs.obj
 0001:00023c98       WinMainCRTStartup          0000000140024c98 f   LIBCMT:exe_winmain.obj
 0001:00023cac       __scrt_acquire_startup_lock 0000000140024cac f   LIBCMT:utility.obj
 0001:00023ce8       __scrt_initialize_crt      0000000140024ce8 f   LIBCMT:utility.obj
 0001:00023d34       __scrt_initialize_onexit_tables 0000000140024d34 f   LIBCMT:utility.obj
 0001:00023dc0       __scrt_is_nonwritable_in_current_image 0000000140024dc0 f   LIBCMT:utility.obj
 0001:00023e58       __scrt_release_startup_lock 0000000140024e58 f   LIBCMT:utility.obj
 0001:00023e7c       __scrt_uninitialize_crt    0000000140024e7c f   LIBCMT:utility.obj
 0001:00023ea8       _onexit                    0000000140024ea8 f   LIBCMT:utility.obj
 0001:00023ee4       atexit                     0000000140024ee4 f   LIBCMT:utility.obj
 0001:00023efc       __security_init_cookie     0000000140024efc f   LIBCMT:gs_support.obj
 0001:00023fa8       __scrt_exe_initialize_mta  0000000140024fa8 f   LIBCMT:utility_desktop.obj
 0001:00023fa8       __scrt_initialize_winrt    0000000140024fa8 f   LIBCMT:utility_desktop.obj
 0001:00023fa8       __scrt_stub_for_initialize_mta 0000000140024fa8 f   LIBCMT:utility_desktop.obj
 0001:00023fa8       _get_startup_commit_mode   0000000140024fa8 f   LIBCMT:commit_mode.obj
 0001:00023fa8       _get_startup_new_mode      0000000140024fa8 f   LIBCMT:new_mode.obj
 0001:00023fa8       _get_startup_thread_locale_mode 0000000140024fa8 f   LIBCMT:thread_locale.obj
 0001:00023fa8       _matherr                   0000000140024fa8 f   LIBCMT:matherr.obj
 0001:00023fac       _get_startup_argv_mode     0000000140024fac f   LIBCMT:argv_mode.obj
 0001:00023fb4       _get_startup_file_mode     0000000140024fb4 f   LIBCMT:file_mode.obj
 0001:00023fbc       ?__scrt_initialize_type_info@@YAXXZ 0000000140024fbc f   LIBCMT:tncleanup.obj
 0001:00023fcc       __acrt_uninitialize_command_line 0000000140024fcc f   libucrt:argv_data.obj
 0001:00023fcc       _should_initialize_environment 0000000140024fcc f   LIBCMT:env_mode.obj
 0001:00023fd0       _guard_check_icall_nop     0000000140024fd0 f   LIBCMT:guard_support.obj
 0001:00023fd0       _initialize_denormal_control 0000000140024fd0 f   LIBCMT:denormal_control.obj
 0001:00023fd0       _initialize_invalid_parameter_handler 0000000140024fd0 f   LIBCMT:invalid_parameter_handler.obj
 0001:00023fd4       __scrt_initialize_default_local_stdio_options 0000000140024fd4 f   LIBCMT:default_local_stdio_options.obj
 0001:00023ff0       __scrt_is_user_matherr_present 0000000140024ff0 f   LIBCMT:matherr_detection.obj
 0001:00023ffc       __scrt_get_dyn_tls_init_callback 0000000140024ffc f   LIBCMT:dyn_tls_init.obj
 0001:00024004       __scrt_get_dyn_tls_dtor_callback 0000000140025004 f   LIBCMT:dyn_tls_dtor.obj
 0001:0002400c       __crt_debugger_hook        000000014002500c f   LIBCMT:utility_desktop.obj
 0001:00024014       __scrt_fastfail            0000000140025014 f   LIBCMT:utility_desktop.obj
 0001:00024160       __scrt_get_show_window_mode 0000000140025160 f   LIBCMT:utility_desktop.obj
 0001:0002419c       __scrt_initialize_mta      000000014002519c f   LIBCMT:utility_desktop.obj
 0001:000241a4       __scrt_is_managed_app      00000001400251a4 f   LIBCMT:utility_desktop.obj
 0001:000241f8       __scrt_set_unhandled_exception_filter 00000001400251f8 f   LIBCMT:utility_desktop.obj
 0001:00024208       __scrt_unhandled_exception_filter 0000000140025208 f   LIBCMT:utility_desktop.obj
 0001:00024264       _RTC_Initialize            0000000140025264 f   LIBCMT:initsect.obj
 0001:000242a0       _RTC_Terminate             00000001400252a0 f   LIBCMT:initsect.obj
 0001:000242dc       __isa_available_init       00000001400252dc f   LIBCMT:cpu_disp.obj
 0001:00024488       __scrt_is_ucrt_dll_in_use  0000000140025488 f   LIBCMT:ucrt_detection.obj
 0001:000244a0       __C_specific_handler       00000001400254a0 f   libvcruntime:riscchandler.obj
 0001:00024698       __vcrt_initialize          0000000140025698 f   libvcruntime:initialization.obj
 0001:000246c0       __vcrt_uninitialize        00000001400256c0 f   libvcruntime:initialization.obj
 0001:000246dc       __std_type_info_compare    00000001400256dc f   libvcruntime:std_type_info.obj
 0001:00024704       __DestructExceptionObject  0000000140025704 f   libvcruntime:ehhelpers.obj
 0001:00024774       ?_CallMemberFunction0@@YAXQEAX0@Z 0000000140025774 f i libvcruntime:ehhelpers.obj
 0001:00024778       _IsExceptionObjectToBeDestroyed 0000000140025778 f   libvcruntime:ehhelpers.obj
 0001:000247a8       __AdjustPointer            00000001400257a8 f   libvcruntime:ehhelpers.obj
 0001:000247cc       __FrameUnwindFilter        00000001400257cc f   libvcruntime:ehhelpers.obj
 0001:00024834       __current_exception        0000000140025834 f   libvcruntime:ehhelpers.obj
 0001:00024848       __current_exception_context 0000000140025848 f   libvcruntime:ehhelpers.obj
 0001:0002485c       __std_terminate            000000014002585c f   libvcruntime:ehhelpers.obj
 0001:00024880       memset_repstos             0000000140025880 f   libvcruntime:memset.obj
 0001:000248a0       memset                     00000001400258a0 f   libvcruntime:memset.obj
 0001:00024c40       _NLG_Notify                0000000140025c40 f   libvcruntime:notify.obj
 0001:00024c60       __NLG_Dispatch2            0000000140025c60 f   libvcruntime:notify.obj
 0001:00024c70       __NLG_Return2              0000000140025c70 f   libvcruntime:notify.obj
 0001:00024c74       __except_validate_context_record 0000000140025c74 f   libvcruntime:jbcxrval.obj
 0001:00024cac       __vcrt_freefls             0000000140025cac f   libvcruntime:per_thread_data.obj
 0001:00024ccc       __vcrt_getptd              0000000140025ccc f   libvcruntime:per_thread_data.obj
 0001:00024ce8       __vcrt_getptd_noexit       0000000140025ce8 f   libvcruntime:per_thread_data.obj
 0001:00024da8       __vcrt_initialize_ptd      0000000140025da8 f   libvcruntime:per_thread_data.obj
 0001:00024df0       __vcrt_uninitialize_ptd    0000000140025df0 f   libvcruntime:per_thread_data.obj
 0001:00024e14       __vcrt_initialize_locks    0000000140025e14 f   libvcruntime:locks.obj
 0001:00024e5c       __vcrt_uninitialize_locks  0000000140025e5c f   libvcruntime:locks.obj
 0001:00024fe4       __vcrt_FlsAlloc            0000000140025fe4 f   libvcruntime:winapi_downlevel.obj
 0001:0002502c       __vcrt_FlsFree             000000014002602c f   libvcruntime:winapi_downlevel.obj
 0001:00025074       __vcrt_FlsGetValue         0000000140026074 f   libvcruntime:winapi_downlevel.obj
 0001:000250bc       __vcrt_FlsSetValue         00000001400260bc f   libvcruntime:winapi_downlevel.obj
 0001:00025110       __vcrt_InitializeCriticalSectionEx 0000000140026110 f   libvcruntime:winapi_downlevel.obj
 0001:00025174       ??$_CallSETranslator@V__FrameHandler3@@@@YAHPEAUEHExceptionRecord@@PEA_KPEAU_CONTEXT@@PEAU_xDISPATCHER_CONTEXT@@PEBU_s_FuncInfo@@K1H@Z 0000000140026174 f i libvcruntime:risctrnsctrl.obj
 0001:000251c8       ?CatchTryBlock@__FrameHandler3@@SAPEBU_s_TryBlockMapEntry@@PEBU_s_FuncInfo@@H@Z 00000001400261c8 f   libvcruntime:risctrnsctrl.obj
 0001:0002522c       ?ExecutionInCatch@__FrameHandler3@@SA_NPEAU_xDISPATCHER_CONTEXT@@PEBU_s_FuncInfo@@@Z 000000014002622c f   libvcruntime:risctrnsctrl.obj
 0001:00025258       ?FrameUnwindToEmptyState@__FrameHandler3@@SAXPEA_KPEAU_xDISPATCHER_CONTEXT@@PEBU_s_FuncInfo@@@Z 0000000140026258 f   libvcruntime:risctrnsctrl.obj
 0001:000252bc       ?GetEstablisherFrame@__FrameHandler3@@SAPEA_KPEA_KPEAU_xDISPATCHER_CONTEXT@@PEBU_s_FuncInfo@@0@Z 00000001400262bc f   libvcruntime:risctrnsctrl.obj
 0001:00025388       ?GetRangeOfTrysToCheck@__FrameHandler3@@SA?AU?$pair@Viterator@TryBlockMap@__FrameHandler3@@V123@@std@@AEAVTryBlockMap@1@HPEAU_xDISPATCHER_CONTEXT@@PEBU_s_FuncInfo@@H@Z 0000000140026388 f   libvcruntime:risctrnsctrl.obj
 0001:000254c8       ?UnwindNestedFrames@__FrameHandler3@@SAXPEA_KPEAUEHExceptionRecord@@PEAU_CONTEXT@@0PEAXPEBU_s_FuncInfo@@HHPEBU_s_HandlerType@@PEAU_xDISPATCHER_CONTEXT@@E@Z 00000001400264c8 f   libvcruntime:risctrnsctrl.obj
 0001:000255cc       _CreateFrameInfo           00000001400265cc f   libvcruntime:risctrnsctrl.obj
 0001:00025608       _FindAndUnlinkFrame        0000000140026608 f   libvcruntime:risctrnsctrl.obj
 0001:0002565c       _GetImageBase              000000014002665c f   libvcruntime:risctrnsctrl.obj
 0001:00025670       _GetThrowImageBase         0000000140026670 f   libvcruntime:risctrnsctrl.obj
 0001:00025684       _SetImageBase              0000000140026684 f   libvcruntime:risctrnsctrl.obj
 0001:0002569c       _SetThrowImageBase         000000014002669c f   libvcruntime:risctrnsctrl.obj
 0001:000256b4       __CxxFrameHandler3         00000001400266b4 f   libvcruntime:risctrnsctrl.obj
 0001:00025750       memcpy_repmovs             0000000140026750 f   libvcruntime:memcpy.obj
 0001:00025770       memcpy                     0000000140026770 f   libvcruntime:memcpy.obj
 0001:00025770       memmove                    0000000140026770 f   libvcruntime:memcpy.obj
 0001:00025de8       ?GetCurrentState@__FrameHandler3@@SAHPEA_KPEAU_xDISPATCHER_CONTEXT@@PEBU_s_FuncInfo@@@Z 0000000140026de8 f   libvcruntime:ehstate.obj
 0001:00025e10       ?GetUnwindTryBlock@__FrameHandler3@@SAHPEA_KPEAU_xDISPATCHER_CONTEXT@@PEBU_s_FuncInfo@@@Z 0000000140026e10 f   libvcruntime:ehstate.obj
 0001:00025e3c       ?SetState@__FrameHandler3@@SAXPEA_KPEBU_s_FuncInfo@@H@Z 0000000140026e3c f   libvcruntime:ehstate.obj
 0001:00025e48       ?SetUnwindTryBlock@__FrameHandler3@@SAXPEA_KPEAU_xDISPATCHER_CONTEXT@@PEBU_s_FuncInfo@@H@Z 0000000140026e48 f   libvcruntime:ehstate.obj
 0001:00025e84       ?StateFromControlPc@__FrameHandler3@@SAHPEBU_s_FuncInfo@@PEAU_xDISPATCHER_CONTEXT@@@Z 0000000140026e84 f   libvcruntime:ehstate.obj
 0001:00025e8c       ?StateFromIp@__FrameHandler3@@SAHPEBU_s_FuncInfo@@PEAU_xDISPATCHER_CONTEXT@@_K@Z 0000000140026e8c f   libvcruntime:ehstate.obj
 0001:0002697c       ??$TypeMatchHelper@V__FrameHandler3@@@@YAHPEBU_s_HandlerType@@PEBU_s_CatchableType@@PEBU_s_ThrowInfo@@@Z 000000014002797c f i libvcruntime:frame.obj
 0001:00026abc       ??$__InternalCxxFrameHandler@V__FrameHandler3@@@@YA?AW4_EXCEPTION_DISPOSITION@@PEAUEHExceptionRecord@@PEA_KPEAU_CONTEXT@@PEAU_xDISPATCHER_CONTEXT@@PEBU_s_FuncInfo@@H1E@Z 0000000140027abc f i libvcruntime:frame.obj
 0001:00026cf4       ??$__InternalCxxFrameHandlerWrapper@V__FrameHandler3@@@@YA?AW4_EXCEPTION_DISPOSITION@@PEAUEHExceptionRecord@@PEA_KPEAU_CONTEXT@@PEAU_xDISPATCHER_CONTEXT@@PEBU_s_FuncInfo@@H1E@Z 0000000140027cf4 f i libvcruntime:frame.obj
 0001:00026cfc       ??0bad_exception@std@@QEAA@AEBV01@@Z 0000000140027cfc f i libvcruntime:frame.obj
 0001:00026d38       ??0bad_exception@std@@QEAA@XZ 0000000140027d38 f i libvcruntime:frame.obj
 0001:00026d58       ??0exception@std@@QEAA@AEBV01@@Z 0000000140027d58 f i libvcruntime:frame.obj
 0001:00026d8c       ??1bad_exception@std@@UEAA@XZ 0000000140027d8c f i libvcruntime:frame.obj
 0001:00026da0       ??_Ebad_exception@std@@UEAAPEAXI@Z 0000000140027da0 f i libvcruntime:frame.obj
 0001:00026da0       ??_Eexception@std@@UEAAPEAXI@Z 0000000140027da0 f i libvcruntime:frame.obj
 0001:00026da0       ??_Gbad_exception@std@@UEAAPEAXI@Z 0000000140027da0 f i libvcruntime:frame.obj
 0001:00026da0       ??_Gexception@std@@UEAAPEAXI@Z 0000000140027da0 f i libvcruntime:frame.obj
 0001:00026de4       ?CxxCallCatchBlock@__FrameHandler3@@SAPEAXPEAU_EXCEPTION_RECORD@@@Z 0000000140027de4 f   libvcruntime:frame.obj
 0001:00027058       ?FrameUnwindToState@__FrameHandler3@@SAXPEA_KPEAU_xDISPATCHER_CONTEXT@@PEBU_s_FuncInfo@@H@Z 0000000140028058 f   libvcruntime:frame.obj
 0001:000271e4       ?GetHandlerSearchState@__FrameHandler3@@SAHPEA_KPEAU_xDISPATCHER_CONTEXT@@PEBU_s_FuncInfo@@@Z 00000001400281e4 f i libvcruntime:frame.obj
 0001:000273f4       ?_CallMemberFunction1@@YAXQEAX00@Z 00000001400283f4 f i libvcruntime:frame.obj
 0001:00027400       ?_CallMemberFunction2@@YAXQEAX00H@Z 0000000140028400 f i libvcruntime:frame.obj
 0001:00027410       ?what@exception@std@@UEBAPEBDXZ 0000000140028410 f i libvcruntime:frame.obj
 0001:00027440       _CallSettingFrame          0000000140028440 f   libvcruntime:handlers.obj
 0001:00027490       _CallSettingFrame_LookupContinuationIndex 0000000140028490 f   libvcruntime:handlers.obj
 0001:000274c0       _CallSettingFrame_NotifyContinuationAddr 00000001400284c0 f   libvcruntime:handlers.obj
 0001:000274f0       _CallSettingFrameEncoded   00000001400284f0 f   libvcruntime:handlers.obj
 0001:00027538       __std_exception_copy       0000000140028538 f   libvcruntime:std_exception.obj
 0001:000275c8       __std_exception_destroy    00000001400285c8 f   libvcruntime:std_exception.obj
 0001:000275f0       _CxxThrowException         00000001400285f0 f   libvcruntime:throw.obj
 0001:00027690       _local_unwind              0000000140028690 f   libvcruntime:jmpuwind.obj
 0001:000276bc       free                       00000001400286bc f   libucrt:free.obj
 0001:000276d0       malloc                     00000001400286d0 f   libucrt:malloc.obj
 0001:000276d8       realloc                    00000001400286d8 f   libucrt:realloc.obj
 0001:000276e0       ldexp                      00000001400286e0 f   libucrt:ldexp.obj
 0001:00027850       ??$is_overflow_condition@_K@__crt_strtox@@YA_NI_K@Z 0000000140028850 f i libucrt:strtox.obj
 0001:00027880       ??$parse_integer@KV?$c_string_character_source@D@__crt_strtox@@$00@__crt_strtox@@YAKAEAV__crt_cached_ptd_host@@V?$c_string_character_source@D@0@H_N@Z 0000000140028880 f i libucrt:strtox.obj
 0001:00027b60       ??$parse_integer@_KV?$c_string_character_source@D@__crt_strtox@@$00@__crt_strtox@@YA_KAEAV__crt_cached_ptd_host@@V?$c_string_character_source@D@0@H_N@Z 0000000140028b60 f i libucrt:strtox.obj
 0001:00027e40       ?get_raw_ptd@__crt_cached_ptd_host@@QEAAPEAU__acrt_ptd@@XZ 0000000140028e40 f i libucrt:strtox.obj
 0001:00027eb0       ?update_locale_slow@__crt_cached_ptd_host@@AEAAXXZ 0000000140028eb0 f i libucrt:strtox.obj
 0001:00027f28       _ischartype_l              0000000140028f28 f i libucrt:strtox.obj
 0001:00027fa0       strtol                     0000000140028fa0 f   libucrt:strtox.obj
 0001:00028054       strtoull                   0000000140029054 f   libucrt:strtox.obj
 0001:00028108       ??0__crt_stdio_stream@@QEAA@QEAU_iobuf@@@Z 0000000140029108 f i libucrt:_file.obj
 0001:00028110       __acrt_initialize_stdio    0000000140029110 f   libucrt:_file.obj
 0001:00028230       __acrt_iob_func            0000000140029230 f   libucrt:_file.obj
 0001:00028244       __acrt_uninitialize_stdio  0000000140029244 f   libucrt:_file.obj
 0001:000282a0       _lock_file                 00000001400292a0 f   libucrt:_file.obj
 0001:000282ac       _unlock_file               00000001400292ac f   libucrt:_file.obj
 0001:00028374       fopen_s                    0000000140029374 f   libucrt:fopen.obj
 0001:000284ec       fclose                     00000001400294ec f   libucrt:fclose.obj
 0001:00028584       feof                       0000000140029584 f   libucrt:feoferr.obj
 0001:000285b0       ferror                     00000001400295b0 f   libucrt:feoferr.obj
 0001:000287f8       __acrt_stdio_flush_nolock  00000001400297f8 f   libucrt:fflush.obj
 0001:00028884       _fflush_nolock             0000000140029884 f   libucrt:fflush.obj
 0001:00028958       _flushall                  0000000140029958 f   libucrt:fflush.obj
 0001:00028960       fflush                     0000000140029960 f   libucrt:fflush.obj
 0001:000289c8       _fgetc_nolock              00000001400299c8 f   libucrt:fgetc.obj
 0001:00028a0c       fgetc                      0000000140029a0c f   libucrt:fgetc.obj
 0001:00028b1c       ?has_any_buffer@__crt_stdio_stream@@QEBA_NXZ 0000000140029b1c f i libucrt:fread.obj
 0001:00028b2c       _fread_nolock_s            0000000140029b2c f   libucrt:fread.obj
 0001:00028d8c       fread                      0000000140029d8c f   libucrt:fread.obj
 0001:00028dac       fread_s                    0000000140029dac f   libucrt:fread.obj
 0001:000290a4       fseek                      000000014002a0a4 f   libucrt:fseek.obj
 0001:00029650       _ftelli64_nolock_internal  000000014002a650 f   libucrt:ftell.obj
 0001:00029658       ftell                      000000014002a658 f   libucrt:ftell.obj
 0001:000296f0       _ungetc_nolock             000000014002a6f0 f   libucrt:ungetc.obj
 0001:00029810       ungetc                     000000014002a810 f   libucrt:ungetc.obj
 0001:00029a98       ??$ensure_buffer_is_big_enough@D@formatting_buffer@__crt_stdio_output@@QEAA_N_KAEAV__crt_cached_ptd_host@@@Z 000000014002aa98 f i libucrt:output.obj
 0001:00029b40       ??$ensure_buffer_is_big_enough@_W@formatting_buffer@__crt_stdio_output@@QEAA_N_KAEAV__crt_cached_ptd_host@@@Z 000000014002ab40 f i libucrt:output.obj
 0001:00029bec       ??$is_wide_character_specifier@_W@__crt_stdio_output@@YA_N_K_WW4length_modifier@0@@Z 000000014002abec f i libucrt:output.obj
 0001:00029c2c       ??$parse_integer@KV?$c_string_character_source@D@__crt_strtox@@$0A@@__crt_strtox@@YAKAEAV__crt_cached_ptd_host@@V?$c_string_character_source@D@0@H_N@Z 000000014002ac2c f i libucrt:output.obj
 0001:00029edc       ??$parse_integer@KV?$c_string_character_source@_W@__crt_strtox@@$0A@@__crt_strtox@@YAKAEAV__crt_cached_ptd_host@@V?$c_string_character_source@_W@0@H_N@Z 000000014002aedc f i libucrt:output.obj
 0001:0002a634       ??$type_case_integer@$07@?$output_processor@DV?$stream_output_adapter@D@__crt_stdio_output@@V?$standard_base@DV?$stream_output_adapter@D@__crt_stdio_output@@@2@@__crt_stdio_output@@AEAA_N_N@Z 000000014002b634 f i libucrt:output.obj
 0001:0002a634       ??$type_case_integer@$07@?$output_processor@DV?$string_output_adapter@D@__crt_stdio_output@@V?$format_validation_base@DV?$string_output_adapter@D@__crt_stdio_output@@@2@@__crt_stdio_output@@AEAA_N_N@Z 000000014002b634 f i libucrt:output.obj
 0001:0002a634       ??$type_case_integer@$07@?$output_processor@DV?$string_output_adapter@D@__crt_stdio_output@@V?$standard_base@DV?$string_output_adapter@D@__crt_stdio_output@@@2@@__crt_stdio_output@@AEAA_N_N@Z 000000014002b634 f i libucrt:output.obj
 0001:0002a81c       ??$type_case_integer@$07@?$output_processor@_WV?$stream_output_adapter@_W@__crt_stdio_output@@V?$standard_base@_WV?$stream_output_adapter@_W@__crt_stdio_output@@@2@@__crt_stdio_output@@AEAA_N_N@Z 000000014002b81c f i libucrt:output.obj
 0001:0002a81c       ??$type_case_integer@$07@?$output_processor@_WV?$string_output_adapter@_W@__crt_stdio_output@@V?$standard_base@_WV?$string_output_adapter@_W@__crt_stdio_output@@@2@@__crt_stdio_output@@AEAA_N_N@Z 000000014002b81c f i libucrt:output.obj
 0001:0002aa08       ??$type_case_integer@$09@?$output_processor@DV?$stream_output_adapter@D@__crt_stdio_output@@V?$standard_base@DV?$stream_output_adapter@D@__crt_stdio_output@@@2@@__crt_stdio_output@@AEAA_N_N@Z 000000014002ba08 f i libucrt:output.obj
 0001:0002aa08       ??$type_case_integer@$09@?$output_processor@DV?$string_output_adapter@D@__crt_stdio_output@@V?$format_validation_base@DV?$string_output_adapter@D@__crt_stdio_output@@@2@@__crt_stdio_output@@AEAA_N_N@Z 000000014002ba08 f i libucrt:output.obj
 0001:0002aa08       ??$type_case_integer@$09@?$output_processor@DV?$string_output_adapter@D@__crt_stdio_output@@V?$standard_base@DV?$string_output_adapter@D@__crt_stdio_output@@@2@@__crt_stdio_output@@AEAA_N_N@Z 000000014002ba08 f i libucrt:output.obj
 0001:0002abf0       ??$type_case_integer@$09@?$output_processor@_WV?$stream_output_adapter@_W@__crt_stdio_output@@V?$standard_base@_WV?$stream_output_adapter@_W@__crt_stdio_output@@@2@@__crt_stdio_output@@AEAA_N_N@Z 000000014002bbf0 f i libucrt:output.obj
 0001:0002abf0       ??$type_case_integer@$09@?$output_processor@_WV?$string_output_adapter@_W@__crt_stdio_output@@V?$standard_base@_WV?$string_output_adapter@_W@__crt_stdio_output@@@2@@__crt_stdio_output@@AEAA_N_N@Z 000000014002bbf0 f i libucrt:output.obj
 0001:0002addc       ??$type_case_integer@$0BA@@?$output_processor@DV?$stream_output_adapter@D@__crt_stdio_output@@V?$standard_base@DV?$stream_output_adapter@D@__crt_stdio_output@@@2@@__crt_stdio_output@@AEAA_N_N@Z 000000014002bddc f i libucrt:output.obj
 0001:0002addc       ??$type_case_integer@$0BA@@?$output_processor@DV?$string_output_adapter@D@__crt_stdio_output@@V?$format_validation_base@DV?$string_output_adapter@D@__crt_stdio_output@@@2@@__crt_stdio_output@@AEAA_N_N@Z 000000014002bddc f i libucrt:output.obj
 0001:0002addc       ??$type_case_integer@$0BA@@?$output_processor@DV?$string_output_adapter@D@__crt_stdio_output@@V?$standard_base@DV?$string_output_adapter@D@__crt_stdio_output@@@2@@__crt_stdio_output@@AEAA_N_N@Z 000000014002bddc f i libucrt:output.obj
 0001:0002afc4       ??$type_case_integer@$0BA@@?$output_processor@_WV?$stream_output_adapter@_W@__crt_stdio_output@@V?$standard_base@_WV?$stream_output_adapter@_W@__crt_stdio_output@@@2@@__crt_stdio_output@@AEAA_N_N@Z 000000014002bfc4 f i libucrt:output.obj
 0001:0002afc4       ??$type_case_integer@$0BA@@?$output_processor@_WV?$string_output_adapter@_W@__crt_stdio_output@@V?$standard_base@_WV?$string_output_adapter@_W@__crt_stdio_output@@@2@@__crt_stdio_output@@AEAA_N_N@Z 000000014002bfc4 f i libucrt:output.obj
 0001:0002b1b0       ??$type_case_integer_parse_into_buffer@I$07@?$output_processor@DV?$stream_output_adapter@D@__crt_stdio_output@@V?$standard_base@DV?$stream_output_adapter@D@__crt_stdio_output@@@2@@__crt_stdio_output@@AEAAXI_N@Z 000000014002c1b0 f i libucrt:output.obj
 0001:0002b1b0       ??$type_case_integer_parse_into_buffer@I$07@?$output_processor@DV?$string_output_adapter@D@__crt_stdio_output@@V?$format_validation_base@DV?$string_output_adapter@D@__crt_stdio_output@@@2@@__crt_stdio_output@@AEAAXI_N@Z 000000014002c1b0 f i libucrt:output.obj
 0001:0002b1b0       ??$type_case_integer_parse_into_buffer@I$07@?$output_processor@DV?$string_output_adapter@D@__crt_stdio_output@@V?$standard_base@DV?$string_output_adapter@D@__crt_stdio_output@@@2@@__crt_stdio_output@@AEAAXI_N@Z 000000014002c1b0 f i libucrt:output.obj
 0001:0002b22c       ??$type_case_integer_parse_into_buffer@I$07@?$output_processor@_WV?$stream_output_adapter@_W@__crt_stdio_output@@V?$standard_base@_WV?$stream_output_adapter@_W@__crt_stdio_output@@@2@@__crt_stdio_output@@AEAAXI_N@Z 000000014002c22c f i libucrt:output.obj
 0001:0002b22c       ??$type_case_integer_parse_into_buffer@I$07@?$output_processor@_WV?$string_output_adapter@_W@__crt_stdio_output@@V?$standard_base@_WV?$string_output_adapter@_W@__crt_stdio_output@@@2@@__crt_stdio_output@@AEAAXI_N@Z 000000014002c22c f i libucrt:output.obj
 0001:0002b2b4       ??$type_case_integer_parse_into_buffer@I$09@?$output_processor@DV?$stream_output_adapter@D@__crt_stdio_output@@V?$standard_base@DV?$stream_output_adapter@D@__crt_stdio_output@@@2@@__crt_stdio_output@@AEAAXI_N@Z 000000014002c2b4 f i libucrt:output.obj
 0001:0002b2b4       ??$type_case_integer_parse_into_buffer@I$09@?$output_processor@DV?$string_output_adapter@D@__crt_stdio_output@@V?$format_validation_base@DV?$string_output_adapter@D@__crt_stdio_output@@@2@@__crt_stdio_output@@AEAAXI_N@Z 000000014002c2b4 f i libucrt:output.obj
 0001:0002b2b4       ??$type_case_integer_parse_into_buffer@I$09@?$output_processor@DV?$string_output_adapter@D@__crt_stdio_output@@V?$standard_base@DV?$string_output_adapter@D@__crt_stdio_output@@@2@@__crt_stdio_output@@AEAAXI_N@Z 000000014002c2b4 f i libucrt:output.obj
 0001:0002b35c       ??$type_case_integer_parse_into_buffer@I$09@?$output_processor@_WV?$stream_output_adapter@_W@__crt_stdio_output@@V?$standard_base@_WV?$stream_output_adapter@_W@__crt_stdio_output@@@2@@__crt_stdio_output@@AEAAXI_N@Z 000000014002c35c f i libucrt:output.obj
 0001:0002b35c       ??$type_case_integer_parse_into_buffer@I$09@?$output_processor@_WV?$string_output_adapter@_W@__crt_stdio_output@@V?$standard_base@_WV?$string_output_adapter@_W@__crt_stdio_output@@@2@@__crt_stdio_output@@AEAAXI_N@Z 000000014002c35c f i libucrt:output.obj
 0001:0002b414       ??$type_case_integer_parse_into_buffer@I$0BA@@?$output_processor@DV?$stream_output_adapter@D@__crt_stdio_output@@V?$standard_base@DV?$stream_output_adapter@D@__crt_stdio_output@@@2@@__crt_stdio_output@@AEAAXI_N@Z 000000014002c414 f i libucrt:output.obj
 0001:0002b414       ??$type_case_integer_parse_into_buffer@I$0BA@@?$output_processor@DV?$string_output_adapter@D@__crt_stdio_output@@V?$format_validation_base@DV?$string_output_adapter@D@__crt_stdio_output@@@2@@__crt_stdio_output@@AEAAXI_N@Z 000000014002c414 f i libucrt:output.obj
 0001:0002b414       ??$type_case_integer_parse_into_buffer@I$0BA@@?$output_processor@DV?$string_output_adapter@D@__crt_stdio_output@@V?$standard_base@DV?$string_output_adapter@D@__crt_stdio_output@@@2@@__crt_stdio_output@@AEAAXI_N@Z 000000014002c414 f i libucrt:output.obj
 0001:0002b4a0       ??$type_case_integer_parse_into_buffer@I$0BA@@?$output_processor@_WV?$stream_output_adapter@_W@__crt_stdio_output@@V?$standard_base@_WV?$stream_output_adapter@_W@__crt_stdio_output@@@2@@__crt_stdio_output@@AEAAXI_N@Z 000000014002c4a0 f i libucrt:output.obj
 0001:0002b4a0       ??$type_case_integer_parse_into_buffer@I$0BA@@?$output_processor@_WV?$string_output_adapter@_W@__crt_stdio_output@@V?$standard_base@_WV?$string_output_adapter@_W@__crt_stdio_output@@@2@@__crt_stdio_output@@AEAAXI_N@Z 000000014002c4a0 f i libucrt:output.obj
 0001:0002b544       ??$type_case_integer_parse_into_buffer@_K$07@?$output_processor@DV?$stream_output_adapter@D@__crt_stdio_output@@V?$standard_base@DV?$stream_output_adapter@D@__crt_stdio_output@@@2@@__crt_stdio_output@@AEAAX_K_N@Z 000000014002c544 f i libucrt:output.obj
 0001:0002b544       ??$type_case_integer_parse_into_buffer@_K$07@?$output_processor@DV?$string_output_adapter@D@__crt_stdio_output@@V?$format_validation_base@DV?$string_output_adapter@D@__crt_stdio_output@@@2@@__crt_stdio_output@@AEAAX_K_N@Z 000000014002c544 f i libucrt:output.obj
 0001:0002b544       ??$type_case_integer_parse_into_buffer@_K$07@?$output_processor@DV?$string_output_adapter@D@__crt_stdio_output@@V?$standard_base@DV?$string_output_adapter@D@__crt_stdio_output@@@2@@__crt_stdio_output@@AEAAX_K_N@Z 000000014002c544 f i libucrt:output.obj
 0001:0002b5c0       ??$type_case_integer_parse_into_buffer@_K$07@?$output_processor@_WV?$stream_output_adapter@_W@__crt_stdio_output@@V?$standard_base@_WV?$stream_output_adapter@_W@__crt_stdio_output@@@2@@__crt_stdio_output@@AEAAX_K_N@Z 000000014002c5c0 f i libucrt:output.obj
 0001:0002b5c0       ??$type_case_integer_parse_into_buffer@_K$07@?$output_processor@_WV?$string_output_adapter@_W@__crt_stdio_output@@V?$standard_base@_WV?$string_output_adapter@_W@__crt_stdio_output@@@2@@__crt_stdio_output@@AEAAX_K_N@Z 000000014002c5c0 f i libucrt:output.obj
 0001:0002b648       ??$type_case_integer_parse_into_buffer@_K$09@?$output_processor@DV?$stream_output_adapter@D@__crt_stdio_output@@V?$standard_base@DV?$stream_output_adapter@D@__crt_stdio_output@@@2@@__crt_stdio_output@@AEAAX_K_N@Z 000000014002c648 f i libucrt:output.obj
 0001:0002b648       ??$type_case_integer_parse_into_buffer@_K$09@?$output_processor@DV?$string_output_adapter@D@__crt_stdio_output@@V?$format_validation_base@DV?$string_output_adapter@D@__crt_stdio_output@@@2@@__crt_stdio_output@@AEAAX_K_N@Z 000000014002c648 f i libucrt:output.obj
 0001:0002b648       ??$type_case_integer_parse_into_buffer@_K$09@?$output_processor@DV?$string_output_adapter@D@__crt_stdio_output@@V?$standard_base@DV?$string_output_adapter@D@__crt_stdio_output@@@2@@__crt_stdio_output@@AEAAX_K_N@Z 000000014002c648 f i libucrt:output.obj
 0001:0002b6f4       ??$type_case_integer_parse_into_buffer@_K$09@?$output_processor@_WV?$stream_output_adapter@_W@__crt_stdio_output@@V?$standard_base@_WV?$stream_output_adapter@_W@__crt_stdio_output@@@2@@__crt_stdio_output@@AEAAX_K_N@Z 000000014002c6f4 f i libucrt:output.obj
 0001:0002b6f4       ??$type_case_integer_parse_into_buffer@_K$09@?$output_processor@_WV?$string_output_adapter@_W@__crt_stdio_output@@V?$standard_base@_WV?$string_output_adapter@_W@__crt_stdio_output@@@2@@__crt_stdio_output@@AEAAX_K_N@Z 000000014002c6f4 f i libucrt:output.obj
 0001:0002b7b4       ??$type_case_integer_parse_into_buffer@_K$0BA@@?$output_processor@DV?$stream_output_adapter@D@__crt_stdio_output@@V?$standard_base@DV?$stream_output_adapter@D@__crt_stdio_output@@@2@@__crt_stdio_output@@AEAAX_K_N@Z 000000014002c7b4 f i libucrt:output.obj
 0001:0002b7b4       ??$type_case_integer_parse_into_buffer@_K$0BA@@?$output_processor@DV?$string_output_adapter@D@__crt_stdio_output@@V?$format_validation_base@DV?$string_output_adapter@D@__crt_stdio_output@@@2@@__crt_stdio_output@@AEAAX_K_N@Z 000000014002c7b4 f i libucrt:output.obj
 0001:0002b7b4       ??$type_case_integer_parse_into_buffer@_K$0BA@@?$output_processor@DV?$string_output_adapter@D@__crt_stdio_output@@V?$standard_base@DV?$string_output_adapter@D@__crt_stdio_output@@@2@@__crt_stdio_output@@AEAAX_K_N@Z 000000014002c7b4 f i libucrt:output.obj
 0001:0002b840       ??$type_case_integer_parse_into_buffer@_K$0BA@@?$output_processor@_WV?$stream_output_adapter@_W@__crt_stdio_output@@V?$standard_base@_WV?$stream_output_adapter@_W@__crt_stdio_output@@@2@@__crt_stdio_output@@AEAAX_K_N@Z 000000014002c840 f i libucrt:output.obj
 0001:0002b840       ??$type_case_integer_parse_into_buffer@_K$0BA@@?$output_processor@_WV?$string_output_adapter@_W@__crt_stdio_output@@V?$standard_base@_WV?$string_output_adapter@_W@__crt_stdio_output@@@2@@__crt_stdio_output@@AEAAX_K_N@Z 000000014002c840 f i libucrt:output.obj
 0001:0002bb1c       ?crop_zeroes@__crt_stdio_output@@YAXPEADQEAU__crt_locale_pointers@@@Z 000000014002cb1c f i libucrt:output.obj
 0001:0002bb88       ?parse_int_from_format_string@?$output_processor@DV?$stream_output_adapter@D@__crt_stdio_output@@V?$standard_base@DV?$stream_output_adapter@D@__crt_stdio_output@@@2@@__crt_stdio_output@@AEAA_NQEAH@Z 000000014002cb88 f i libucrt:output.obj
 0001:0002bb88       ?parse_int_from_format_string@?$output_processor@DV?$string_output_adapter@D@__crt_stdio_output@@V?$format_validation_base@DV?$string_output_adapter@D@__crt_stdio_output@@@2@@__crt_stdio_output@@AEAA_NQEAH@Z 000000014002cb88 f i libucrt:output.obj
 0001:0002bb88       ?parse_int_from_format_string@?$output_processor@DV?$string_output_adapter@D@__crt_stdio_output@@V?$standard_base@DV?$string_output_adapter@D@__crt_stdio_output@@@2@@__crt_stdio_output@@AEAA_NQEAH@Z 000000014002cb88 f i libucrt:output.obj
 0001:0002bc18       ?parse_int_from_format_string@?$output_processor@_WV?$stream_output_adapter@_W@__crt_stdio_output@@V?$standard_base@_WV?$stream_output_adapter@_W@__crt_stdio_output@@@2@@__crt_stdio_output@@AEAA_NQEAH@Z 000000014002cc18 f i libucrt:output.obj
 0001:0002bc18       ?parse_int_from_format_string@?$output_processor@_WV?$string_output_adapter@_W@__crt_stdio_output@@V?$standard_base@_WV?$string_output_adapter@_W@__crt_stdio_output@@@2@@__crt_stdio_output@@AEAA_NQEAH@Z 000000014002cc18 f i libucrt:output.obj
 0001:0002bca8       ?process@?$output_processor@DV?$stream_output_adapter@D@__crt_stdio_output@@V?$standard_base@DV?$stream_output_adapter@D@__crt_stdio_output@@@2@@__crt_stdio_output@@QEAAHXZ 000000014002cca8 f i libucrt:output.obj
 0001:0002c034       ?process@?$output_processor@DV?$string_output_adapter@D@__crt_stdio_output@@V?$format_validation_base@DV?$string_output_adapter@D@__crt_stdio_output@@@2@@__crt_stdio_output@@QEAAHXZ 000000014002d034 f i libucrt:output.obj
 0001:0002c3c4       ?process@?$output_processor@DV?$string_output_adapter@D@__crt_stdio_output@@V?$standard_base@DV?$string_output_adapter@D@__crt_stdio_output@@@2@@__crt_stdio_output@@QEAAHXZ 000000014002d3c4 f i libucrt:output.obj
 0001:0002c748       ?process@?$output_processor@_WV?$stream_output_adapter@_W@__crt_stdio_output@@V?$standard_base@_WV?$stream_output_adapter@_W@__crt_stdio_output@@@2@@__crt_stdio_output@@QEAAHXZ 000000014002d748 f i libucrt:output.obj
 0001:0002ca04       ?process@?$output_processor@_WV?$string_output_adapter@_W@__crt_stdio_output@@V?$standard_base@_WV?$string_output_adapter@_W@__crt_stdio_output@@@2@@__crt_stdio_output@@QEAAHXZ 000000014002da04 f i libucrt:output.obj
 0001:0002ccc8       ?state_case_size@?$output_processor@DV?$stream_output_adapter@D@__crt_stdio_output@@V?$standard_base@DV?$stream_output_adapter@D@__crt_stdio_output@@@2@@__crt_stdio_output@@AEAA_NXZ 000000014002dcc8 f i libucrt:output.obj
 0001:0002ce4c       ?state_case_size@?$output_processor@DV?$string_output_adapter@D@__crt_stdio_output@@V?$format_validation_base@DV?$string_output_adapter@D@__crt_stdio_output@@@2@@__crt_stdio_output@@AEAA_NXZ 000000014002de4c f i libucrt:output.obj
 0001:0002ce4c       ?state_case_size@?$output_processor@DV?$string_output_adapter@D@__crt_stdio_output@@V?$standard_base@DV?$string_output_adapter@D@__crt_stdio_output@@@2@@__crt_stdio_output@@AEAA_NXZ 000000014002de4c f i libucrt:output.obj
 0001:0002cfd0       ?state_case_size@?$output_processor@_WV?$stream_output_adapter@_W@__crt_stdio_output@@V?$standard_base@_WV?$stream_output_adapter@_W@__crt_stdio_output@@@2@@__crt_stdio_output@@AEAA_NXZ 000000014002dfd0 f i libucrt:output.obj
 0001:0002d17c       ?state_case_size@?$output_processor@_WV?$string_output_adapter@_W@__crt_stdio_output@@V?$standard_base@_WV?$string_output_adapter@_W@__crt_stdio_output@@@2@@__crt_stdio_output@@AEAA_NXZ 000000014002e17c f i libucrt:output.obj
 0001:0002d328       ?state_case_type@?$output_processor@DV?$stream_output_adapter@D@__crt_stdio_output@@V?$standard_base@DV?$stream_output_adapter@D@__crt_stdio_output@@@2@@__crt_stdio_output@@AEAA_NXZ 000000014002e328 f i libucrt:output.obj
 0001:0002d75c       ?state_case_type@?$output_processor@DV?$string_output_adapter@D@__crt_stdio_output@@V?$format_validation_base@DV?$string_output_adapter@D@__crt_stdio_output@@@2@@__crt_stdio_output@@AEAA_NXZ 000000014002e75c f i libucrt:output.obj
 0001:0002d75c       ?state_case_type@?$output_processor@DV?$string_output_adapter@D@__crt_stdio_output@@V?$standard_base@DV?$string_output_adapter@D@__crt_stdio_output@@@2@@__crt_stdio_output@@AEAA_NXZ 000000014002e75c f i libucrt:output.obj
 0001:0002db28       ?state_case_type@?$output_processor@_WV?$stream_output_adapter@_W@__crt_stdio_output@@V?$standard_base@_WV?$stream_output_adapter@_W@__crt_stdio_output@@@2@@__crt_stdio_output@@AEAA_NXZ 000000014002eb28 f i libucrt:output.obj
 0001:0002dff8       ?state_case_type@?$output_processor@_WV?$string_output_adapter@_W@__crt_stdio_output@@V?$standard_base@_WV?$string_output_adapter@_W@__crt_stdio_output@@@2@@__crt_stdio_output@@AEAA_NXZ 000000014002eff8 f i libucrt:output.obj
 0001:0002e454       ?type_case_Z@?$output_processor@DV?$stream_output_adapter@D@__crt_stdio_output@@V?$standard_base@DV?$stream_output_adapter@D@__crt_stdio_output@@@2@@__crt_stdio_output@@AEAA_NXZ 000000014002f454 f i libucrt:output.obj
 0001:0002e454       ?type_case_Z@?$output_processor@DV?$string_output_adapter@D@__crt_stdio_output@@V?$format_validation_base@DV?$string_output_adapter@D@__crt_stdio_output@@@2@@__crt_stdio_output@@AEAA_NXZ 000000014002f454 f i libucrt:output.obj
 0001:0002e454       ?type_case_Z@?$output_processor@DV?$string_output_adapter@D@__crt_stdio_output@@V?$standard_base@DV?$string_output_adapter@D@__crt_stdio_output@@@2@@__crt_stdio_output@@AEAA_NXZ 000000014002f454 f i libucrt:output.obj
 0001:0002e4cc       ?type_case_Z@?$output_processor@_WV?$stream_output_adapter@_W@__crt_stdio_output@@V?$standard_base@_WV?$stream_output_adapter@_W@__crt_stdio_output@@@2@@__crt_stdio_output@@AEAA_NXZ 000000014002f4cc f i libucrt:output.obj
 0001:0002e4cc       ?type_case_Z@?$output_processor@_WV?$string_output_adapter@_W@__crt_stdio_output@@V?$standard_base@_WV?$string_output_adapter@_W@__crt_stdio_output@@@2@@__crt_stdio_output@@AEAA_NXZ 000000014002f4cc f i libucrt:output.obj
 0001:0002e548       ?type_case_a@?$output_processor@DV?$stream_output_adapter@D@__crt_stdio_output@@V?$standard_base@DV?$stream_output_adapter@D@__crt_stdio_output@@@2@@__crt_stdio_output@@AEAA_NXZ 000000014002f548 f i libucrt:output.obj
 0001:0002e548       ?type_case_a@?$output_processor@DV?$string_output_adapter@D@__crt_stdio_output@@V?$format_validation_base@DV?$string_output_adapter@D@__crt_stdio_output@@@2@@__crt_stdio_output@@AEAA_NXZ 000000014002f548 f i libucrt:output.obj
 0001:0002e548       ?type_case_a@?$output_processor@DV?$string_output_adapter@D@__crt_stdio_output@@V?$standard_base@DV?$string_output_adapter@D@__crt_stdio_output@@@2@@__crt_stdio_output@@AEAA_NXZ 000000014002f548 f i libucrt:output.obj
 0001:0002e794       ?type_case_a@?$output_processor@_WV?$stream_output_adapter@_W@__crt_stdio_output@@V?$standard_base@_WV?$stream_output_adapter@_W@__crt_stdio_output@@@2@@__crt_stdio_output@@AEAA_NXZ 000000014002f794 f i libucrt:output.obj
 0001:0002e794       ?type_case_a@?$output_processor@_WV?$string_output_adapter@_W@__crt_stdio_output@@V?$standard_base@_WV?$string_output_adapter@_W@__crt_stdio_output@@@2@@__crt_stdio_output@@AEAA_NXZ 000000014002f794 f i libucrt:output.obj
 0001:0002e9f4       ?type_case_c_tchar@?$output_processor@DV?$stream_output_adapter@D@__crt_stdio_output@@V?$standard_base@DV?$stream_output_adapter@D@__crt_stdio_output@@@2@@__crt_stdio_output@@AEAA_ND@Z 000000014002f9f4 f i libucrt:output.obj
 0001:0002e9f4       ?type_case_c_tchar@?$output_processor@DV?$string_output_adapter@D@__crt_stdio_output@@V?$format_validation_base@DV?$string_output_adapter@D@__crt_stdio_output@@@2@@__crt_stdio_output@@AEAA_ND@Z 000000014002f9f4 f i libucrt:output.obj
 0001:0002e9f4       ?type_case_c_tchar@?$output_processor@DV?$string_output_adapter@D@__crt_stdio_output@@V?$standard_base@DV?$string_output_adapter@D@__crt_stdio_output@@@2@@__crt_stdio_output@@AEAA_ND@Z 000000014002f9f4 f i libucrt:output.obj
 0001:0002eab8       ?type_case_c_tchar@?$output_processor@_WV?$stream_output_adapter@_W@__crt_stdio_output@@V?$standard_base@_WV?$stream_output_adapter@_W@__crt_stdio_output@@@2@@__crt_stdio_output@@AEAA_N_W@Z 000000014002fab8 f i libucrt:output.obj
 0001:0002eab8       ?type_case_c_tchar@?$output_processor@_WV?$string_output_adapter@_W@__crt_stdio_output@@V?$standard_base@_WV?$string_output_adapter@_W@__crt_stdio_output@@@2@@__crt_stdio_output@@AEAA_N_W@Z 000000014002fab8 f i libucrt:output.obj
 0001:0002eb7c       ?type_case_n@?$output_processor@DV?$stream_output_adapter@D@__crt_stdio_output@@V?$standard_base@DV?$stream_output_adapter@D@__crt_stdio_output@@@2@@__crt_stdio_output@@AEAA_NXZ 000000014002fb7c f i libucrt:output.obj
 0001:0002eb7c       ?type_case_n@?$output_processor@DV?$string_output_adapter@D@__crt_stdio_output@@V?$format_validation_base@DV?$string_output_adapter@D@__crt_stdio_output@@@2@@__crt_stdio_output@@AEAA_NXZ 000000014002fb7c f i libucrt:output.obj
 0001:0002eb7c       ?type_case_n@?$output_processor@DV?$string_output_adapter@D@__crt_stdio_output@@V?$standard_base@DV?$string_output_adapter@D@__crt_stdio_output@@@2@@__crt_stdio_output@@AEAA_NXZ 000000014002fb7c f i libucrt:output.obj
 0001:0002eb7c       ?type_case_n@?$output_processor@_WV?$stream_output_adapter@_W@__crt_stdio_output@@V?$standard_base@_WV?$stream_output_adapter@_W@__crt_stdio_output@@@2@@__crt_stdio_output@@AEAA_NXZ 000000014002fb7c f i libucrt:output.obj
 0001:0002eb7c       ?type_case_n@?$output_processor@_WV?$string_output_adapter@_W@__crt_stdio_output@@V?$standard_base@_WV?$string_output_adapter@_W@__crt_stdio_output@@@2@@__crt_stdio_output@@AEAA_NXZ 000000014002fb7c f i libucrt:output.obj
 0001:0002ec30       ?type_case_s@?$output_processor@DV?$stream_output_adapter@D@__crt_stdio_output@@V?$standard_base@DV?$stream_output_adapter@D@__crt_stdio_output@@@2@@__crt_stdio_output@@AEAA_NXZ 000000014002fc30 f i libucrt:output.obj
 0001:0002ec30       ?type_case_s@?$output_processor@DV?$string_output_adapter@D@__crt_stdio_output@@V?$format_validation_base@DV?$string_output_adapter@D@__crt_stdio_output@@@2@@__crt_stdio_output@@AEAA_NXZ 000000014002fc30 f i libucrt:output.obj
 0001:0002ec30       ?type_case_s@?$output_processor@DV?$string_output_adapter@D@__crt_stdio_output@@V?$standard_base@DV?$string_output_adapter@D@__crt_stdio_output@@@2@@__crt_stdio_output@@AEAA_NXZ 000000014002fc30 f i libucrt:output.obj
 0001:0002ecc8       ?type_case_s@?$output_processor@_WV?$stream_output_adapter@_W@__crt_stdio_output@@V?$standard_base@_WV?$stream_output_adapter@_W@__crt_stdio_output@@@2@@__crt_stdio_output@@AEAA_NXZ 000000014002fcc8 f i libucrt:output.obj
 0001:0002ecc8       ?type_case_s@?$output_processor@_WV?$string_output_adapter@_W@__crt_stdio_output@@V?$standard_base@_WV?$string_output_adapter@_W@__crt_stdio_output@@@2@@__crt_stdio_output@@AEAA_NXZ 000000014002fcc8 f i libucrt:output.obj
 0001:0002ed60       ?type_case_s_compute_narrow_string_length@?$output_processor@_WV?$stream_output_adapter@_W@__crt_stdio_output@@V?$standard_base@_WV?$stream_output_adapter@_W@__crt_stdio_output@@@2@@__crt_stdio_output@@AEAAHH_W@Z 000000014002fd60 f i libucrt:output.obj
 0001:0002ed60       ?type_case_s_compute_narrow_string_length@?$output_processor@_WV?$string_output_adapter@_W@__crt_stdio_output@@V?$standard_base@_WV?$string_output_adapter@_W@__crt_stdio_output@@@2@@__crt_stdio_output@@AEAAHH_W@Z 000000014002fd60 f i libucrt:output.obj
 0001:0002edd8       ?validate_stream_is_ansi_if_required@?$__acrt_stdio_char_traits@D@@SA_NQEAU_iobuf@@@Z 000000014002fdd8 f i libucrt:output.obj
 0001:0002ee74       ?write_string@?$string_output_adapter@D@__crt_stdio_output@@QEBAXQEBDHQEAHAEAV__crt_cached_ptd_host@@@Z 000000014002fe74 f i libucrt:output.obj
 0001:0002ef18       ?write_string@?$string_output_adapter@_W@__crt_stdio_output@@QEBAXQEB_WHQEAHAEAV__crt_cached_ptd_host@@@Z 000000014002ff18 f i libucrt:output.obj
 0001:0002efc0       ?write_string_impl@?$output_adapter_common@DV?$stream_output_adapter@D@__crt_stdio_output@@@__crt_stdio_output@@IEBAXQEBDHQEAHAEAV__crt_cached_ptd_host@@@Z 000000014002ffc0 f i libucrt:output.obj
 0001:0002f08c       ?write_string_impl@?$output_adapter_common@_WV?$stream_output_adapter@_W@__crt_stdio_output@@@__crt_stdio_output@@IEBAXQEB_WHQEAHAEAV__crt_cached_ptd_host@@@Z 000000014003008c f i libucrt:output.obj
 0001:0002f168       __stdio_common_vfprintf    0000000140030168 f   libucrt:output.obj
 0001:0002f28c       __stdio_common_vfwprintf   000000014003028c f   libucrt:output.obj
 0001:0002f3b0       __stdio_common_vsnprintf_s 00000001400303b0 f   libucrt:output.obj
 0001:0002f588       __stdio_common_vsprintf    0000000140030588 f   libucrt:output.obj
 0001:0002f7dc       __stdio_common_vswprintf   00000001400307dc f   libucrt:output.obj
 0001:0002fa38       ??$parse_floating_point@V?$input_adapter_character_source@V?$string_input_adapter@D@__crt_stdio_input@@@__crt_strtox@@M@__crt_strtox@@YA?AW4SLD_STATUS@@QEAU__crt_locale_pointers@@V?$input_adapter_character_source@V?$string_input_adapter@D@__crt_stdio_input@@@0@QEAM@Z 0000000140030a38 f i libucrt:input.obj
 0001:0002fae0       ??$parse_floating_point@V?$input_adapter_character_source@V?$string_input_adapter@D@__crt_stdio_input@@@__crt_strtox@@N@__crt_strtox@@YA?AW4SLD_STATUS@@QEAU__crt_locale_pointers@@V?$input_adapter_character_source@V?$string_input_adapter@D@__crt_stdio_input@@@0@QEAN@Z 0000000140030ae0 f i libucrt:input.obj
 0001:0002fb88       ??$parse_floating_point_from_source@V?$input_adapter_character_source@V?$string_input_adapter@D@__crt_stdio_input@@@__crt_strtox@@@__crt_strtox@@YA?AW4floating_point_parse_result@0@QEAU__crt_locale_pointers@@AEAV?$input_adapter_character_source@V?$string_input_adapter@D@__crt_stdio_input@@@0@AEAUfloating_point_string@0@@Z 0000000140030b88 f i libucrt:input.obj
 0001:0003036c       ??$parse_floating_point_possible_infinity@DV?$input_adapter_character_source@V?$string_input_adapter@D@__crt_stdio_input@@@__crt_strtox@@_K@__crt_strtox@@YA?AW4floating_point_parse_result@0@AEADAEAV?$input_adapter_character_source@V?$string_input_adapter@D@__crt_stdio_input@@@0@_K@Z 000000014003136c f i libucrt:input.obj
 0001:00030534       ??$parse_floating_point_possible_nan@DV?$input_adapter_character_source@V?$string_input_adapter@D@__crt_stdio_input@@@__crt_strtox@@_K@__crt_strtox@@YA?AW4floating_point_parse_result@0@AEADAEAV?$input_adapter_character_source@V?$string_input_adapter@D@__crt_stdio_input@@@0@_K@Z 0000000140031534 f i libucrt:input.obj
 0001:000307a8       ??$parse_floating_point_possible_nan_is_ind@DV?$input_adapter_character_source@V?$string_input_adapter@D@__crt_stdio_input@@@__crt_strtox@@@__crt_strtox@@YA_NAEADAEAV?$input_adapter_character_source@V?$string_input_adapter@D@__crt_stdio_input@@@0@@Z 00000001400317a8 f i libucrt:input.obj
 0001:00030820       ??$parse_floating_point_possible_nan_is_snan@DV?$input_adapter_character_source@V?$string_input_adapter@D@__crt_stdio_input@@@__crt_strtox@@@__crt_strtox@@YA_NAEADAEAV?$input_adapter_character_source@V?$string_input_adapter@D@__crt_stdio_input@@@0@@Z 0000000140031820 f i libucrt:input.obj
 0001:00030898       ??$parse_floating_point_write_result@M@__crt_strtox@@YA?AW4SLD_STATUS@@W4floating_point_parse_result@0@AEBUfloating_point_string@0@QEAM@Z 0000000140031898 f i libucrt:input.obj
 0001:00030a08       ??$parse_floating_point_write_result@N@__crt_strtox@@YA?AW4SLD_STATUS@@W4floating_point_parse_result@0@AEBUfloating_point_string@0@QEAN@Z 0000000140031a08 f i libucrt:input.obj
 0001:00030be8       ??$parse_integer@_KV?$input_adapter_character_source@V?$string_input_adapter@D@__crt_stdio_input@@@__crt_strtox@@$00@__crt_strtox@@YA_KAEAV__crt_cached_ptd_host@@V?$input_adapter_character_source@V?$string_input_adapter@D@__crt_stdio_input@@@0@H_N@Z 0000000140031be8 f i libucrt:input.obj
 0001:0003100c       ??$parse_integer@_KV?$input_adapter_character_source@V?$string_input_adapter@D@__crt_stdio_input@@@__crt_strtox@@@__crt_strtox@@YA_KQEAU__crt_locale_pointers@@V?$input_adapter_character_source@V?$string_input_adapter@D@__crt_stdio_input@@@0@H_N@Z 000000014003200c f i libucrt:input.obj
 0001:0003110c       ??$process_floating_point_specifier_t@M@?$input_processor@DV?$string_input_adapter@D@__crt_stdio_input@@@__crt_stdio_input@@AEAA_NXZ 000000014003210c f i libucrt:input.obj
 0001:000311b0       ??$process_floating_point_specifier_t@N@?$input_processor@DV?$string_input_adapter@D@__crt_stdio_input@@@__crt_stdio_input@@AEAA_NXZ 00000001400321b0 f i libucrt:input.obj
 0001:00031258       ??$process_string_specifier_tchar@D@?$input_processor@DV?$string_input_adapter@D@__crt_stdio_input@@@__crt_stdio_input@@AEAA_NW4conversion_mode@1@D@Z 0000000140032258 f i libucrt:input.obj
 0001:00031404       ??$process_string_specifier_tchar@_W@?$input_processor@DV?$string_input_adapter@D@__crt_stdio_input@@@__crt_stdio_input@@AEAA_NW4conversion_mode@1@_W@Z 0000000140032404 f i libucrt:input.obj
 0001:000315e4       ??$skip_whitespace@Vstring_input_adapter@__crt_stdio_input@@D@__crt_stdio_input@@YAHAEAV?$string_input_adapter@D@0@QEAU__crt_locale_pointers@@@Z 00000001400325e4 f i libucrt:input.obj
 0001:00031638       ??0_LocaleUpdate@@QEAA@QEAU__crt_locale_pointers@@@Z 0000000140032638 f i libucrt:input.obj
 0001:000316d4       ??R<lambda_1db4d925c2db10274e92824f631ccf5d>@@QEBA_NXZ 00000001400326d4 f i libucrt:input.obj
 0001:000316d4       ??R<lambda_bdd123a27a08a14f93fbf44b617d0736>@@QEBA_NXZ 00000001400326d4 f i libucrt:input.obj
 0001:000316d4       ??R<lambda_ee7c83d9f0cd4f1299194e0a8d424b67>@@QEBA_NXZ 00000001400326d4 f i libucrt:input.obj
 0001:00031738       ?advance@?$format_string_parser@D@__crt_stdio_input@@QEAA_NXZ 0000000140032738 f i libucrt:input.obj
 0001:00031900       ?as_double@floating_point_value@__crt_strtox@@QEBAAEANXZ 0000000140032900 f i libucrt:input.obj
 0001:0003193c       ?as_float@floating_point_value@__crt_strtox@@QEBAAEAMXZ 000000014003293c f i libucrt:input.obj
 0001:00031978       ?assemble_floating_point_value@__crt_strtox@@YA?AW4SLD_STATUS@@_KH_N1AEBVfloating_point_value@1@@Z 0000000140032978 f i libucrt:input.obj
 0001:00031d10       ?assemble_floating_point_value_from_big_integer@__crt_strtox@@YA?AW4SLD_STATUS@@AEBUbig_integer@1@I_N1AEBVfloating_point_value@1@@Z 0000000140032d10 f i libucrt:input.obj
 0001:00031e70       ?convert_decimal_string_to_floating_type_common@__crt_strtox@@YA?AW4SLD_STATUS@@AEBUfloating_point_string@1@AEBVfloating_point_value@1@@Z 0000000140032e70 f i libucrt:input.obj
 0001:00033cd8       ?convert_hexadecimal_string_to_floating_type_common@__crt_strtox@@YA?AW4SLD_STATUS@@AEBUfloating_point_string@1@AEBVfloating_point_value@1@@Z 0000000140034cd8 f i libucrt:input.obj
 0001:00033d90       ?divide@__crt_strtox@@YA_KAEAUbig_integer@1@AEBU21@@Z 0000000140034d90 f i libucrt:input.obj
 0001:0003421c       ?length@?$format_string_parser@D@__crt_stdio_input@@QEBA_KXZ 000000014003521c f i libucrt:input.obj
 0001:000342b8       ?process@?$input_processor@DV?$string_input_adapter@D@__crt_stdio_input@@@__crt_stdio_input@@QEAAHXZ 00000001400352b8 f i libucrt:input.obj
 0001:000343ac       ?process_conversion_specifier@?$input_processor@DV?$string_input_adapter@D@__crt_stdio_input@@@__crt_stdio_input@@AEAA_NXZ 00000001400353ac f i libucrt:input.obj
 0001:000344cc       ?process_floating_point_specifier@?$input_processor@DV?$string_input_adapter@D@__crt_stdio_input@@@__crt_stdio_input@@AEAA_NXZ 00000001400354cc f i libucrt:input.obj
 0001:0003453c       ?process_integer_specifier@?$input_processor@DV?$string_input_adapter@D@__crt_stdio_input@@@__crt_stdio_input@@AEAA_NI_N@Z 000000014003553c f i libucrt:input.obj
 0001:000345f4       ?process_literal_character_tchar@?$input_processor@DV?$string_input_adapter@D@__crt_stdio_input@@@__crt_stdio_input@@AEAA_ND@Z 00000001400355f4 f i libucrt:input.obj
 0001:00034678       ?process_state@?$input_processor@DV?$string_input_adapter@D@__crt_stdio_input@@@__crt_stdio_input@@AEAA_NXZ 0000000140035678 f i libucrt:input.obj
 0001:00034730       ?process_string_specifier@?$input_processor@DV?$string_input_adapter@D@__crt_stdio_input@@@__crt_stdio_input@@AEAA_NW4conversion_mode@2@@Z 0000000140035730 f i libucrt:input.obj
 0001:000347bc       ?scan_conversion_specifier@?$format_string_parser@D@__crt_stdio_input@@AEAA_NXZ 00000001400357bc f i libucrt:input.obj
 0001:00034964       ?scan_optional_field_width@?$format_string_parser@D@__crt_stdio_input@@AEAA_NXZ 0000000140035964 f i libucrt:input.obj
 0001:00034a04       ?scan_optional_length_modifier@?$format_string_parser@D@__crt_stdio_input@@AEAAXXZ 0000000140035a04 f i libucrt:input.obj
 0001:00034b3c       ?scan_scanset_range@?$format_string_parser@D@__crt_stdio_input@@AEAA_NXZ 0000000140035b3c f i libucrt:input.obj
 0001:00034cdc       ?write_character@?$input_processor@DV?$string_input_adapter@D@__crt_stdio_input@@@__crt_stdio_input@@AEAA_NQEFA_W_KAEAPEFA_WAEA_KD@Z 0000000140035cdc f i libucrt:input.obj
 0001:00034d74       ?write_integer@?$input_processor@DV?$string_input_adapter@D@__crt_stdio_input@@@__crt_stdio_input@@AEAA_N_K@Z 0000000140035d74 f i libucrt:input.obj
 0001:00034dec       __stdio_common_vsscanf     0000000140035dec f   libucrt:input.obj
 0001:00034fb0       strncmp                    0000000140035fb0 f   libucrt:strncmp.obj
 0001:000356b4       ??$ftprintf@PEAU_iobuf@@PEB_WAEBQEB_WAEBQEB_WAEBI@?$__crt_char_traits@_W@@SAH$$QEAPEAU_iobuf@@$$QEAPEB_WAEBQEB_W2AEBI@Z 00000001400366b4 f i libucrt:assert.obj
 0001:000357b4       _wassert                   00000001400367b4 f   libucrt:assert.obj
 0001:00035828       fwprintf                   0000000140036828 f i libucrt:assert.obj
 0001:0003586c       swprintf                   000000014003686c f i libucrt:assert.obj
 0001:000358c0       cosf                       00000001400368c0 f   libucrt:cosf.obj
 0001:00035dc0       fmodf                      0000000140036dc0 f   libucrt:fmodf.obj
 0001:00036000       powf                       0000000140037000 f   libucrt:powf.obj
 0001:00036ed0       sinf                       0000000140037ed0 f   libucrt:sinf.obj
 0001:000375c8       sqrtf                      00000001400385c8 f   libucrt:sqrtf.obj
 0001:00037670       tanf                       0000000140038670 f   libucrt:tanf.obj
 0001:00037ce4       _seh_filter_exe            0000000140038ce4 f   libucrt:exception_filter.obj
 0001:00037e68       _query_app_type            0000000140038e68 f   libucrt:report_runtime_error.obj
 0001:00037e70       _set_app_type              0000000140038e70 f   libucrt:report_runtime_error.obj
 0001:00037e78       __acrt_has_user_matherr    0000000140038e78 f   libucrt:matherr.obj
 0001:00037e98       __acrt_initialize_user_matherr 0000000140038e98 f   libucrt:matherr.obj
 0001:00037ea0       __acrt_invoke_user_matherr 0000000140038ea0 f   libucrt:matherr.obj
 0001:00037ed8       __setusermatherr           0000000140038ed8 f   libucrt:matherr.obj
 0001:000380c0       __acrt_allocate_buffer_for_argv 00000001400390c0 f   libucrt:argv_parsing.obj
 0001:00038120       _configure_narrow_argv     0000000140039120 f   libucrt:argv_parsing.obj
 0001:000384a8       __dcrt_uninitialize_environments_nolock 00000001400394a8 f   libucrt:environment_initialization.obj
 0001:000384ec       _initialize_narrow_environment 00000001400394ec f   libucrt:environment_initialization.obj
 0001:000384f4       _get_narrow_winmain_command_line 00000001400394f4 f   libucrt:argv_winmain.obj
 0001:00038564       _initterm                  0000000140039564 f   libucrt:initterm.obj
 0001:000385a8       _initterm_e                00000001400395a8 f   libucrt:initterm.obj
 0001:00038890       __acrt_initialize_thread_local_exit_callback 0000000140039890 f   libucrt:exit.obj
 0001:00038898       _c_exit                    0000000140039898 f   libucrt:exit.obj
 0001:000388a8       _cexit                     00000001400398a8 f   libucrt:exit.obj
 0001:000388b8       _exit                      00000001400398b8 f   libucrt:exit.obj
 0001:000388c4       _register_thread_local_exe_atexit_callback 00000001400398c4 f   libucrt:exit.obj
 0001:00038904       exit                       0000000140039904 f   libucrt:exit.obj
 0001:00038910       _get_fmode                 0000000140039910 f   libucrt:setmode.obj
 0001:00038940       _set_fmode                 0000000140039940 f   libucrt:setmode.obj
 0001:00038980       _setmode_nolock            0000000140039980 f   libucrt:setmode.obj
 0001:00038ad0       __acrt_set_locale_changed  0000000140039ad0 f   libucrt:wsetlocale.obj
 0001:00038adc       __acrt_uninitialize_locale 0000000140039adc f   libucrt:wsetlocale.obj
 0001:00038b0c       _configthreadlocale        0000000140039b0c f   libucrt:wsetlocale.obj
 0001:00038b78       _query_new_mode            0000000140039b78 f   libucrt:new_mode.obj
 0001:00038b80       _set_new_mode              0000000140039b80 f   libucrt:new_mode.obj
 0001:00038bac       __p__commode               0000000140039bac f   libucrt:ncommode.obj
 0001:00038efc       _crt_atexit                0000000140039efc f   libucrt:onexit.obj
[...]
 0002:0000eb94       $unwind$?__acrt_stdio_allocate_stream@@YA?AV__crt_stdio_stream@@XZ 0000000140058b94     libucrt:stream.obj
 0002:0000ebb4       $unwind$?find_or_allocate_unused_stream_nolock@@YA?AV__crt_stdio_stream@@XZ 0000000140058bb4     libucrt:stream.obj
 0002:0000ebc8       $unwind$_openfile          0000000140058bc8     libucrt:openfile.obj
 0002:0000ebdc       $unwind$_close_internal    0000000140058bdc     libucrt:close.obj
 0002:0000ebe4       $unwind$??$?RV<lambda_ad8af0d99a0adf03d037d7dffe354bb5>@@AEAV<lambda_c9ba49e555ba839a7b07aa3fbecb7617>@@V<lambda_2f1ebd5d68526518146ae959c9e734c8>@@@?$__crt_seh_guarded_call@H@@QEAAH$$QEAV<lambda_ad8af0d99a0adf03d037d7dffe354bb5>@@AEAV<lambda_c9ba49e555ba839a7b07aa3fbecb7617>@@$$QEAV<lambda_2f1ebd5d68526518146ae959c9e734c8>@@@Z 0000000140058be4     libucrt:close.obj
 0002:0000ec08       $unwind$_commit            0000000140058c08     libucrt:commit.obj
 0002:0000ec10       $unwind$??$?RV<lambda_a37b2b86f63e897a80ea819b0eb08c01>@@AEAV<lambda_38ce7e780aa69e748d6df282ebc68efe>@@V<lambda_99fb1378e971ab6e7edea83e3a7a83a2>@@@?$__crt_seh_guarded_call@H@@QEAAH$$QEAV<lambda_a37b2b86f63e897a80ea819b0eb08c01>@@AEAV<lambda_38ce7e780aa69e748d6df282ebc68efe>@@$$QEAV<lambda_99fb1378e971ab6e7edea83e3a7a83a2>@@@Z 0000000140058c10     libucrt:commit.obj
 0002:0000ec34       $unwind$_write_nolock      0000000140058c34     libucrt:write.obj
 0002:0000ec4c       $unwind$_write_internal    0000000140058c4c     libucrt:write.obj
 0002:0000ec7c       $unwind$?write_double_translated_ansi_nolock@@YA?AUwrite_result@?A0x17268360@@HQEBDIAEAV__crt_cached_ptd_host@@@Z 0000000140058c7c     libucrt:write.obj
 0002:0000eca8       $ip2state$?write_double_translated_ansi_nolock@@YA?AUwrite_result@?A0x17268360@@HQEBDIAEAV__crt_cached_ptd_host@@@Z 0000000140058ca8     libucrt:write.obj
 0002:0000ecb0       $unwind$?write_text_ansi_nolock@@YA?AUwrite_result@?A0x17268360@@HQEBDI@Z 0000000140058cb0     libucrt:write.obj
 0002:0000ecb0       $unwind$?write_text_utf16le_nolock@@YA?AUwrite_result@?A0x17268360@@HQEBDI@Z 0000000140058cb0     libucrt:write.obj
 0002:0000ecd0       $unwind$?write_text_utf8_nolock@@YA?AUwrite_result@?A0x17268360@@HQEBDI@Z 0000000140058cd0     libucrt:write.obj
 0002:0000ecf4       $unwind$_read              0000000140058cf4     libucrt:read.obj
 0002:0000ed24       $unwind$_read_nolock       0000000140058d24     libucrt:read.obj
 0002:0000ed38       $unwind$?translate_ansi_or_utf8_nolock@@YAHHQEAD_KQEA_W1@Z 0000000140058d38     libucrt:read.obj
 0002:0000ed50       $unwind$??$translate_text_mode_nolock@_W@@YAHHQEA_W_K@Z 0000000140058d50     libucrt:read.obj
 0002:0000ed64       $unwind$??$common_lseek@_J@@YA_JH_JHAEAV__crt_cached_ptd_host@@@Z 0000000140058d64     libucrt:lseek.obj
 0002:0000ed94       $unwind$__acrt_fp_format   0000000140058d94     libucrt:cvt.obj
 0002:0000eda4       $unwind$?fp_format_a@@YAHQEBNPEAD_KQEAD2H_NIW4__acrt_rounding_mode@@AEAV__crt_cached_ptd_host@@@Z 0000000140058da4     libucrt:cvt.obj
 0002:0000edc0       $unwind$?fp_format_g@@YAHQEBNQEAD_K12H_NIW4__acrt_rounding_mode@@AEAV__crt_cached_ptd_host@@@Z 0000000140058dc0     libucrt:cvt.obj
 0002:0000edd8       $unwind$_wctomb_internal   0000000140058dd8     libucrt:wctomb.obj
 0002:0000edec       $unwind$_fputwc_nolock_internal 0000000140058dec     libucrt:fputwc.obj
 0002:0000ee08       $unwind$__acrt_stdio_end_temporary_buffering_nolock 0000000140058e08     libucrt:_sftbuf.obj
 0002:0000ee10       $unwind$__acrt_GetModuleFileNameA 0000000140058e10     libucrt:getmodulefilenamea.obj
 0002:0000ee2c       $unwind$__dcrt_write_console 0000000140058e2c     libucrt:initcon.obj
 0002:0000ee2c       $unwind$??$__acrt_convert_wcs_mbs_cp@_WDV<lambda_f788ae46380686e8b737efdd8c720d07>@@U__crt_win32_buffer_no_resizing@@@@YAHQEB_WAEAV?$__crt_win32_buffer@DU__crt_win32_buffer_no_resizing@@@@AEBV<lambda_f788ae46380686e8b737efdd8c720d07>@@I@Z 0000000140058e2c     libucrt:getmodulefilenamea.obj
 0002:0000ee40       $unwind$??$?RV<lambda_9291da6fb19fed9e7668d36b7e9903ee>@@AEAV<lambda_e8d85a8178367c0d1135ba66de989cf6>@@V<lambda_2aa1c5fac2b3ecd63b0b04056e47917d>@@@?$__crt_seh_guarded_call@H@@QEAAH$$QEAV<lambda_9291da6fb19fed9e7668d36b7e9903ee>@@AEAV<lambda_e8d85a8178367c0d1135ba66de989cf6>@@$$QEAV<lambda_2aa1c5fac2b3ecd63b0b04056e47917d>@@@Z 0000000140058e40     libucrt:setvbuf.obj
 0002:0000ee64       $unwind$raise              0000000140058e64     libucrt:signal.obj
 0002:0000eea0       $unwind$??$?RV<lambda_450d765d439847d4c735a33c368b5fc0>@@AEAV<lambda_44731a7d0e6d81c3e6aa82d741081786>@@V<lambda_601a2a7da3b7a96e9554ac7215c4b07c>@@@?$__crt_seh_guarded_call@P6AXH@Z@@QEAAP6AXH@Z$$QEAV<lambda_450d765d439847d4c735a33c368b5fc0>@@AEAV<lambda_44731a7d0e6d81c3e6aa82d741081786>@@$$QEAV<lambda_601a2a7da3b7a96e9554ac7215c4b07c>@@@Z 0000000140058ea0     libucrt:signal.obj
 0002:0000eec8       $xdatasym                  0000000140058ec8     libucrt:remainder_piby2f_forasm.obj
 0002:0000eed0       $xdatasym                  0000000140058ed0     libucrt:remainder_piby2_forfma3.obj
 0002:0000eedc       $unwind$_sincosf_special   0000000140058edc     libucrt:sincos_special.obj
 0002:0000eee4       $unwind$__acrt_initialize_fma3 0000000140058ee4     libucrt:fma3_available.obj
 0002:0000eeec       $unwind$_call_matherr      0000000140058eec     libucrt:libm_error.obj
 0002:0000eef4       $unwind$_handle_error      0000000140058ef4     libucrt:libm_error.obj
 0002:0000eef4       $unwind$_handle_errorf     0000000140058ef4     libucrt:libm_error.obj
 0002:0000ef14       $unwind$_powf_special      0000000140058f14     libucrt:pow_special.obj
 0002:0000ef20       $xdatasym                  0000000140058f20     libucrt:remainder_piby2f_forc.obj
 0002:0000ef30       $unwind$??$common_expand_argv_wildcards@D@@YAHQEAPEADQEAPEAPEAD@Z 0000000140058f30     libucrt:argv_wildcards.obj
 0002:0000ef48       $unwind$__dcrt_get_narrow_environment_from_os 0000000140058f48     libucrt:get_environment_from_os.obj
 0002:0000ef48       $unwind$??$__acrt_convert_wcs_mbs_cp@_WDV<lambda_d8593a27d1aa8c02be35c86a17d324c4>@@U__crt_win32_buffer_internal_dynamic_resizing@@@@YAHQEB_WAEAV?$__crt_win32_buffer@DU__crt_win32_buffer_internal_dynamic_resizing@@@@AEBV<lambda_d8593a27d1aa8c02be35c86a17d324c4>@@I@Z 0000000140058f48     libucrt:argv_wildcards.obj
 0002:0000ef60       $unwind$??$expand_argument_wildcards@D@@YAHQEAD0AEAV?$argument_list@D@?A0x5f5c8891@@@Z 0000000140058f60     libucrt:argv_wildcards.obj
 0002:0000ef80       $unwind$_setmbcp_nolock    0000000140058f80     libucrt:mbctype.obj
 0002:0000efa0       $unwind$__dcrt_lowio_ensure_console_output_initialized 0000000140058fa0     libucrt:initcon.obj
 0002:0000efa0       $unwind$?__mbrtowc_utf8@__crt_mbstring@@YA_KPEA_WPEBD_KPEAU_Mbstatet@@AEAV__crt_cached_ptd_host@@@Z 0000000140058fa0     libucrt:mbrtowc.obj
 0002:0000efa0       $unwind$?getSystemCP@@YAHH@Z 0000000140058fa0     libucrt:mbctype.obj
 0002:0000efa8       $unwind$?update_thread_multibyte_data_internal@@YAPEAU__crt_multibyte_data@@QEAU__acrt_ptd@@QEAPEAU1@@Z 0000000140058fa8     libucrt:mbctype.obj
 0002:0000efd0       $unwind$?setmbcp_internal@@YAHH_NQEAU__acrt_ptd@@QEAPEAU__crt_multibyte_data@@@Z 0000000140058fd0     libucrt:mbctype.obj
 0002:0000efe8       $unwind$?setSBUpLow@@YAXPEAU__crt_multibyte_data@@@Z 0000000140058fe8     libucrt:mbctype.obj
 0002:0000f004       $unwind$??$?RV<lambda_efdfa57d1f175319df784efa44bb7b81>@@AEAV<lambda_5f0a4c1567f8adc6734073e5d1e1b35c>@@V<lambda_2e8a7d3640ea6ccb4c2413664c2db6fd>@@@?$__crt_seh_guarded_call@X@@QEAAX$$QEAV<lambda_efdfa57d1f175319df784efa44bb7b81>@@AEAV<lambda_5f0a4c1567f8adc6734073e5d1e1b35c>@@$$QEAV<lambda_2e8a7d3640ea6ccb4c2413664c2db6fd>@@@Z 0000000140059004     libucrt:mbctype.obj
 0002:0000f028       $unwind$?x_ismbbtype_l@@YAHPEAU__crt_locale_pointers@@IHH@Z 0000000140059028     libucrt:ismbbyte.obj
 0002:0000f028       $unwind$_strnicmp_l        0000000140059028     libucrt:strnicmp.obj
 0002:0000f038       $unwind$__acrt_WideCharToMultiByte 0000000140059038     libucrt:widechartomultibyte.obj
 0002:0000f044       $unwind$_alloc_osfhnd      0000000140059044     libucrt:osfinfo.obj
 0002:0000f074       $unwind$__acrt_lowio_destroy_handle_array 0000000140059074     libucrt:osfinfo.obj
 0002:0000f084       $unwind$__acrt_lowio_ensure_fh_exists 0000000140059084     libucrt:osfinfo.obj
 0002:0000f0b0       $unwind$__acrt_locale_free_monetary 00000001400590b0     libucrt:initmon.obj
 0002:0000f0b8       $unwind$__acrt_locale_free_time 00000001400590b8     libucrt:inittime.obj
 0002:0000f0c8       $unwind$__acrt_GetStringTypeA 00000001400590c8     libucrt:getstringtypea.obj
 0002:0000f0f0       $unwind$__acrt_update_thread_locale_data 00000001400590f0     libucrt:locale_refcounting.obj
 0002:0000f114       $unwind$_query_new_handler 0000000140059114     libucrt:new_handler.obj
 0002:0000f138       $xdatasym                  0000000140059138     libucrt:fpsr.obj
 0002:0000f140       $unwind$_sopen_nolock      0000000140059140     libucrt:open.obj
 0002:0000f15c       $unwind$_wsopen_nolock     000000014005915c     libucrt:open.obj
 0002:0000f17c       $unwind$??$common_sopen_dispatch@D@@YAHQEBDHHHQEAHH@Z 000000014005917c     libucrt:open.obj
 0002:0000f1a0       $unwind$?fin$0@?0???$common_sopen_dispatch@D@@YAHQEBDHHHQEAHH@Z@4HA 00000001400591a0     libucrt:open.obj
 0002:0000f1a8       $unwind$?decode_options@@YA?AUfile_options@?A0xa9d50aae@@HHH@Z 00000001400591a8     libucrt:open.obj
 0002:0000f1bc       $unwind$?truncate_ctrl_z_if_present@@YAHH@Z 00000001400591bc     libucrt:open.obj
 0002:0000f1cc       $unwind$?configure_text_mode@@YAHHUfile_options@?A0xa9d50aae@@HAEAW4__crt_lowio_text_mode@@@Z 00000001400591cc     libucrt:open.obj
 0002:0000f1e4       $unwind$?__mbsrtowcs_utf8@__crt_mbstring@@YA_KPEA_WPEAPEBD_KPEAU_Mbstatet@@AEAV__crt_cached_ptd_host@@@Z 00000001400591e4     libucrt:mbrtowc.obj
 0002:0000f1fc       $unwind$__acrt_fp_strflt_to_string 00000001400591fc     libucrt:_fptostr.obj
 0002:0000f218       $unwind$__acrt_fltout      0000000140059218     libucrt:cfout.obj
 0002:0000f238       $unwind$??$write_buffer_nolock@D@@YA_NDV__crt_stdio_stream@@AEAV__crt_cached_ptd_host@@@Z 0000000140059238     libucrt:_flsbuf.obj
 0002:0000f24c       $unwind$??$write_buffer_nolock@_W@@YA_N_WV__crt_stdio_stream@@AEAV__crt_cached_ptd_host@@@Z 000000014005924c     libucrt:_flsbuf.obj
 0002:0000f260       $unwind$__acrt_fenv_set_control 0000000140059260     libucrt:_fenvutils.obj
 0002:0000f270       $unwind$qsort              0000000140059270     libucrt:qsort.obj
 0002:0000f288       $chain$4$qsort             0000000140059288     libucrt:qsort.obj
 0002:0000f2ac       $chain$5$qsort             00000001400592ac     libucrt:qsort.obj
 0002:0000f2bc       $unwind$strpbrk            00000001400592bc     libucrt:strpbrk.obj
 0002:0000f2cc       $unwind$fallbackMethod     00000001400592cc     libucrt:strpbrk.obj
 0002:0000f2dc       $unwind$_mbsdec_l          00000001400592dc     libucrt:mbsdec.obj
 0002:0000f2e8       $unwind$__acrt_LCMapStringA 00000001400592e8     libucrt:lcmapstringa.obj
 0002:0000f2f8       $unwind$?__acrt_LCMapStringA_stat@@YAHPEAU__crt_locale_pointers@@PEB_WKPEBDHPEADHHH@Z 00000001400592f8     libucrt:lcmapstringa.obj
 0002:0000f320       $unwind$?__mbrtoc32_utf8@__crt_mbstring@@YA_KPEA_UPEBD_KPEAU_Mbstatet@@AEAV__crt_cached_ptd_host@@@Z 0000000140059320     libucrt:mbrtoc32.obj
 0002:0000f340       $xdatasym                  0000000140059340     libucrt:log10.obj
 0002:0000f34c       $unwind$common_control87   000000014005934c     libucrt:ieee.obj
 0002:0000f378       $unwind$_log_special_common 0000000140059378     libucrt:log_special.obj
 0002:0000f384       $unwind$_IsNonwritableInCurrentImage 0000000140059384     LIBCMT:pesect.obj
 0002:0000f3a8       $xdatasym                  00000001400593a8     libvcruntime:memcmp.obj
 0002:0000fa50       .idata$6                   0000000140059a50     SDL2:SDL2.dll
 0002:0000fd9a       .idata$6                   0000000140059d9a     glew32:glew32.dll
 0002:0000fe50       .idata$6                   0000000140059e50     OpenGL32:OPENGL32.dll
 0002:0000ffe4       .idata$6                   0000000140059fe4     kernel32:KERNEL32.dll
 0003:0000001c       ?stbi__l2h_gamma@@3MA      000000014005b01c     main_win.obj
 0003:00000020       ?stbi__stdio_callbacks@@3Ustbi_io_callbacks@@A 000000014005b020     main_win.obj
 0003:00000038       ?stbi__l2h_scale@@3MA      000000014005b038     main_win.obj
 0003:0000003c       ?stbi__h2l_gamma_i@@3MA    000000014005b03c     main_win.obj
 0003:00000040       ?stbi__h2l_scale_i@@3MA    000000014005b040     main_win.obj
 0003:00000044       ?first_row_filter@@3PAEA   000000014005b044     main_win.obj
 0003:00000050       ?levelStrings@@3PAPEBDA    000000014005b050     main_win.obj
 0003:00000080       ?invalid_chunk@?JH@??stbi__parse_png_file@@YAHPEAUstbi__png@@HH@Z@4PADA 000000014005b080     main_win.obj
 0003:000000a0       ?mul_table@?1??stbi__shiftsigned@@YAHIHH@Z@4PAIA 000000014005b0a0     main_win.obj
 0003:000000c8       ?shift_table@?1??stbi__shiftsigned@@YAHIHH@Z@4PAIA 000000014005b0c8     main_win.obj
 0003:00000130       ?__vcrt_flsindex@@3KA      000000014005b130     libvcruntime:per_thread_data.obj
 0003:00000254       ?dazSupported@?1??_ctrlfp@@9@9 000000014005b254     libucrt:fpctrl.obj
 0003:00000258       ?errno_no_memory@@3HA      000000014005b258     libucrt:errno.obj
 0003:0000025c       ?doserrno_no_memory@@3KA   000000014005b25c     libucrt:errno.obj
 0003:00000260       ?__acrt_flsindex@@3KA      000000014005b260     libucrt:per_thread_data.obj
 0003:00000760       _mbctypes                  000000014005b760     libucrt:mbctype.obj
 0003:00000870       _mbcasemaps                000000014005b870     libucrt:mbctype.obj
 0003:00000970       ?__rgctypeflag@@3PADA      000000014005b970     libucrt:mbctype.obj
 0003:00000980       ?__rgcode_page_info@@3PAUcode_page_info@@A 000000014005b980     libucrt:mbctype.obj
 0003:00000b20       ?__dcrt_lowio_console_output_handle@@3PEAXEA 000000014005bb20     libucrt:initcon.obj
 0003:00000b30       ?dazSupported@?1??common_control87@@9@9 000000014005bb30     libucrt:ieee.obj
 0003:00037b18       ?stbi__vertically_flip_on_load_global@@3HA 0000000140092b18     main_win.obj
 0003:00037b1c       ?stbi__unpremultiply_on_load_global@@3HA 0000000140092b1c     main_win.obj
 0003:00037b20       ?stbi__de_iphone_flag_global@@3HA 0000000140092b20     main_win.obj
 0003:00037b24       ?nextTime@@3IA             0000000140092b24     main_win.obj
 0003:00037b40       GS_ExceptionRecord         0000000140092b40     LIBCMT:gs_report.obj
 0003:00037be0       GS_ContextRecord           0000000140092be0     LIBCMT:gs_report.obj
 0003:000380c8       ?is_initialized_as_dll@@3_NA 00000001400930c8     LIBCMT:utility.obj
 0003:000380c9       ?module_local_atexit_table_initialized@@3_NA 00000001400930c9     LIBCMT:utility.obj
 0003:000380d0       ?module_local_atexit_table@@3U_onexit_table_t@@A 00000001400930d0     LIBCMT:utility.obj
 0003:000380e8       ?module_local_at_quick_exit_table@@3U_onexit_table_t@@A 00000001400930e8     LIBCMT:utility.obj
 0003:00038120       ?__vcrt_startup_thread_ptd@@3U__vcrt_ptd@@A 0000000140093120     libvcruntime:per_thread_data.obj
 0003:000381a0       __vcrt_lock_table          00000001400931a0     libvcruntime:locks.obj
 0003:000381c8       __vcrt_locks_initialized   00000001400931c8     libvcruntime:locks.obj
 0003:00038210       ?heap@@3V_HeapManager@@A   0000000140093210     libvcruntime:undname.obj
 0003:00038238       ?module_handles@@3PAPEAUHINSTANCE__@@A 0000000140093238     libvcruntime:winapi_downlevel.obj
 0003:00038250       ?function_pointers@@3PAPEAXA 0000000140093250     libvcruntime:winapi_downlevel.obj
 0003:00038294       ?__acrt_app_type@@3W4_crt_app_type@@A 0000000140093294     libucrt:report_runtime_error.obj
 0003:00038298       ?user_matherr@@3V?$dual_state_global@P6AHPEAU_exception@@@Z@__crt_state_management@@A 0000000140093298     libucrt:matherr.obj
 0003:000382a0       ?program_name@?1???$common_configure_argv@D@@YAHW4_crt_argv_mode@@@Z@4PADA 00000001400932a0     libucrt:argv_parsing.obj
 0003:000383c8       ?empty_string@?1???$common_wincmdln@E@@YAPEAEXZ@4PAEA 00000001400933c8     libucrt:argv_winmain.obj
 0003:000383cc       ?c_termination_complete@@3JA 00000001400933cc     libucrt:exit.obj
 0003:000383d0       ?thread_local_exit_callback_func@@3P6AXPEAXK0@ZEA 00000001400933d0     libucrt:exit.obj
 0003:000383e0       ?__acrt_global_new_mode@@3V?$dual_state_global@J@__crt_state_management@@A 00000001400933e0     libucrt:new_mode.obj
 0003:00038418       ?__acrt_invalid_parameter_handler@@3V?$dual_state_global@P6AXPEB_W00I_K@Z@__crt_state_management@@A 0000000140093418     libucrt:invalid_parameter.obj
 0003:00038430       ?module_handles@@3PAPEAUHINSTANCE__@@A 0000000140093430     libucrt:winapi_thunks.obj
 0003:000384d0       ?encoded_function_pointers@@3PAPEAXA 00000001400934d0     libucrt:winapi_thunks.obj
 0003:000389d0       ?__acrt_lock_table@@3PAU_RTL_CRITICAL_SECTION@@A 00000001400939d0     libucrt:locks.obj
 0003:00038c00       ?__acrt_locks_initialized@@3IA 0000000140093c00     libucrt:locks.obj
 0003:00038c08       ?internal_state@?1??_mbtowc_internal@@9@4U_Mbstatet@@A 0000000140093c08     libucrt:mbtowc.obj
 0003:00038c10       ?enable_percent_n@@3_KA    0000000140093c10     libucrt:printf_count_output.obj
 0003:00038c28       __acrt_error_mode          0000000140093c28     libucrt:set_error_mode.obj
 0003:00038c30       ?ctrlc_action@@3V?$dual_state_global@P6AXH@Z@__crt_state_management@@A 0000000140093c30     libucrt:signal.obj
 0003:00038c38       ?ctrlbreak_action@@3V?$dual_state_global@P6AXH@Z@__crt_state_management@@A 0000000140093c38     libucrt:signal.obj
 0003:00038c40       ?abort_action@@3V?$dual_state_global@P6AXH@Z@__crt_state_management@@A 0000000140093c40     libucrt:signal.obj
 0003:00038c48       ?term_action@@3V?$dual_state_global@P6AXH@Z@__crt_state_management@@A 0000000140093c48     libucrt:signal.obj
 0003:00038c70       ?fSystemSet@@3HA           0000000140093c70     libucrt:mbctype.obj
 0003:00038c74       ?initialized@?1??__acrt_initialize_multibyte@@9@4_NA 0000000140093c74     libucrt:mbctype.obj
 0003:00038ca8       ?state_cache@?1???$get_cached_win_policy@Udeveloper_information_policy_properties@?1??__acrt_get_developer_information_policy@@YA?AW4developer_information_policy@@XZ@@@YA?AW4developer_information_policy@@W4AppPolicyShowDeveloperDiagnostic@@@Z@4JA 0000000140093ca8     libucrt:win_policies.obj
 0003:00038cac       ?state_cache@?1???$get_cached_win_policy@Uwindowing_model_policy_properties@?1??__acrt_get_windowing_model_policy@@YA?AW4windowing_model_policy@@XZ@@@YA?AW4windowing_model_policy@@W4AppPolicyWindowingModel@@@Z@4JA 0000000140093cac     libucrt:win_policies.obj
 0003:00038cc8       ?__acrt_new_handler@@3V?$dual_state_global@P6AH_K@Z@__crt_state_management@@A 0000000140093cc8     libucrt:new_handler.obj
 0003:00038cd8       ?internal_pst@?1??__mbrtoc32_utf8@__crt_mbstring@@YA_KPEA_UPEBD_KPEAU_Mbstatet@@AEAV__crt_cached_ptd_host@@@Z@4U3@A 0000000140093cd8     libucrt:mbrtoc32.obj
 0005:00000000       SetSmall                   0000000140097000     libvcruntime:memset.obj
 0005:00000040       SetSmallYmm                0000000140097040     libvcruntime:memset.obj
 0005:00000064       SetSmallYmmNT              0000000140097064     libvcruntime:memset.obj
 0005:00000088       SetSmallXmm                0000000140097088     libvcruntime:memset.obj
 0005:000000b0       MoveSmall                  00000001400970b0     libvcruntime:memcpy.obj
 0005:000000f0       MoveSmallYmm               00000001400970f0     libvcruntime:memcpy.obj
 0005:00000114       MoveSmallYmmNT             0000000140097114     libvcruntime:memcpy.obj
 0005:00000138       MoveSmallXmm               0000000140097138     libvcruntime:memcpy.obj
