 main_win

 Timestamp is 6535fb73 (Mon Oct 23 07:49:55 2023)

 Preferred load address is 0000000140000000

 Start         Length     Name                   Class
 0001:00000000 0004b8c0H .text$mn                CODE
 0001:0004b8c0 00000040H .text$mn$00             CODE
 0001:0004b900 00000520H .text$x                 CODE
 0002:00000000 000004a0H .idata$5                DATA
 0002:000004a0 00000038H .00cfg                  DATA
 0002:000004d8 00000008H .CRT$XCA                DATA
 0002:000004e0 00000008H .CRT$XCAA               DATA
 0002:000004e8 00000008H .CRT$XCZ                DATA
 0002:000004f0 00000008H .CRT$XIA                DATA
 0002:000004f8 00000008H .CRT$XIAA               DATA
 0002:00000500 00000008H .CRT$XIAC               DATA
 0002:00000508 00000020H .CRT$XIC                DATA
 0002:00000528 00000008H .CRT$XIZ                DATA
 0002:00000530 00000008H .CRT$XLA                DATA
 0002:00000538 00000008H .CRT$XLZ                DATA
 0002:00000540 00000008H .CRT$XPA                DATA
 0002:00000548 00000010H .CRT$XPX                DATA
 0002:00000558 00000008H .CRT$XPXA               DATA
 0002:00000560 00000008H .CRT$XPZ                DATA
 0002:00000568 00000008H .CRT$XTA                DATA
 0002:00000570 00000010H .CRT$XTZ                DATA
 0002:00000578 00000000H .gehcont$y              DATA
 0002:00000578 00000000H .gfids$y                DATA
 0002:00000580 0000cd80H .rdata                  DATA
 0002:0000d300 00000000H .rdata$CastGuardVftablesA DATA
 0002:0000d300 00000000H .rdata$CastGuardVftablesC DATA
 0002:0000d300 00000028H .rdata$T                DATA
 0002:0000d328 0000016cH .rdata$r                DATA
 0002:0000d494 00000320H .rdata$voltmd           DATA
 0002:0000d7b4 000003acH .rdata$zzzdbg           DATA
 0002:0000db60 00000008H .rtc$IAA                DATA
 0002:0000db68 00000008H .rtc$IZZ                DATA
 0002:0000db70 00000008H .rtc$TAA                DATA
 0002:0000db78 00000008H .rtc$TZZ                DATA
 0002:0000db80 00000008H .tls                    DATA
 0002:0000db88 00000020H .tls$                   DATA
 0002:0000dba8 00000008H .tls$ZZZ                DATA
 0002:0000dbb0 000022e8H .xdata                  DATA
 0002:0000fe98 00000084H .xdata$x                DATA
 0002:0000ff1c 00000000H .edata                  DATA
 0002:0000ff1c 00000050H .idata$2                DATA
 0002:0000ff6c 00000014H .idata$3                DATA
 0002:0000ff80 000004a0H .idata$4                DATA
 0002:00010420 00000ad6H .idata$6                DATA
 0003:00000000 00000b50H .data                   DATA
 0003:00000b50 00000050H .data$r                 DATA
 0003:00000ba0 00000020H .data$rs                DATA
 0003:00000bc0 0003c608H .bss                    DATA
 0004:00000000 00002a24H .pdata                  DATA
 0005:00000000 0000015cH _RDATA                  DATA

  Address         Publics by Value              Rva+Base               Lib:Object

 0000:00000000       __AbsoluteZero             0000000000000000     <absolute>
 0000:00000000       ___safe_se_handler_count   0000000000000000     <absolute>
 0000:00000000       ___safe_se_handler_table   0000000000000000     <absolute>
 0000:00000000       __arm64x_extra_rfe_table   0000000000000000     <absolute>
 0000:00000000       __arm64x_extra_rfe_table_size 0000000000000000     <absolute>
 0000:00000000       __arm64x_native_entrypoint 0000000000000000     <absolute>
 0000:00000000       __arm64x_redirection_metadata 0000000000000000     <absolute>
 0000:00000000       __arm64x_redirection_metadata_count 0000000000000000     <absolute>
 0000:00000000       __dynamic_value_reloc_table 0000000000000000     <absolute>
 0000:00000000       __enclave_config           0000000000000000     <absolute>
 0000:00000000       __guard_check_icall_a64n_fptr 0000000000000000     <absolute>
 0000:00000000       __guard_eh_cont_count      0000000000000000     <absolute>
 0000:00000000       __guard_eh_cont_table      0000000000000000     <absolute>
 0000:00000000       __guard_fids_count         0000000000000000     <absolute>
 0000:00000000       __guard_fids_table         0000000000000000     <absolute>
 0000:00000000       __guard_iat_count          0000000000000000     <absolute>
 0000:00000000       __guard_iat_table          0000000000000000     <absolute>
 0000:00000000       __guard_longjmp_count      0000000000000000     <absolute>
 0000:00000000       __guard_longjmp_table      0000000000000000     <absolute>
 0000:00000000       __hybrid_auxiliary_iat     0000000000000000     <absolute>
 0000:00000000       __hybrid_auxiliary_iat_copy 0000000000000000     <absolute>
 0000:00000000       __hybrid_code_map          0000000000000000     <absolute>
 0000:00000000       __hybrid_code_map_count    0000000000000000     <absolute>
 0000:00000000       __x64_code_ranges_to_entry_points 0000000000000000     <absolute>
 0000:00000000       __x64_code_ranges_to_entry_points_count 0000000000000000     <absolute>
 0000:00000100       __guard_flags              0000000000000100     <absolute>
 0000:00000000       __ImageBase                0000000140000000     <linker-defined>
 0001:00000000       WinMain                    0000000140001000 f   main_win.obj
 0001:00000030       stbi_load_from_memory      0000000140001030 f   main_win.obj
 0001:000000d0       stbi_load_from_callbacks   00000001400010d0 f   main_win.obj
 0001:00000170       stbi_load                  0000000140001170 f   main_win.obj
 0001:00000220       stbi_load_from_file        0000000140001220 f   main_win.obj
 0001:000002f0       stbi_load_gif_from_memory  00000001400012f0 f   main_win.obj
 0001:00000440       stbi_load_16_from_memory   0000000140001440 f   main_win.obj
 0001:000004e0       stbi_load_16_from_callbacks 00000001400014e0 f   main_win.obj
 0001:00000580       stbi_load_16               0000000140001580 f   main_win.obj
 0001:00000630       stbi_load_from_file_16     0000000140001630 f   main_win.obj
 0001:00000700       stbi_loadf_from_memory     0000000140001700 f   main_win.obj
 0001:000007a0       stbi_loadf_from_callbacks  00000001400017a0 f   main_win.obj
 0001:00000840       stbi_loadf                 0000000140001840 f   main_win.obj
 0001:000008f0       stbi_loadf_from_file       00000001400018f0 f   main_win.obj
 0001:00000980       stbi_hdr_to_ldr_gamma      0000000140001980 f   main_win.obj
 0001:000009b0       stbi_hdr_to_ldr_scale      00000001400019b0 f   main_win.obj
 0001:000009e0       stbi_ldr_to_hdr_gamma      00000001400019e0 f   main_win.obj
 0001:00000a00       stbi_ldr_to_hdr_scale      0000000140001a00 f   main_win.obj
 0001:00000a20       stbi_is_hdr_from_callbacks 0000000140001a20 f   main_win.obj
 0001:00000a90       stbi_is_hdr_from_memory    0000000140001a90 f   main_win.obj
 0001:00000b00       stbi_is_hdr                0000000140001b00 f   main_win.obj
 0001:00000b60       stbi_is_hdr_from_file      0000000140001b60 f   main_win.obj
 0001:00000bf0       stbi_failure_reason        0000000140001bf0 f   main_win.obj
 0001:00000c20       stbi_image_free            0000000140001c20 f   main_win.obj
 0001:00000c40       stbi_info_from_memory      0000000140001c40 f   main_win.obj
 0001:00000cd0       stbi_info_from_callbacks   0000000140001cd0 f   main_win.obj
 0001:00000d60       stbi_is_16_bit_from_memory 0000000140001d60 f   main_win.obj
 0001:00000dd0       stbi_is_16_bit_from_callbacks 0000000140001dd0 f   main_win.obj
 0001:00000e40       stbi_info                  0000000140001e40 f   main_win.obj
 0001:00000ec0       stbi_info_from_file        0000000140001ec0 f   main_win.obj
 0001:00000f70       stbi_is_16_bit             0000000140001f70 f   main_win.obj
 0001:00000fd0       stbi_is_16_bit_from_file   0000000140001fd0 f   main_win.obj
 0001:00001060       stbi_set_unpremultiply_on_load 0000000140002060 f   main_win.obj
 0001:00001080       stbi_convert_iphone_png_to_rgb 0000000140002080 f   main_win.obj
 0001:000010a0       stbi_set_flip_vertically_on_load 00000001400020a0 f   main_win.obj
 0001:000010c0       stbi_convert_iphone_png_to_rgb_thread 00000001400020c0 f   main_win.obj
 0001:00001110       stbi_set_flip_vertically_on_load_thread 0000000140002110 f   main_win.obj
 0001:00001160       stbi_zlib_decode_malloc_guesssize 0000000140002160 f   main_win.obj
 0001:00001260       stbi_zlib_decode_malloc_guesssize_headerflag 0000000140002260 f   main_win.obj
 0001:00001370       stbi_zlib_decode_malloc    0000000140002370 f   main_win.obj
 0001:000013b0       stbi_zlib_decode_buffer    00000001400023b0 f   main_win.obj
 0001:00001470       stbi_zlib_decode_noheader_malloc 0000000140002470 f   main_win.obj
 0001:00001570       stbi_zlib_decode_noheader_buffer 0000000140002570 f   main_win.obj
 0001:00016bd0       ?stbi__unpremultiply_on_load_thread@@YAXH@Z 0000000140017bd0 f   main_win.obj
 0001:0001b140       ?m4Ortho@@YAPEAMPEAMMMMMMM@Z 000000014001c140 f   main_win.obj
 0001:0001b2c0       ?LogLog@@YAXHPEBDH0ZZ      000000014001c2c0 f   main_win.obj
 0001:0001b370       ?vlog@@YAXPEAUlogEvent@@@Z 000000014001c370 f   main_win.obj
 0001:0001b430       ?vlog_ms@@YAXPEAUlogEvent@@@Z 000000014001c430 f   main_win.obj
 0001:0001b5d0       ?v2Clamp@@YAPEAMPEAM0@Z    000000014001c5d0 f   main_win.obj
 0001:0001b780       ?v4Set@@YAPEAMPEAMMMMM@Z   000000014001c780 f   main_win.obj
 0001:0001b810       ?v4Copy@@YAPEAMPEAM0@Z     000000014001c810 f   main_win.obj
 0001:0001b8d0       ?rectOverlaps@@YACPEAM0@Z  000000014001c8d0 f   main_win.obj
 0001:0001bc20       ?rectContainedBy@@YACPEAM0@Z 000000014001cc20 f   main_win.obj
 0001:0001be80       ?rectGetOverlap@@YAPEAMPEAM00@Z 000000014001ce80 f   main_win.obj
 0001:0001c190       ?rectUVCull@@YAPEAMPEAM00@Z 000000014001d190 f   main_win.obj
 0001:0001caa0       ?print_mat4@@YAXU?$mat@$03$03M$0A@@glm@@@Z 000000014001daa0 f   main_win.obj
 0001:0001cd70       ?matrix_look_at@@YA?AU?$mat@$03$03M$0A@@glm@@U?$vec@$02M$0A@@2@00@Z 000000014001dd70 f   main_win.obj
 0001:0001cf20       ?_matrix_look_at_broken_y@@YA?AU?$mat@$03$03M$0A@@glm@@U?$vec@$02M$0A@@2@00@Z 000000014001df20 f   main_win.obj
 0001:0001d0a0       ?flycamera_init@@YAXPEAUCamera@@_NMMMM@Z 000000014001e0a0 f   main_win.obj
 0001:0001d110       ?nuCameraInit@@YAXPEAUCamera@@MMMM@Z 000000014001e110 f   main_win.obj
 0001:0001d180       ?flycamera_process_mouse_movement@@YAXPEAUCamera@@MM@Z 000000014001e180 f   main_win.obj
 0001:0001d240       ?flycamera_process_mouse_scroll@@YAXPEAUCamera@@M@Z 000000014001e240 f   main_win.obj
 0001:0001d2e0       ?flycamera_process_movement@@YAXPEAUCamera@@HH@Z 000000014001e2e0 f   main_win.obj
 0001:0001d330       ?flycamera_update@@YAXPEAUCamera@@M@Z 000000014001e330 f   main_win.obj
 0001:0001d480       ?camViewMat@@YA?AU?$mat@$03$03M$0A@@glm@@PEAUCamera@@@Z 000000014001e480 f   main_win.obj
 0001:0001d610       ?camProjMat@@YA?AU?$mat@$03$03M$0A@@glm@@PEAUCamera@@@Z 000000014001e610 f   main_win.obj
 0001:0001d680       ?flycamera_get_weird_view_matrix@@YA?AU?$mat@$03$03M$0A@@glm@@PEAUCamera@@@Z 000000014001e680 f   main_win.obj
 0001:0001d7d0       ?camViewPosition@@YA?AU?$vec@$02M$0A@@glm@@PEAUCamera@@@Z 000000014001e7d0 f   main_win.obj
 0001:0001d880       ?camViewDirection@@YA?AU?$vec@$02M$0A@@glm@@PEAUCamera@@@Z 000000014001e880 f   main_win.obj
 0001:0001d930       ?RenderTextureLoad@@YAXPEAUTexture@@PEBD@Z 000000014001e930 f   main_win.obj
 0001:0001db40       ?RenderTextureFree@@YAXI@Z 000000014001eb40 f   main_win.obj
 0001:0001db70       ?RenderInit@@YAXPEAURenderer@@@Z 000000014001eb70 f   main_win.obj
 0001:0001e110       ?printShaderLog@@YAXI@Z    000000014001f110 f   main_win.obj
 0001:0001e1f0       ?printProgramLog@@YAXI@Z   000000014001f1f0 f   main_win.obj
 0001:0001e2d0       ?RenderFree@@YAXPEAURenderer@@@Z 000000014001f2d0 f   main_win.obj
 0001:0001e330       ?RenderBeginFrame@@YAXPEAURenderer@@@Z 000000014001f330 f   main_win.obj
 0001:0001e370       ?RenderEndFrame@@YAXPEAURenderer@@@Z 000000014001f370 f   main_win.obj
 0001:0001e460       ?RenderPushTriangle@@YAXPEAURenderer@@PEAM11111111I@Z 000000014001f460 f   main_win.obj
 0001:0001ec10       ?shader_init@@YA_NPEAUshader_s@@PEBD1@Z 000000014001fc10 f   main_win.obj
 0001:0001ee90       ?shader_clean@@YAXPEAUshader_s@@@Z 000000014001fe90 f   main_win.obj
 0001:0001eec0       ?shader_use@@YAXPEAUshader_s@@@Z 000000014001fec0 f   main_win.obj
 0001:0001eef0       ?shader_4f@@YAXPEAUshader_s@@PEBDMMMM@Z 000000014001fef0 f   main_win.obj
 0001:0001ef60       ?shader_3f@@YAXPEAUshader_s@@PEBDMMM@Z 000000014001ff60 f   main_win.obj
 0001:0001efc0       ?shader_1i@@YAXPEAUshader_s@@PEBDH@Z 000000014001ffc0 f   main_win.obj
 0001:0001f010       ?shader_1f@@YAXPEAUshader_s@@PEBDM@Z 0000000140020010 f   main_win.obj
 0001:0001f060       ?shader_mat4fv@@YAXPEAUshader_s@@PEBDPEBM@Z 0000000140020060 f   main_win.obj
 0001:0001f0c0       ?TileMapLoadCSV@@YAXPEAUTileMap@@PEBDPEAUTexture@@II@Z 00000001400200c0 f   main_win.obj
 0001:0001f1f0       ?Read2DMap@@YAXPEBDIPEAHIIPEAI2@Z 00000001400201f0 f   main_win.obj
 0001:0001f680       ?RenderExInit@@YAXPEAURendererEx@@@Z 0000000140020680 f   main_win.obj
 0001:0001f6e0       ?RenderWhiteTexture@@YAIXZ 00000001400206e0 f   main_win.obj
 0001:0001f7e0       ?RenderExFree@@YAXPEAURendererEx@@@Z 00000001400207e0 f   main_win.obj
 0001:0001f810       ?RenderPushQuadColor@@YAXPEAURendererEx@@PEAM1@Z 0000000140020810 f   main_win.obj
 0001:0001fbc0       ?RenderPushQuadTex@@YAXPEAURendererEx@@PEAMI1@Z 0000000140020bc0 f   main_win.obj
 0001:00020090       ?RenderPushQuadSubTex@@YAXPEAURendererEx@@PEAM1I1@Z 0000000140021090 f   main_win.obj
 0001:000205a0       ?RenderPushAtlasTile@@YAXPEAURendererEx@@PEAMPEAUTileMap@@I1@Z 00000001400215a0 f   main_win.obj
 0001:00020640       ?RenderPushString@@YAXPEAURendererEx@@PEAMPEBDPEAUTileMap@@1@Z 0000000140021640 f   main_win.obj
 0001:000207c0       ?RenderPushQuadSubTexOrigRot@@YAXPEAURendererEx@@PEAM1I11M@Z 00000001400217c0 f   main_win.obj
 0001:00020e70       ?ProjectilePoolInit@@YAXPEAUProjectilePool@@@Z 0000000140021e70 f   main_win.obj
 0001:00020f50       ?ProjectilePoolAlloc@@YAPEAUProjectile@@PEAUProjectilePool@@@Z 0000000140021f50 f   main_win.obj
 0001:00021020       ?ProjectilePoolFree@@YAXPEAUProjectilePool@@PEAUProjectile@@@Z 0000000140022020 f   main_win.obj
 0001:000210f0       ?ProjectilePoolCanAlloc@@YACPEAUProjectilePool@@@Z 00000001400220f0 f   main_win.obj
 0001:00021130       ?towerNew@@YAXPEAUTower@@PEAM@Z 0000000140022130 f   main_win.obj
 0001:000234a0       ?timeLeft@@YAIXZ           00000001400244a0 f   main_win.obj
 0001:000234e0       ?run@@YAHXZ                00000001400244e0 f   main_win.obj
 0001:00023750       ??$?0HHHH@?$vec@$03M$0A@@glm@@QEAA@HHHH@Z 0000000140024750 f i main_win.obj
 0001:000237b0       ??$?0HHHM@?$vec@$03M$0A@@glm@@QEAA@HHHM@Z 00000001400247b0 f i main_win.obj
 0001:00023810       ??$?0HHMH@?$vec@$03M$0A@@glm@@QEAA@HHMH@Z 0000000140024810 f i main_win.obj
 0001:00023870       ??$?0HMH@?$vec@$02M$0A@@glm@@QEAA@HMH@Z 0000000140024870 f i main_win.obj
 0001:000238c0       ??$?0HMHH@?$vec@$03M$0A@@glm@@QEAA@HMHH@Z 00000001400248c0 f i main_win.obj
 0001:00023920       ??$?0M$0A@@?$vec@$02M$0A@@glm@@QEAA@AEBU?$vec@$03M$0A@@1@@Z 0000000140024920 f i main_win.obj
 0001:00023970       ??$?0MH$0A@@?$vec@$03M$0A@@glm@@QEAA@AEBU?$vec@$02M$0A@@1@H@Z 0000000140024970 f i main_win.obj
 0001:000239d0       ??$?0MHHH@?$vec@$03M$0A@@glm@@QEAA@MHHH@Z 00000001400249d0 f i main_win.obj
 0001:00023a30       ??$?0MHM@?$vec@$02M$0A@@glm@@QEAA@MHM@Z 0000000140024a30 f i main_win.obj
 0001:00023a80       ??$?0MM$0A@@?$vec@$03M$0A@@glm@@QEAA@AEBU?$vec@$02M$0A@@1@M@Z 0000000140024a80 f i main_win.obj
 0001:00023ae0       ??$?DM$0A@@glm@@YA?AU?$mat@$03$03M$0A@@0@AEBU10@0@Z 0000000140024ae0 f i main_win.obj
 0001:00024110       ??$?DM$0A@@glm@@YA?AU?$vec@$02M$0A@@0@AEBU10@0@Z 0000000140025110 f i main_win.obj
 0001:00024190       ??$?DM$0A@@glm@@YA?AU?$vec@$02M$0A@@0@AEBU10@M@Z 0000000140025190 f i main_win.obj
 0001:00024200       ??$?DM$0A@@glm@@YA?AU?$vec@$03M$0A@@0@AEBU10@0@Z 0000000140025200 f i main_win.obj
 0001:00024260       ??$?DM$0A@@glm@@YA?AU?$vec@$03M$0A@@0@AEBU10@AEBM@Z 0000000140025260 f i main_win.obj
 0001:000242c0       ??$?DM$0A@@glm@@YA?AU?$vec@$03M$0A@@0@AEBU?$mat@$03$03M$0A@@0@AEBU10@@Z 00000001400252c0 f i main_win.obj
 0001:00024470       ??$?GM$0A@@glm@@YA?AU?$vec@$02M$0A@@0@AEBU10@0@Z 0000000140025470 f i main_win.obj
 0001:000244f0       ??$?GM$0A@@glm@@YA?AU?$vec@$02M$0A@@0@AEBU10@@Z 00000001400254f0 f i main_win.obj
 0001:00024560       ??$?HM$0A@@glm@@YA?AU?$vec@$02M$0A@@0@AEBU10@0@Z 0000000140025560 f i main_win.obj
 0001:000245e0       ??$?HM$0A@@glm@@YA?AU?$vec@$03M$0A@@0@AEBU10@0@Z 00000001400255e0 f i main_win.obj
 0001:00024640       ??$?XM@?$vec@$03M$0A@@glm@@QEAAAEAU01@AEBU01@@Z 0000000140025640 f i main_win.obj
 0001:000246a0       ??$?XM@?$vec@$03M$0A@@glm@@QEAAAEAU01@M@Z 00000001400256a0 f i main_win.obj
 0001:000246f0       ??$?YM@?$vec@$02M$0A@@glm@@QEAAAEAU01@AEBU01@@Z 00000001400256f0 f i main_win.obj
 0001:00024760       ??$?YM@?$vec@$03M$0A@@glm@@QEAAAEAU01@AEBU01@@Z 0000000140025760 f i main_win.obj
 0001:000247c0       ??$abs@M@glm@@YAMM@Z       00000001400257c0 f i main_win.obj
 0001:000247e0       ??$cross@M$0A@@glm@@YA?AU?$vec@$02M$0A@@0@AEBU10@0@Z 00000001400257e0 f i main_win.obj
 0001:00024820       ??$dot@$02M$0A@@glm@@YAMAEBU?$vec@$02M$0A@@0@0@Z 0000000140025820 f i main_win.obj
 0001:00024850       ??$inversesqrt@M@glm@@YAMM@Z 0000000140025850 f i main_win.obj
 0001:00024880       ??$length@$02M$0A@@glm@@YAMAEBU?$vec@$02M$0A@@0@@Z 0000000140025880 f i main_win.obj
 0001:000248a0       ??$normalize@$02M$0A@@glm@@YA?AU?$vec@$02M$0A@@0@AEBU10@@Z 00000001400258a0 f i main_win.obj
 0001:000248d0       ??$ortho@M@glm@@YA?AU?$mat@$03$03M$0A@@0@MMMMMM@Z 00000001400258d0 f i main_win.obj
 0001:00024940       ??$orthoRH_NO@M@glm@@YA?AU?$mat@$03$03M$0A@@0@MMMMMM@Z 0000000140025940 f i main_win.obj
 0001:00024bc0       ??$perspective@M@glm@@YA?AU?$mat@$03$03M$0A@@0@MMMM@Z 0000000140025bc0 f i main_win.obj
 0001:00024c10       ??$perspectiveRH_NO@M@glm@@YA?AU?$mat@$03$03M$0A@@0@MMMM@Z 0000000140025c10 f i main_win.obj
 0001:00024e60       ??$radians@M@glm@@YAMM@Z   0000000140025e60 f i main_win.obj
 0001:00024e80       ??$sprintf_s@$0BE@@@YAHAEAY0BE@DPEBDZZ 0000000140025e80 f i main_win.obj
 0001:00024ec0       ??$sprintf_s@$0BI@@@YAHAEAY0BI@DPEBDZZ 0000000140025ec0 f i main_win.obj
 0001:00024f00       ??$translate@M$0A@@glm@@YA?AU?$mat@$03$03M$0A@@0@AEBU10@AEBU?$vec@$02M$0A@@0@@Z 0000000140025f00 f i main_win.obj
 0001:000250d0       ??$transpose@$02$02M$0A@@glm@@YA?AU?$mat@$02$02M$0A@@0@AEBU10@@Z 00000001400260d0 f i main_win.obj
 0001:00025100       ??$value_ptr@M$0A@@glm@@YAPEAMAEAU?$mat@$03$03M$0A@@0@@Z 0000000140026100 f i main_win.obj
 0001:00025120       ??$value_ptr@M$0A@@glm@@YAPEBMAEBU?$mat@$03$03M$0A@@0@@Z 0000000140026120 f i main_win.obj
 0001:00025140       ??0?$mat@$02$02M$0A@@glm@@QEAA@AEBU?$vec@$02M$0A@@1@00@Z 0000000140026140 f i main_win.obj
 0001:000251f0       ??0?$mat@$03$03M$0A@@glm@@QEAA@AEBM@Z 00000001400261f0 f i main_win.obj
 0001:000252b0       ??0?$mat@$03$03M$0A@@glm@@QEAA@AEBU?$mat@$02$02M$0A@@1@@Z 00000001400262b0 f i main_win.obj
 0001:00025350       ??0?$vec@$02M$0A@@glm@@QEAA@M@Z 0000000140026350 f i main_win.obj
 0001:00025390       ??0?$vec@$02M$0A@@glm@@QEAA@MMM@Z 0000000140026390 f i main_win.obj
 0001:000253e0       ??0?$vec@$03M$0A@@glm@@QEAA@M@Z 00000001400263e0 f i main_win.obj
 0001:00025430       ??0?$vec@$03M$0A@@glm@@QEAA@MMMM@Z 0000000140026430 f i main_win.obj
 0001:00025490       ??A?$mat@$02$02M$0A@@glm@@QEAAAEAU?$vec@$02M$0A@@1@H@Z 0000000140026490 f i main_win.obj
 0001:000254e0       ??A?$mat@$02$02M$0A@@glm@@QEBAAEBU?$vec@$02M$0A@@1@H@Z 00000001400264e0 f i main_win.obj
 0001:00025530       ??A?$mat@$03$03M$0A@@glm@@QEAAAEAU?$vec@$03M$0A@@1@H@Z 0000000140026530 f i main_win.obj
 0001:00025580       ??A?$mat@$03$03M$0A@@glm@@QEBAAEBU?$vec@$03M$0A@@1@H@Z 0000000140026580 f i main_win.obj
 0001:000255d0       ??A?$vec@$02M$0A@@glm@@QEAAAEAMH@Z 00000001400265d0 f i main_win.obj
 0001:00025650       ??A?$vec@$02M$0A@@glm@@QEBAAEBMH@Z 0000000140026650 f i main_win.obj
 0001:000256d0       ??A?$vec@$03M$0A@@glm@@QEAAAEAMH@Z 00000001400266d0 f i main_win.obj
 0001:00025760       ??A?$vec@$03M$0A@@glm@@QEBAAEBMH@Z 0000000140026760 f i main_win.obj
 0001:000257f0       ?abs@@YAMM@Z               00000001400267f0 f i main_win.obj
 0001:00025810       ?atan2@@YAMMM@Z            0000000140026810 f i main_win.obj
 0001:00025840       ?call@?$compute_abs@M$00@detail@glm@@SAMM@Z 0000000140026840 f i main_win.obj
 0001:00025890       ?call@?$compute_cross@M$0A@$0A@@detail@glm@@SA?AU?$vec@$02M$0A@@3@AEBU43@0@Z 0000000140026890 f i main_win.obj
 0001:00025950       ?call@?$compute_dot@U?$vec@$02M$0A@@glm@@M$0A@@detail@glm@@SAMAEBU?$vec@$02M$0A@@3@0@Z 0000000140026950 f i main_win.obj
 0001:00025990       ?call@?$compute_length@$02M$0A@$0A@@detail@glm@@SAMAEBU?$vec@$02M$0A@@3@@Z 0000000140026990 f i main_win.obj
 0001:000259c0       ?call@?$compute_normalize@$02M$0A@$0A@@detail@glm@@SA?AU?$vec@$02M$0A@@3@AEBU43@@Z 00000001400269c0 f i main_win.obj
 0001:00025a00       ?call@?$compute_transpose@$02$02M$0A@$0A@@detail@glm@@SA?AU?$mat@$02$02M$0A@@3@AEBU43@@Z 0000000140026a00 f i main_win.obj
 0001:00025cf0       ?call@?$compute_vec4_add@M$0A@$0A@@detail@glm@@SA?AU?$vec@$03M$0A@@3@AEBU43@0@Z 0000000140026cf0 f i main_win.obj
 0001:00025d80       ?call@?$compute_vec4_mul@M$0A@$0A@@detail@glm@@SA?AU?$vec@$03M$0A@@3@AEBU43@0@Z 0000000140026d80 f i main_win.obj
 0001:00025e10       ?cos@@YAMM@Z               0000000140026e10 f i main_win.obj
 0001:00025e30       ?epsilon@?$numeric_limits@M@std@@SAMXZ 0000000140026e30 f i main_win.obj
 0001:00025e40       ?fmod@@YAMMM@Z             0000000140026e40 f i main_win.obj
 0001:00025e70       ?ldexp@@YAMMH@Z            0000000140026e70 f i main_win.obj
 0001:00025ea0       ?length@?$mat@$02$02M$0A@@glm@@SAHXZ 0000000140026ea0 f i main_win.obj
 0001:00025ea0       ?length@?$vec@$02M$0A@@glm@@SAHXZ 0000000140026ea0 f i main_win.obj
 0001:00025eb0       ?length@?$mat@$03$03M$0A@@glm@@SAHXZ 0000000140026eb0 f i main_win.obj
 0001:00025eb0       ?length@?$vec@$03M$0A@@glm@@SAHXZ 0000000140026eb0 f i main_win.obj
 0001:00025ec0       ?pow@@YAMMM@Z              0000000140026ec0 f i main_win.obj
 0001:00025ef0       ?sin@@YAMM@Z               0000000140026ef0 f i main_win.obj
 0001:00025f10       ?sqrt@@YAMM@Z              0000000140026f10 f i main_win.obj
 0001:00025f30       ?tan@@YAMM@Z               0000000140026f30 f i main_win.obj
 0001:00025f50       __local_stdio_printf_options 0000000140026f50 f i main_win.obj
 0001:00025f60       __local_stdio_scanf_options 0000000140026f60 f i main_win.obj
 0001:00025f70       _vfprintf_l                0000000140026f70 f i main_win.obj
 0001:00025fc0       _vsnprintf_s               0000000140026fc0 f i main_win.obj
 0001:00026010       _vsnprintf_s_l             0000000140027010 f i main_win.obj
 0001:00026090       _vsprintf_s_l              0000000140027090 f i main_win.obj
 0001:00026100       _vsscanf_s_l               0000000140027100 f i main_win.obj
 0001:00026160       fabsf                      0000000140027160 f i main_win.obj
 0001:00026180       fprintf                    0000000140027180 f i main_win.obj
 0001:000261d0       ldexpf                     00000001400271d0 f i main_win.obj
 0001:00026200       printf                     0000000140027200 f i main_win.obj
 0001:00026260       snprintf                   0000000140027260 f i main_win.obj
 0001:000262c0       sscanf_s                   00000001400272c0 f i main_win.obj
 0001:00026310       vfprintf                   0000000140027310 f i main_win.obj
 0001:00026340       vsnprintf                  0000000140027340 f i main_win.obj
 0001:000263c0       vsprintf_s                 00000001400273c0 f i main_win.obj
 0001:00026400       vsscanf_s                  0000000140027400 f i main_win.obj
 0001:0002642f       SDL_free                   000000014002742f f   SDL2:SDL2.dll
 0001:00026435       SDL_GetError               0000000140027435 f   SDL2:SDL2.dll
 0001:0002643b       SDL_LoadFile               000000014002743b f   SDL2:SDL2.dll
 0001:00026441       SDL_CreateWindow           0000000140027441 f   SDL2:SDL2.dll
 0001:00026447       SDL_DestroyWindow          0000000140027447 f   SDL2:SDL2.dll
 0001:0002644d       SDL_GL_SetAttribute        000000014002744d f   SDL2:SDL2.dll
 0001:00026453       SDL_GL_CreateContext       0000000140027453 f   SDL2:SDL2.dll
 0001:00026459       SDL_GL_SetSwapInterval     0000000140027459 f   SDL2:SDL2.dll
 0001:0002645f       SDL_GL_SwapWindow          000000014002745f f   SDL2:SDL2.dll
 0001:00026465       SDL_GL_DeleteContext       0000000140027465 f   SDL2:SDL2.dll
 0001:0002646b       SDL_GetMouseState          000000014002746b f   SDL2:SDL2.dll
 0001:00026471       SDL_PollEvent              0000000140027471 f   SDL2:SDL2.dll
 0001:00026477       SDL_GetTicks               0000000140027477 f   SDL2:SDL2.dll
 0001:0002647d       SDL_Delay                  000000014002747d f   SDL2:SDL2.dll
 0001:00026483       SDL_Init                   0000000140027483 f   SDL2:SDL2.dll
 0001:00026489       SDL_Quit                   0000000140027489 f   SDL2:SDL2.dll
 0001:00026490       __raise_securityfailure    0000000140027490 f   LIBCMT:gs_report.obj
 0001:000264c4       __report_gsfailure         00000001400274c4 f   LIBCMT:gs_report.obj
 0001:00026598       __report_rangecheckfailure 0000000140027598 f   LIBCMT:gs_report.obj
 0001:000265ac       __report_securityfailure   00000001400275ac f   LIBCMT:gs_report.obj
 0001:0002672c       __GSHandlerCheck           000000014002772c f   LIBCMT:gshandler.obj
 0001:0002674c       __GSHandlerCheckCommon     000000014002774c f   LIBCMT:gshandler.obj
 0001:000267c0       __chkstk                   00000001400277c0 f   LIBCMT:chkstk.obj
 0001:000267c0       _alloca_probe              00000001400277c0 f   LIBCMT:chkstk.obj
 0001:00026820       __security_check_cookie    0000000140027820 f   LIBCMT:amdsecgs.obj
 0001:00026a98       WinMainCRTStartup          0000000140027a98 f   LIBCMT:exe_winmain.obj
 0001:00026aac       __scrt_acquire_startup_lock 0000000140027aac f   LIBCMT:utility.obj
 0001:00026ae8       __scrt_initialize_crt      0000000140027ae8 f   LIBCMT:utility.obj
 0001:00026b34       __scrt_initialize_onexit_tables 0000000140027b34 f   LIBCMT:utility.obj
 0001:00026bc0       __scrt_is_nonwritable_in_current_image 0000000140027bc0 f   LIBCMT:utility.obj
 0001:00026c58       __scrt_release_startup_lock 0000000140027c58 f   LIBCMT:utility.obj
 0001:00026c7c       __scrt_uninitialize_crt    0000000140027c7c f   LIBCMT:utility.obj
 0001:00026ca8       _onexit                    0000000140027ca8 f   LIBCMT:utility.obj
 0001:00026ce4       atexit                     0000000140027ce4 f   LIBCMT:utility.obj
 0001:00026cfc       __security_init_cookie     0000000140027cfc f   LIBCMT:gs_support.obj
 0001:00026da8       __scrt_exe_initialize_mta  0000000140027da8 f   LIBCMT:utility_desktop.obj
 0001:00026da8       __scrt_initialize_winrt    0000000140027da8 f   LIBCMT:utility_desktop.obj
 0001:00026da8       __scrt_stub_for_initialize_mta 0000000140027da8 f   LIBCMT:utility_desktop.obj
 0001:00026da8       _get_startup_commit_mode   0000000140027da8 f   LIBCMT:commit_mode.obj
 0001:00026da8       _get_startup_new_mode      0000000140027da8 f   LIBCMT:new_mode.obj
 0001:00026da8       _get_startup_thread_locale_mode 0000000140027da8 f   LIBCMT:thread_locale.obj
 0001:00026da8       _matherr                   0000000140027da8 f   LIBCMT:matherr.obj
 0001:00026dac       _get_startup_argv_mode     0000000140027dac f   LIBCMT:argv_mode.obj
 0001:00026db4       _get_startup_file_mode     0000000140027db4 f   LIBCMT:file_mode.obj
 0001:00026dbc       ?__scrt_initialize_type_info@@YAXXZ 0000000140027dbc f   LIBCMT:tncleanup.obj
 0001:00026dcc       __acrt_uninitialize_command_line 0000000140027dcc f   libucrt:argv_data.obj
 0001:00026dcc       _should_initialize_environment 0000000140027dcc f   LIBCMT:env_mode.obj
 0001:00026dd0       _guard_check_icall_nop     0000000140027dd0 f   LIBCMT:guard_support.obj
 0001:00026dd0       _initialize_denormal_control 0000000140027dd0 f   LIBCMT:denormal_control.obj
 0001:00026dd0       _initialize_invalid_parameter_handler 0000000140027dd0 f   LIBCMT:invalid_parameter_handler.obj
 0001:00026dd4       __scrt_initialize_default_local_stdio_options 0000000140027dd4 f   LIBCMT:default_local_stdio_options.obj
 0001:00026df0       __scrt_is_user_matherr_present 0000000140027df0 f   LIBCMT:matherr_detection.obj
 0001:00026dfc       __scrt_get_dyn_tls_init_callback 0000000140027dfc f   LIBCMT:dyn_tls_init.obj
 0001:00026e04       __scrt_get_dyn_tls_dtor_callback 0000000140027e04 f   LIBCMT:dyn_tls_dtor.obj
 0001:00026e0c       __crt_debugger_hook        0000000140027e0c f   LIBCMT:utility_desktop.obj
 0001:00026e14       __scrt_fastfail            0000000140027e14 f   LIBCMT:utility_desktop.obj
 0001:00026f60       __scrt_get_show_window_mode 0000000140027f60 f   LIBCMT:utility_desktop.obj
 0001:00026f9c       __scrt_initialize_mta      0000000140027f9c f   LIBCMT:utility_desktop.obj
 0001:00026fa4       __scrt_is_managed_app      0000000140027fa4 f   LIBCMT:utility_desktop.obj
 0001:00026ff8       __scrt_set_unhandled_exception_filter 0000000140027ff8 f   LIBCMT:utility_desktop.obj
 0001:00027008       __scrt_unhandled_exception_filter 0000000140028008 f   LIBCMT:utility_desktop.obj
 0001:00027064       _RTC_Initialize            0000000140028064 f   LIBCMT:initsect.obj
 0001:000270a0       _RTC_Terminate             00000001400280a0 f   LIBCMT:initsect.obj
 0001:000270dc       __isa_available_init       00000001400280dc f   LIBCMT:cpu_disp.obj
 0001:00027288       __scrt_is_ucrt_dll_in_use  0000000140028288 f   LIBCMT:ucrt_detection.obj
 0001:000272a0       __C_specific_handler       00000001400282a0 f   libvcruntime:riscchandler.obj
 0001:00027498       __vcrt_initialize          0000000140028498 f   libvcruntime:initialization.obj
 0001:000274c0       __vcrt_uninitialize        00000001400284c0 f   libvcruntime:initialization.obj
 0001:000274dc       __std_type_info_compare    00000001400284dc f   libvcruntime:std_type_info.obj
 0001:00027504       __DestructExceptionObject  0000000140028504 f   libvcruntime:ehhelpers.obj
 0001:00027574       ?_CallMemberFunction0@@YAXQEAX0@Z 0000000140028574 f i libvcruntime:ehhelpers.obj
 0001:00027578       _IsExceptionObjectToBeDestroyed 0000000140028578 f   libvcruntime:ehhelpers.obj
 0001:000275a8       __AdjustPointer            00000001400285a8 f   libvcruntime:ehhelpers.obj
 0001:000275cc       __FrameUnwindFilter        00000001400285cc f   libvcruntime:ehhelpers.obj
 0001:00027634       __current_exception        0000000140028634 f   libvcruntime:ehhelpers.obj
 0001:00027648       __current_exception_context 0000000140028648 f   libvcruntime:ehhelpers.obj
 0001:0002765c       __std_terminate            000000014002865c f   libvcruntime:ehhelpers.obj
 0001:00027680       memset_repstos             0000000140028680 f   libvcruntime:memset.obj
 0001:000276a0       memset                     00000001400286a0 f   libvcruntime:memset.obj
 0001:00027a40       _NLG_Notify                0000000140028a40 f   libvcruntime:notify.obj
 0001:00027a60       __NLG_Dispatch2            0000000140028a60 f   libvcruntime:notify.obj
 0001:00027a70       __NLG_Return2              0000000140028a70 f   libvcruntime:notify.obj
 0001:00027a74       __except_validate_context_record 0000000140028a74 f   libvcruntime:jbcxrval.obj
 0001:00027aac       __vcrt_freefls             0000000140028aac f   libvcruntime:per_thread_data.obj
 0001:00027acc       __vcrt_getptd              0000000140028acc f   libvcruntime:per_thread_data.obj
 0001:00027ae8       __vcrt_getptd_noexit       0000000140028ae8 f   libvcruntime:per_thread_data.obj
 0001:00027ba8       __vcrt_initialize_ptd      0000000140028ba8 f   libvcruntime:per_thread_data.obj
 0001:00027bf0       __vcrt_uninitialize_ptd    0000000140028bf0 f   libvcruntime:per_thread_data.obj
 0001:00027c14       __vcrt_initialize_locks    0000000140028c14 f   libvcruntime:locks.obj
 0001:00027c5c       __vcrt_uninitialize_locks  0000000140028c5c f   libvcruntime:locks.obj
 0001:00027de4       __vcrt_FlsAlloc            0000000140028de4 f   libvcruntime:winapi_downlevel.obj
 0001:00027e2c       __vcrt_FlsFree             0000000140028e2c f   libvcruntime:winapi_downlevel.obj
 0001:00027e74       __vcrt_FlsGetValue         0000000140028e74 f   libvcruntime:winapi_downlevel.obj
 0001:00027ebc       __vcrt_FlsSetValue         0000000140028ebc f   libvcruntime:winapi_downlevel.obj
 0001:00027f10       __vcrt_InitializeCriticalSectionEx 0000000140028f10 f   libvcruntime:winapi_downlevel.obj
 0001:00027f74       ??$_CallSETranslator@V__FrameHandler3@@@@YAHPEAUEHExceptionRecord@@PEA_KPEAU_CONTEXT@@PEAU_xDISPATCHER_CONTEXT@@PEBU_s_FuncInfo@@K1H@Z 0000000140028f74 f i libvcruntime:risctrnsctrl.obj
 0001:00027fc8       ?CatchTryBlock@__FrameHandler3@@SAPEBU_s_TryBlockMapEntry@@PEBU_s_FuncInfo@@H@Z 0000000140028fc8 f   libvcruntime:risctrnsctrl.obj
 0001:0002802c       ?ExecutionInCatch@__FrameHandler3@@SA_NPEAU_xDISPATCHER_CONTEXT@@PEBU_s_FuncInfo@@@Z 000000014002902c f   libvcruntime:risctrnsctrl.obj
 0001:00028058       ?FrameUnwindToEmptyState@__FrameHandler3@@SAXPEA_KPEAU_xDISPATCHER_CONTEXT@@PEBU_s_FuncInfo@@@Z 0000000140029058 f   libvcruntime:risctrnsctrl.obj
 0001:000280bc       ?GetEstablisherFrame@__FrameHandler3@@SAPEA_KPEA_KPEAU_xDISPATCHER_CONTEXT@@PEBU_s_FuncInfo@@0@Z 00000001400290bc f   libvcruntime:risctrnsctrl.obj
 0001:00028188       ?GetRangeOfTrysToCheck@__FrameHandler3@@SA?AU?$pair@Viterator@TryBlockMap@__FrameHandler3@@V123@@std@@AEAVTryBlockMap@1@HPEAU_xDISPATCHER_CONTEXT@@PEBU_s_FuncInfo@@H@Z 0000000140029188 f   libvcruntime:risctrnsctrl.obj
 0001:000282c8       ?UnwindNestedFrames@__FrameHandler3@@SAXPEA_KPEAUEHExceptionRecord@@PEAU_CONTEXT@@0PEAXPEBU_s_FuncInfo@@HHPEBU_s_HandlerType@@PEAU_xDISPATCHER_CONTEXT@@E@Z 00000001400292c8 f   libvcruntime:risctrnsctrl.obj
 0001:000283cc       _CreateFrameInfo           00000001400293cc f   libvcruntime:risctrnsctrl.obj
 0001:00028408       _FindAndUnlinkFrame        0000000140029408 f   libvcruntime:risctrnsctrl.obj
 0001:0002845c       _GetImageBase              000000014002945c f   libvcruntime:risctrnsctrl.obj
 0001:00028470       _GetThrowImageBase         0000000140029470 f   libvcruntime:risctrnsctrl.obj
 0001:00028484       _SetImageBase              0000000140029484 f   libvcruntime:risctrnsctrl.obj
 0001:0002849c       _SetThrowImageBase         000000014002949c f   libvcruntime:risctrnsctrl.obj
 0001:000284b4       __CxxFrameHandler3         00000001400294b4 f   libvcruntime:risctrnsctrl.obj
 0001:00028550       memcpy_repmovs             0000000140029550 f   libvcruntime:memcpy.obj
 0001:00028570       memcpy                     0000000140029570 f   libvcruntime:memcpy.obj
 0001:00028570       memmove                    0000000140029570 f   libvcruntime:memcpy.obj
 0001:00028be8       ?GetCurrentState@__FrameHandler3@@SAHPEA_KPEAU_xDISPATCHER_CONTEXT@@PEBU_s_FuncInfo@@@Z 0000000140029be8 f   libvcruntime:ehstate.obj
 0001:00028c10       ?GetUnwindTryBlock@__FrameHandler3@@SAHPEA_KPEAU_xDISPATCHER_CONTEXT@@PEBU_s_FuncInfo@@@Z 0000000140029c10 f   libvcruntime:ehstate.obj
 0001:00028c3c       ?SetState@__FrameHandler3@@SAXPEA_KPEBU_s_FuncInfo@@H@Z 0000000140029c3c f   libvcruntime:ehstate.obj
 0001:00028c48       ?SetUnwindTryBlock@__FrameHandler3@@SAXPEA_KPEAU_xDISPATCHER_CONTEXT@@PEBU_s_FuncInfo@@H@Z 0000000140029c48 f   libvcruntime:ehstate.obj
 0001:00028c84       ?StateFromControlPc@__FrameHandler3@@SAHPEBU_s_FuncInfo@@PEAU_xDISPATCHER_CONTEXT@@@Z 0000000140029c84 f   libvcruntime:ehstate.obj
 0001:00028c8c       ?StateFromIp@__FrameHandler3@@SAHPEBU_s_FuncInfo@@PEAU_xDISPATCHER_CONTEXT@@_K@Z 0000000140029c8c f   libvcruntime:ehstate.obj
 0001:0002977c       ??$TypeMatchHelper@V__FrameHandler3@@@@YAHPEBU_s_HandlerType@@PEBU_s_CatchableType@@PEBU_s_ThrowInfo@@@Z 000000014002a77c f i libvcruntime:frame.obj
 0001:000298bc       ??$__InternalCxxFrameHandler@V__FrameHandler3@@@@YA?AW4_EXCEPTION_DISPOSITION@@PEAUEHExceptionRecord@@PEA_KPEAU_CONTEXT@@PEAU_xDISPATCHER_CONTEXT@@PEBU_s_FuncInfo@@H1E@Z 000000014002a8bc f i libvcruntime:frame.obj
 0001:00029af4       ??$__InternalCxxFrameHandlerWrapper@V__FrameHandler3@@@@YA?AW4_EXCEPTION_DISPOSITION@@PEAUEHExceptionRecord@@PEA_KPEAU_CONTEXT@@PEAU_xDISPATCHER_CONTEXT@@PEBU_s_FuncInfo@@H1E@Z 000000014002aaf4 f i libvcruntime:frame.obj
 0001:00029afc       ??0bad_exception@std@@QEAA@AEBV01@@Z 000000014002aafc f i libvcruntime:frame.obj
 0001:00029b38       ??0bad_exception@std@@QEAA@XZ 000000014002ab38 f i libvcruntime:frame.obj
 0001:00029b58       ??0exception@std@@QEAA@AEBV01@@Z 000000014002ab58 f i libvcruntime:frame.obj
 0001:00029b8c       ??1bad_exception@std@@UEAA@XZ 000000014002ab8c f i libvcruntime:frame.obj
 0001:00029ba0       ??_Ebad_exception@std@@UEAAPEAXI@Z 000000014002aba0 f i libvcruntime:frame.obj
 0001:00029ba0       ??_Eexception@std@@UEAAPEAXI@Z 000000014002aba0 f i libvcruntime:frame.obj
 0001:00029ba0       ??_Gbad_exception@std@@UEAAPEAXI@Z 000000014002aba0 f i libvcruntime:frame.obj
 0001:00029ba0       ??_Gexception@std@@UEAAPEAXI@Z 000000014002aba0 f i libvcruntime:frame.obj
 0001:00029be4       ?CxxCallCatchBlock@__FrameHandler3@@SAPEAXPEAU_EXCEPTION_RECORD@@@Z 000000014002abe4 f   libvcruntime:frame.obj
 0001:00029e58       ?FrameUnwindToState@__FrameHandler3@@SAXPEA_KPEAU_xDISPATCHER_CONTEXT@@PEBU_s_FuncInfo@@H@Z 000000014002ae58 f   libvcruntime:frame.obj
 0001:00029fe4       ?GetHandlerSearchState@__FrameHandler3@@SAHPEA_KPEAU_xDISPATCHER_CONTEXT@@PEBU_s_FuncInfo@@@Z 000000014002afe4 f i libvcruntime:frame.obj
 0001:0002a1f4       ?_CallMemberFunction1@@YAXQEAX00@Z 000000014002b1f4 f i libvcruntime:frame.obj
 0001:0002a200       ?_CallMemberFunction2@@YAXQEAX00H@Z 000000014002b200 f i libvcruntime:frame.obj
 0001:0002a210       ?what@exception@std@@UEBAPEBDXZ 000000014002b210 f i libvcruntime:frame.obj
 0001:0002a240       _CallSettingFrame          000000014002b240 f   libvcruntime:handlers.obj
 0001:0002a290       _CallSettingFrame_LookupContinuationIndex 000000014002b290 f   libvcruntime:handlers.obj
 0001:0002a2c0       _CallSettingFrame_NotifyContinuationAddr 000000014002b2c0 f   libvcruntime:handlers.obj
 0001:0002a2f0       _CallSettingFrameEncoded   000000014002b2f0 f   libvcruntime:handlers.obj
 0001:0002a338       __std_exception_copy       000000014002b338 f   libvcruntime:std_exception.obj
 0001:0002a3c8       __std_exception_destroy    000000014002b3c8 f   libvcruntime:std_exception.obj
 0001:0002a3f0       _CxxThrowException         000000014002b3f0 f   libvcruntime:throw.obj
 0001:0002a490       _local_unwind              000000014002b490 f   libvcruntime:jmpuwind.obj
 0001:0002a4d0       strncmp                    000000014002b4d0 f   libucrt:strncmp.obj
 0001:0002a550       free                       000000014002b550 f   libucrt:free.obj
 0001:0002a564       malloc                     000000014002b564 f   libucrt:malloc.obj
 0001:0002a56c       realloc                    000000014002b56c f   libucrt:realloc.obj
 0001:0002a574       ??$is_overflow_condition@_K@__crt_strtox@@YA_NI_K@Z 000000014002b574 f i libucrt:strtox.obj
 0001:0002a5a4       ??$parse_integer@KV?$c_string_character_source@D@__crt_strtox@@$00@__crt_strtox@@YAKAEAV__crt_cached_ptd_host@@V?$c_string_character_source@D@0@H_N@Z 000000014002b5a4 f i libucrt:strtox.obj
 0001:0002a884       ??$parse_integer@_KV?$c_string_character_source@D@__crt_strtox@@$00@__crt_strtox@@YA_KAEAV__crt_cached_ptd_host@@V?$c_string_character_source@D@0@H_N@Z 000000014002b884 f i libucrt:strtox.obj
 0001:0002ab60       ?get_raw_ptd@__crt_cached_ptd_host@@QEAAPEAU__acrt_ptd@@XZ 000000014002bb60 f i libucrt:strtox.obj
 0001:0002abd0       ?update_locale_slow@__crt_cached_ptd_host@@AEAAXXZ 000000014002bbd0 f i libucrt:strtox.obj
 0001:0002ac48       _ischartype_l              000000014002bc48 f i libucrt:strtox.obj
 0001:0002acc0       strtol                     000000014002bcc0 f   libucrt:strtox.obj
 0001:0002ad74       strtoull                   000000014002bd74 f   libucrt:strtox.obj
 0001:0002ae28       ldexp                      000000014002be28 f   libucrt:ldexp.obj
 0001:0002af98       ??0__crt_stdio_stream@@QEAA@QEAU_iobuf@@@Z 000000014002bf98 f i libucrt:_file.obj
 0001:0002afa0       __acrt_initialize_stdio    000000014002bfa0 f   libucrt:_file.obj
 0001:0002b0c0       __acrt_iob_func            000000014002c0c0 f   libucrt:_file.obj
 0001:0002b0d4       __acrt_uninitialize_stdio  000000014002c0d4 f   libucrt:_file.obj
 0001:0002b130       _lock_file                 000000014002c130 f   libucrt:_file.obj
 0001:0002b13c       _unlock_file               000000014002c13c f   libucrt:_file.obj
 0001:0002b204       fopen_s                    000000014002c204 f   libucrt:fopen.obj
 0001:0002b37c       fclose                     000000014002c37c f   libucrt:fclose.obj
 0001:0002b414       feof                       000000014002c414 f   libucrt:feoferr.obj
 0001:0002b440       ferror                     000000014002c440 f   libucrt:feoferr.obj
 0001:0002b688       __acrt_stdio_flush_nolock  000000014002c688 f   libucrt:fflush.obj
 0001:0002b714       _fflush_nolock             000000014002c714 f   libucrt:fflush.obj
 0001:0002b7e8       _flushall                  000000014002c7e8 f   libucrt:fflush.obj
 0001:0002b7f0       fflush                     000000014002c7f0 f   libucrt:fflush.obj
 0001:0002b858       _fgetc_nolock              000000014002c858 f   libucrt:fgetc.obj
 0001:0002b89c       fgetc                      000000014002c89c f   libucrt:fgetc.obj
 0001:0002b9ac       ?has_any_buffer@__crt_stdio_stream@@QEBA_NXZ 000000014002c9ac f i libucrt:fread.obj
 0001:0002b9bc       _fread_nolock_s            000000014002c9bc f   libucrt:fread.obj
 0001:0002bc1c       fread                      000000014002cc1c f   libucrt:fread.obj
 0001:0002bc3c       fread_s                    000000014002cc3c f   libucrt:fread.obj
 0001:0002bf34       fseek                      000000014002cf34 f   libucrt:fseek.obj
 0001:0002c4e0       _ftelli64_nolock_internal  000000014002d4e0 f   libucrt:ftell.obj
 0001:0002c4e8       ftell                      000000014002d4e8 f   libucrt:ftell.obj
 0001:0002c580       _ungetc_nolock             000000014002d580 f   libucrt:ungetc.obj
 0001:0002c6a0       ungetc                     000000014002d6a0 f   libucrt:ungetc.obj
 0001:0002c928       ??$ensure_buffer_is_big_enough@D@formatting_buffer@__crt_stdio_output@@QEAA_N_KAEAV__crt_cached_ptd_host@@@Z 000000014002d928 f i libucrt:output.obj
 0001:0002c9d0       ??$ensure_buffer_is_big_enough@_W@formatting_buffer@__crt_stdio_output@@QEAA_N_KAEAV__crt_cached_ptd_host@@@Z 000000014002d9d0 f i libucrt:output.obj
 0001:0002ca7c       ??$is_wide_character_specifier@_W@__crt_stdio_output@@YA_N_K_WW4length_modifier@0@@Z 000000014002da7c f i libucrt:output.obj
 0001:0002cabc       ??$parse_integer@KV?$c_string_character_source@D@__crt_strtox@@$0A@@__crt_strtox@@YAKAEAV__crt_cached_ptd_host@@V?$c_string_character_source@D@0@H_N@Z 000000014002dabc f i libucrt:output.obj
 0001:0002cd6c       ??$parse_integer@KV?$c_string_character_source@_W@__crt_strtox@@$0A@@__crt_strtox@@YAKAEAV__crt_cached_ptd_host@@V?$c_string_character_source@_W@0@H_N@Z 000000014002dd6c f i libucrt:output.obj
 0001:0002d4c4       ??$type_case_integer@$07@?$output_processor@DV?$stream_output_adapter@D@__crt_stdio_output@@V?$standard_base@DV?$stream_output_adapter@D@__crt_stdio_output@@@2@@__crt_stdio_output@@AEAA_N_N@Z 000000014002e4c4 f i libucrt:output.obj
 0001:0002d4c4       ??$type_case_integer@$07@?$output_processor@DV?$string_output_adapter@D@__crt_stdio_output@@V?$format_validation_base@DV?$string_output_adapter@D@__crt_stdio_output@@@2@@__crt_stdio_output@@AEAA_N_N@Z 000000014002e4c4 f i libucrt:output.obj
 0001:0002d4c4       ??$type_case_integer@$07@?$output_processor@DV?$string_output_adapter@D@__crt_stdio_output@@V?$standard_base@DV?$string_output_adapter@D@__crt_stdio_output@@@2@@__crt_stdio_output@@AEAA_N_N@Z 000000014002e4c4 f i libucrt:output.obj
 0001:0002d6ac       ??$type_case_integer@$07@?$output_processor@_WV?$stream_output_adapter@_W@__crt_stdio_output@@V?$standard_base@_WV?$stream_output_adapter@_W@__crt_stdio_output@@@2@@__crt_stdio_output@@AEAA_N_N@Z 000000014002e6ac f i libucrt:output.obj
 0001:0002d6ac       ??$type_case_integer@$07@?$output_processor@_WV?$string_output_adapter@_W@__crt_stdio_output@@V?$standard_base@_WV?$string_output_adapter@_W@__crt_stdio_output@@@2@@__crt_stdio_output@@AEAA_N_N@Z 000000014002e6ac f i libucrt:output.obj
 0001:0002d898       ??$type_case_integer@$09@?$output_processor@DV?$stream_output_adapter@D@__crt_stdio_output@@V?$standard_base@DV?$stream_output_adapter@D@__crt_stdio_output@@@2@@__crt_stdio_output@@AEAA_N_N@Z 000000014002e898 f i libucrt:output.obj
 0001:0002d898       ??$type_case_integer@$09@?$output_processor@DV?$string_output_adapter@D@__crt_stdio_output@@V?$format_validation_base@DV?$string_output_adapter@D@__crt_stdio_output@@@2@@__crt_stdio_output@@AEAA_N_N@Z 000000014002e898 f i libucrt:output.obj
 0001:0002d898       ??$type_case_integer@$09@?$output_processor@DV?$string_output_adapter@D@__crt_stdio_output@@V?$standard_base@DV?$string_output_adapter@D@__crt_stdio_output@@@2@@__crt_stdio_output@@AEAA_N_N@Z 000000014002e898 f i libucrt:output.obj
 0001:0002da80       ??$type_case_integer@$09@?$output_processor@_WV?$stream_output_adapter@_W@__crt_stdio_output@@V?$standard_base@_WV?$stream_output_adapter@_W@__crt_stdio_output@@@2@@__crt_stdio_output@@AEAA_N_N@Z 000000014002ea80 f i libucrt:output.obj
 0001:0002da80       ??$type_case_integer@$09@?$output_processor@_WV?$string_output_adapter@_W@__crt_stdio_output@@V?$standard_base@_WV?$string_output_adapter@_W@__crt_stdio_output@@@2@@__crt_stdio_output@@AEAA_N_N@Z 000000014002ea80 f i libucrt:output.obj
 0001:0002dc6c       ??$type_case_integer@$0BA@@?$output_processor@DV?$stream_output_adapter@D@__crt_stdio_output@@V?$standard_base@DV?$stream_output_adapter@D@__crt_stdio_output@@@2@@__crt_stdio_output@@AEAA_N_N@Z 000000014002ec6c f i libucrt:output.obj
 0001:0002dc6c       ??$type_case_integer@$0BA@@?$output_processor@DV?$string_output_adapter@D@__crt_stdio_output@@V?$format_validation_base@DV?$string_output_adapter@D@__crt_stdio_output@@@2@@__crt_stdio_output@@AEAA_N_N@Z 000000014002ec6c f i libucrt:output.obj
 0001:0002dc6c       ??$type_case_integer@$0BA@@?$output_processor@DV?$string_output_adapter@D@__crt_stdio_output@@V?$standard_base@DV?$string_output_adapter@D@__crt_stdio_output@@@2@@__crt_stdio_output@@AEAA_N_N@Z 000000014002ec6c f i libucrt:output.obj
 0001:0002de54       ??$type_case_integer@$0BA@@?$output_processor@_WV?$stream_output_adapter@_W@__crt_stdio_output@@V?$standard_base@_WV?$stream_output_adapter@_W@__crt_stdio_output@@@2@@__crt_stdio_output@@AEAA_N_N@Z 000000014002ee54 f i libucrt:output.obj
 0001:0002de54       ??$type_case_integer@$0BA@@?$output_processor@_WV?$string_output_adapter@_W@__crt_stdio_output@@V?$standard_base@_WV?$string_output_adapter@_W@__crt_stdio_output@@@2@@__crt_stdio_output@@AEAA_N_N@Z 000000014002ee54 f i libucrt:output.obj
 0001:0002e040       ??$type_case_integer_parse_into_buffer@I$07@?$output_processor@DV?$stream_output_adapter@D@__crt_stdio_output@@V?$standard_base@DV?$stream_output_adapter@D@__crt_stdio_output@@@2@@__crt_stdio_output@@AEAAXI_N@Z 000000014002f040 f i libucrt:output.obj
 0001:0002e040       ??$type_case_integer_parse_into_buffer@I$07@?$output_processor@DV?$string_output_adapter@D@__crt_stdio_output@@V?$format_validation_base@DV?$string_output_adapter@D@__crt_stdio_output@@@2@@__crt_stdio_output@@AEAAXI_N@Z 000000014002f040 f i libucrt:output.obj
 0001:0002e040       ??$type_case_integer_parse_into_buffer@I$07@?$output_processor@DV?$string_output_adapter@D@__crt_stdio_output@@V?$standard_base@DV?$string_output_adapter@D@__crt_stdio_output@@@2@@__crt_stdio_output@@AEAAXI_N@Z 000000014002f040 f i libucrt:output.obj
 0001:0002e0bc       ??$type_case_integer_parse_into_buffer@I$07@?$output_processor@_WV?$stream_output_adapter@_W@__crt_stdio_output@@V?$standard_base@_WV?$stream_output_adapter@_W@__crt_stdio_output@@@2@@__crt_stdio_output@@AEAAXI_N@Z 000000014002f0bc f i libucrt:output.obj
 0001:0002e0bc       ??$type_case_integer_parse_into_buffer@I$07@?$output_processor@_WV?$string_output_adapter@_W@__crt_stdio_output@@V?$standard_base@_WV?$string_output_adapter@_W@__crt_stdio_output@@@2@@__crt_stdio_output@@AEAAXI_N@Z 000000014002f0bc f i libucrt:output.obj
 0001:0002e144       ??$type_case_integer_parse_into_buffer@I$09@?$output_processor@DV?$stream_output_adapter@D@__crt_stdio_output@@V?$standard_base@DV?$stream_output_adapter@D@__crt_stdio_output@@@2@@__crt_stdio_output@@AEAAXI_N@Z 000000014002f144 f i libucrt:output.obj
 0001:0002e144       ??$type_case_integer_parse_into_buffer@I$09@?$output_processor@DV?$string_output_adapter@D@__crt_stdio_output@@V?$format_validation_base@DV?$string_output_adapter@D@__crt_stdio_output@@@2@@__crt_stdio_output@@AEAAXI_N@Z 000000014002f144 f i libucrt:output.obj
 0001:0002e144       ??$type_case_integer_parse_into_buffer@I$09@?$output_processor@DV?$string_output_adapter@D@__crt_stdio_output@@V?$standard_base@DV?$string_output_adapter@D@__crt_stdio_output@@@2@@__crt_stdio_output@@AEAAXI_N@Z 000000014002f144 f i libucrt:output.obj
 0001:0002e1ec       ??$type_case_integer_parse_into_buffer@I$09@?$output_processor@_WV?$stream_output_adapter@_W@__crt_stdio_output@@V?$standard_base@_WV?$stream_output_adapter@_W@__crt_stdio_output@@@2@@__crt_stdio_output@@AEAAXI_N@Z 000000014002f1ec f i libucrt:output.obj
 0001:0002e1ec       ??$type_case_integer_parse_into_buffer@I$09@?$output_processor@_WV?$string_output_adapter@_W@__crt_stdio_output@@V?$standard_base@_WV?$string_output_adapter@_W@__crt_stdio_output@@@2@@__crt_stdio_output@@AEAAXI_N@Z 000000014002f1ec f i libucrt:output.obj
 0001:0002e2a4       ??$type_case_integer_parse_into_buffer@I$0BA@@?$output_processor@DV?$stream_output_adapter@D@__crt_stdio_output@@V?$standard_base@DV?$stream_output_adapter@D@__crt_stdio_output@@@2@@__crt_stdio_output@@AEAAXI_N@Z 000000014002f2a4 f i libucrt:output.obj
 0001:0002e2a4       ??$type_case_integer_parse_into_buffer@I$0BA@@?$output_processor@DV?$string_output_adapter@D@__crt_stdio_output@@V?$format_validation_base@DV?$string_output_adapter@D@__crt_stdio_output@@@2@@__crt_stdio_output@@AEAAXI_N@Z 000000014002f2a4 f i libucrt:output.obj
 0001:0002e2a4       ??$type_case_integer_parse_into_buffer@I$0BA@@?$output_processor@DV?$string_output_adapter@D@__crt_stdio_output@@V?$standard_base@DV?$string_output_adapter@D@__crt_stdio_output@@@2@@__crt_stdio_output@@AEAAXI_N@Z 000000014002f2a4 f i libucrt:output.obj
 0001:0002e330       ??$type_case_integer_parse_into_buffer@I$0BA@@?$output_processor@_WV?$stream_output_adapter@_W@__crt_stdio_output@@V?$standard_base@_WV?$stream_output_adapter@_W@__crt_stdio_output@@@2@@__crt_stdio_output@@AEAAXI_N@Z 000000014002f330 f i libucrt:output.obj
 0001:0002e330       ??$type_case_integer_parse_into_buffer@I$0BA@@?$output_processor@_WV?$string_output_adapter@_W@__crt_stdio_output@@V?$standard_base@_WV?$string_output_adapter@_W@__crt_stdio_output@@@2@@__crt_stdio_output@@AEAAXI_N@Z 000000014002f330 f i libucrt:output.obj
 0001:0002e3d4       ??$type_case_integer_parse_into_buffer@_K$07@?$output_processor@DV?$stream_output_adapter@D@__crt_stdio_output@@V?$standard_base@DV?$stream_output_adapter@D@__crt_stdio_output@@@2@@__crt_stdio_output@@AEAAX_K_N@Z 000000014002f3d4 f i libucrt:output.obj
 0001:0002e3d4       ??$type_case_integer_parse_into_buffer@_K$07@?$output_processor@DV?$string_output_adapter@D@__crt_stdio_output@@V?$format_validation_base@DV?$string_output_adapter@D@__crt_stdio_output@@@2@@__crt_stdio_output@@AEAAX_K_N@Z 000000014002f3d4 f i libucrt:output.obj
 0001:0002e3d4       ??$type_case_integer_parse_into_buffer@_K$07@?$output_processor@DV?$string_output_adapter@D@__crt_stdio_output@@V?$standard_base@DV?$string_output_adapter@D@__crt_stdio_output@@@2@@__crt_stdio_output@@AEAAX_K_N@Z 000000014002f3d4 f i libucrt:output.obj
 0001:0002e450       ??$type_case_integer_parse_into_buffer@_K$07@?$output_processor@_WV?$stream_output_adapter@_W@__crt_stdio_output@@V?$standard_base@_WV?$stream_output_adapter@_W@__crt_stdio_output@@@2@@__crt_stdio_output@@AEAAX_K_N@Z 000000014002f450 f i libucrt:output.obj
 0001:0002e450       ??$type_case_integer_parse_into_buffer@_K$07@?$output_processor@_WV?$string_output_adapter@_W@__crt_stdio_output@@V?$standard_base@_WV?$string_output_adapter@_W@__crt_stdio_output@@@2@@__crt_stdio_output@@AEAAX_K_N@Z 000000014002f450 f i libucrt:output.obj
 0001:0002e4d8       ??$type_case_integer_parse_into_buffer@_K$09@?$output_processor@DV?$stream_output_adapter@D@__crt_stdio_output@@V?$standard_base@DV?$stream_output_adapter@D@__crt_stdio_output@@@2@@__crt_stdio_output@@AEAAX_K_N@Z 000000014002f4d8 f i libucrt:output.obj
 0001:0002e4d8       ??$type_case_integer_parse_into_buffer@_K$09@?$output_processor@DV?$string_output_adapter@D@__crt_stdio_output@@V?$format_validation_base@DV?$string_output_adapter@D@__crt_stdio_output@@@2@@__crt_stdio_output@@AEAAX_K_N@Z 000000014002f4d8 f i libucrt:output.obj
 0001:0002e4d8       ??$type_case_integer_parse_into_buffer@_K$09@?$output_processor@DV?$string_output_adapter@D@__crt_stdio_output@@V?$standard_base@DV?$string_output_adapter@D@__crt_stdio_output@@@2@@__crt_stdio_output@@AEAAX_K_N@Z 000000014002f4d8 f i libucrt:output.obj
 0001:0002e584       ??$type_case_integer_parse_into_buffer@_K$09@?$output_processor@_WV?$stream_output_adapter@_W@__crt_stdio_output@@V?$standard_base@_WV?$stream_output_adapter@_W@__crt_stdio_output@@@2@@__crt_stdio_output@@AEAAX_K_N@Z 000000014002f584 f i libucrt:output.obj
 0001:0002e584       ??$type_case_integer_parse_into_buffer@_K$09@?$output_processor@_WV?$string_output_adapter@_W@__crt_stdio_output@@V?$standard_base@_WV?$string_output_adapter@_W@__crt_stdio_output@@@2@@__crt_stdio_output@@AEAAX_K_N@Z 000000014002f584 f i libucrt:output.obj
 0001:0002e644       ??$type_case_integer_parse_into_buffer@_K$0BA@@?$output_processor@DV?$stream_output_adapter@D@__crt_stdio_output@@V?$standard_base@DV?$stream_output_adapter@D@__crt_stdio_output@@@2@@__crt_stdio_output@@AEAAX_K_N@Z 000000014002f644 f i libucrt:output.obj
 0001:0002e644       ??$type_case_integer_parse_into_buffer@_K$0BA@@?$output_processor@DV?$string_output_adapter@D@__crt_stdio_output@@V?$format_validation_base@DV?$string_output_adapter@D@__crt_stdio_output@@@2@@__crt_stdio_output@@AEAAX_K_N@Z 000000014002f644 f i libucrt:output.obj
 0001:0002e644       ??$type_case_integer_parse_into_buffer@_K$0BA@@?$output_processor@DV?$string_output_adapter@D@__crt_stdio_output@@V?$standard_base@DV?$string_output_adapter@D@__crt_stdio_output@@@2@@__crt_stdio_output@@AEAAX_K_N@Z 000000014002f644 f i libucrt:output.obj
 0001:0002e6d0       ??$type_case_integer_parse_into_buffer@_K$0BA@@?$output_processor@_WV?$stream_output_adapter@_W@__crt_stdio_output@@V?$standard_base@_WV?$stream_output_adapter@_W@__crt_stdio_output@@@2@@__crt_stdio_output@@AEAAX_K_N@Z 000000014002f6d0 f i libucrt:output.obj
 0001:0002e6d0       ??$type_case_integer_parse_into_buffer@_K$0BA@@?$output_processor@_WV?$string_output_adapter@_W@__crt_stdio_output@@V?$standard_base@_WV?$string_output_adapter@_W@__crt_stdio_output@@@2@@__crt_stdio_output@@AEAAX_K_N@Z 000000014002f6d0 f i libucrt:output.obj
 0001:0002e9ac       ?crop_zeroes@__crt_stdio_output@@YAXPEADQEAU__crt_locale_pointers@@@Z 000000014002f9ac f i libucrt:output.obj
 0001:0002ea18       ?parse_int_from_format_string@?$output_processor@DV?$stream_output_adapter@D@__crt_stdio_output@@V?$standard_base@DV?$stream_output_adapter@D@__crt_stdio_output@@@2@@__crt_stdio_output@@AEAA_NQEAH@Z 000000014002fa18 f i libucrt:output.obj
 0001:0002ea18       ?parse_int_from_format_string@?$output_processor@DV?$string_output_adapter@D@__crt_stdio_output@@V?$format_validation_base@DV?$string_output_adapter@D@__crt_stdio_output@@@2@@__crt_stdio_output@@AEAA_NQEAH@Z 000000014002fa18 f i libucrt:output.obj
 0001:0002ea18       ?parse_int_from_format_string@?$output_processor@DV?$string_output_adapter@D@__crt_stdio_output@@V?$standard_base@DV?$string_output_adapter@D@__crt_stdio_output@@@2@@__crt_stdio_output@@AEAA_NQEAH@Z 000000014002fa18 f i libucrt:output.obj
 0001:0002eaa8       ?parse_int_from_format_string@?$output_processor@_WV?$stream_output_adapter@_W@__crt_stdio_output@@V?$standard_base@_WV?$stream_output_adapter@_W@__crt_stdio_output@@@2@@__crt_stdio_output@@AEAA_NQEAH@Z 000000014002faa8 f i libucrt:output.obj
 0001:0002eaa8       ?parse_int_from_format_string@?$output_processor@_WV?$string_output_adapter@_W@__crt_stdio_output@@V?$standard_base@_WV?$string_output_adapter@_W@__crt_stdio_output@@@2@@__crt_stdio_output@@AEAA_NQEAH@Z 000000014002faa8 f i libucrt:output.obj
 0001:0002eb38       ?process@?$output_processor@DV?$stream_output_adapter@D@__crt_stdio_output@@V?$standard_base@DV?$stream_output_adapter@D@__crt_stdio_output@@@2@@__crt_stdio_output@@QEAAHXZ 000000014002fb38 f i libucrt:output.obj
 0001:0002eec4       ?process@?$output_processor@DV?$string_output_adapter@D@__crt_stdio_output@@V?$format_validation_base@DV?$string_output_adapter@D@__crt_stdio_output@@@2@@__crt_stdio_output@@QEAAHXZ 000000014002fec4 f i libucrt:output.obj
 0001:0002f254       ?process@?$output_processor@DV?$string_output_adapter@D@__crt_stdio_output@@V?$standard_base@DV?$string_output_adapter@D@__crt_stdio_output@@@2@@__crt_stdio_output@@QEAAHXZ 0000000140030254 f i libucrt:output.obj
 0001:0002f5d8       ?process@?$output_processor@_WV?$stream_output_adapter@_W@__crt_stdio_output@@V?$standard_base@_WV?$stream_output_adapter@_W@__crt_stdio_output@@@2@@__crt_stdio_output@@QEAAHXZ 00000001400305d8 f i libucrt:output.obj
 0001:0002f894       ?process@?$output_processor@_WV?$string_output_adapter@_W@__crt_stdio_output@@V?$standard_base@_WV?$string_output_adapter@_W@__crt_stdio_output@@@2@@__crt_stdio_output@@QEAAHXZ 0000000140030894 f i libucrt:output.obj
 0001:0002fb58       ?state_case_size@?$output_processor@DV?$stream_output_adapter@D@__crt_stdio_output@@V?$standard_base@DV?$stream_output_adapter@D@__crt_stdio_output@@@2@@__crt_stdio_output@@AEAA_NXZ 0000000140030b58 f i libucrt:output.obj
 0001:0002fcdc       ?state_case_size@?$output_processor@DV?$string_output_adapter@D@__crt_stdio_output@@V?$format_validation_base@DV?$string_output_adapter@D@__crt_stdio_output@@@2@@__crt_stdio_output@@AEAA_NXZ 0000000140030cdc f i libucrt:output.obj
 0001:0002fcdc       ?state_case_size@?$output_processor@DV?$string_output_adapter@D@__crt_stdio_output@@V?$standard_base@DV?$string_output_adapter@D@__crt_stdio_output@@@2@@__crt_stdio_output@@AEAA_NXZ 0000000140030cdc f i libucrt:output.obj
 0001:0002fe60       ?state_case_size@?$output_processor@_WV?$stream_output_adapter@_W@__crt_stdio_output@@V?$standard_base@_WV?$stream_output_adapter@_W@__crt_stdio_output@@@2@@__crt_stdio_output@@AEAA_NXZ 0000000140030e60 f i libucrt:output.obj
 0001:0003000c       ?state_case_size@?$output_processor@_WV?$string_output_adapter@_W@__crt_stdio_output@@V?$standard_base@_WV?$string_output_adapter@_W@__crt_stdio_output@@@2@@__crt_stdio_output@@AEAA_NXZ 000000014003100c f i libucrt:output.obj
 0001:000301b8       ?state_case_type@?$output_processor@DV?$stream_output_adapter@D@__crt_stdio_output@@V?$standard_base@DV?$stream_output_adapter@D@__crt_stdio_output@@@2@@__crt_stdio_output@@AEAA_NXZ 00000001400311b8 f i libucrt:output.obj
 0001:000305ec       ?state_case_type@?$output_processor@DV?$string_output_adapter@D@__crt_stdio_output@@V?$format_validation_base@DV?$string_output_adapter@D@__crt_stdio_output@@@2@@__crt_stdio_output@@AEAA_NXZ 00000001400315ec f i libucrt:output.obj
 0001:000305ec       ?state_case_type@?$output_processor@DV?$string_output_adapter@D@__crt_stdio_output@@V?$standard_base@DV?$string_output_adapter@D@__crt_stdio_output@@@2@@__crt_stdio_output@@AEAA_NXZ 00000001400315ec f i libucrt:output.obj
 0001:000309b8       ?state_case_type@?$output_processor@_WV?$stream_output_adapter@_W@__crt_stdio_output@@V?$standard_base@_WV?$stream_output_adapter@_W@__crt_stdio_output@@@2@@__crt_stdio_output@@AEAA_NXZ 00000001400319b8 f i libucrt:output.obj
 0001:00030e88       ?state_case_type@?$output_processor@_WV?$string_output_adapter@_W@__crt_stdio_output@@V?$standard_base@_WV?$string_output_adapter@_W@__crt_stdio_output@@@2@@__crt_stdio_output@@AEAA_NXZ 0000000140031e88 f i libucrt:output.obj
 0001:000312e4       ?type_case_Z@?$output_processor@DV?$stream_output_adapter@D@__crt_stdio_output@@V?$standard_base@DV?$stream_output_adapter@D@__crt_stdio_output@@@2@@__crt_stdio_output@@AEAA_NXZ 00000001400322e4 f i libucrt:output.obj
 0001:000312e4       ?type_case_Z@?$output_processor@DV?$string_output_adapter@D@__crt_stdio_output@@V?$format_validation_base@DV?$string_output_adapter@D@__crt_stdio_output@@@2@@__crt_stdio_output@@AEAA_NXZ 00000001400322e4 f i libucrt:output.obj
 0001:000312e4       ?type_case_Z@?$output_processor@DV?$string_output_adapter@D@__crt_stdio_output@@V?$standard_base@DV?$string_output_adapter@D@__crt_stdio_output@@@2@@__crt_stdio_output@@AEAA_NXZ 00000001400322e4 f i libucrt:output.obj
 0001:0003135c       ?type_case_Z@?$output_processor@_WV?$stream_output_adapter@_W@__crt_stdio_output@@V?$standard_base@_WV?$stream_output_adapter@_W@__crt_stdio_output@@@2@@__crt_stdio_output@@AEAA_NXZ 000000014003235c f i libucrt:output.obj
 0001:0003135c       ?type_case_Z@?$output_processor@_WV?$string_output_adapter@_W@__crt_stdio_output@@V?$standard_base@_WV?$string_output_adapter@_W@__crt_stdio_output@@@2@@__crt_stdio_output@@AEAA_NXZ 000000014003235c f i libucrt:output.obj
 0001:000313d8       ?type_case_a@?$output_processor@DV?$stream_output_adapter@D@__crt_stdio_output@@V?$standard_base@DV?$stream_output_adapter@D@__crt_stdio_output@@@2@@__crt_stdio_output@@AEAA_NXZ 00000001400323d8 f i libucrt:output.obj
 0001:000313d8       ?type_case_a@?$output_processor@DV?$string_output_adapter@D@__crt_stdio_output@@V?$format_validation_base@DV?$string_output_adapter@D@__crt_stdio_output@@@2@@__crt_stdio_output@@AEAA_NXZ 00000001400323d8 f i libucrt:output.obj
 0001:000313d8       ?type_case_a@?$output_processor@DV?$string_output_adapter@D@__crt_stdio_output@@V?$standard_base@DV?$string_output_adapter@D@__crt_stdio_output@@@2@@__crt_stdio_output@@AEAA_NXZ 00000001400323d8 f i libucrt:output.obj
 0001:00031624       ?type_case_a@?$output_processor@_WV?$stream_output_adapter@_W@__crt_stdio_output@@V?$standard_base@_WV?$stream_output_adapter@_W@__crt_stdio_output@@@2@@__crt_stdio_output@@AEAA_NXZ 0000000140032624 f i libucrt:output.obj
 0001:00031624       ?type_case_a@?$output_processor@_WV?$string_output_adapter@_W@__crt_stdio_output@@V?$standard_base@_WV?$string_output_adapter@_W@__crt_stdio_output@@@2@@__crt_stdio_output@@AEAA_NXZ 0000000140032624 f i libucrt:output.obj
 0001:00031884       ?type_case_c_tchar@?$output_processor@DV?$stream_output_adapter@D@__crt_stdio_output@@V?$standard_base@DV?$stream_output_adapter@D@__crt_stdio_output@@@2@@__crt_stdio_output@@AEAA_ND@Z 0000000140032884 f i libucrt:output.obj
 0001:00031884       ?type_case_c_tchar@?$output_processor@DV?$string_output_adapter@D@__crt_stdio_output@@V?$format_validation_base@DV?$string_output_adapter@D@__crt_stdio_output@@@2@@__crt_stdio_output@@AEAA_ND@Z 0000000140032884 f i libucrt:output.obj
 0001:00031884       ?type_case_c_tchar@?$output_processor@DV?$string_output_adapter@D@__crt_stdio_output@@V?$standard_base@DV?$string_output_adapter@D@__crt_stdio_output@@@2@@__crt_stdio_output@@AEAA_ND@Z 0000000140032884 f i libucrt:output.obj
 0001:00031948       ?type_case_c_tchar@?$output_processor@_WV?$stream_output_adapter@_W@__crt_stdio_output@@V?$standard_base@_WV?$stream_output_adapter@_W@__crt_stdio_output@@@2@@__crt_stdio_output@@AEAA_N_W@Z 0000000140032948 f i libucrt:output.obj
 0001:00031948       ?type_case_c_tchar@?$output_processor@_WV?$string_output_adapter@_W@__crt_stdio_output@@V?$standard_base@_WV?$string_output_adapter@_W@__crt_stdio_output@@@2@@__crt_stdio_output@@AEAA_N_W@Z 0000000140032948 f i libucrt:output.obj
 0001:00031a0c       ?type_case_n@?$output_processor@DV?$stream_output_adapter@D@__crt_stdio_output@@V?$standard_base@DV?$stream_output_adapter@D@__crt_stdio_output@@@2@@__crt_stdio_output@@AEAA_NXZ 0000000140032a0c f i libucrt:output.obj
 0001:00031a0c       ?type_case_n@?$output_processor@DV?$string_output_adapter@D@__crt_stdio_output@@V?$format_validation_base@DV?$string_output_adapter@D@__crt_stdio_output@@@2@@__crt_stdio_output@@AEAA_NXZ 0000000140032a0c f i libucrt:output.obj
 0001:00031a0c       ?type_case_n@?$output_processor@DV?$string_output_adapter@D@__crt_stdio_output@@V?$standard_base@DV?$string_output_adapter@D@__crt_stdio_output@@@2@@__crt_stdio_output@@AEAA_NXZ 0000000140032a0c f i libucrt:output.obj
 0001:00031a0c       ?type_case_n@?$output_processor@_WV?$stream_output_adapter@_W@__crt_stdio_output@@V?$standard_base@_WV?$stream_output_adapter@_W@__crt_stdio_output@@@2@@__crt_stdio_output@@AEAA_NXZ 0000000140032a0c f i libucrt:output.obj
 0001:00031a0c       ?type_case_n@?$output_processor@_WV?$string_output_adapter@_W@__crt_stdio_output@@V?$standard_base@_WV?$string_output_adapter@_W@__crt_stdio_output@@@2@@__crt_stdio_output@@AEAA_NXZ 0000000140032a0c f i libucrt:output.obj
 0001:00031ac0       ?type_case_s@?$output_processor@DV?$stream_output_adapter@D@__crt_stdio_output@@V?$standard_base@DV?$stream_output_adapter@D@__crt_stdio_output@@@2@@__crt_stdio_output@@AEAA_NXZ 0000000140032ac0 f i libucrt:output.obj
 0001:00031ac0       ?type_case_s@?$output_processor@DV?$string_output_adapter@D@__crt_stdio_output@@V?$format_validation_base@DV?$string_output_adapter@D@__crt_stdio_output@@@2@@__crt_stdio_output@@AEAA_NXZ 0000000140032ac0 f i libucrt:output.obj
 0001:00031ac0       ?type_case_s@?$output_processor@DV?$string_output_adapter@D@__crt_stdio_output@@V?$standard_base@DV?$string_output_adapter@D@__crt_stdio_output@@@2@@__crt_stdio_output@@AEAA_NXZ 0000000140032ac0 f i libucrt:output.obj
 0001:00031b58       ?type_case_s@?$output_processor@_WV?$stream_output_adapter@_W@__crt_stdio_output@@V?$standard_base@_WV?$stream_output_adapter@_W@__crt_stdio_output@@@2@@__crt_stdio_output@@AEAA_NXZ 0000000140032b58 f i libucrt:output.obj
 0001:00031b58       ?type_case_s@?$output_processor@_WV?$string_output_adapter@_W@__crt_stdio_output@@V?$standard_base@_WV?$string_output_adapter@_W@__crt_stdio_output@@@2@@__crt_stdio_output@@AEAA_NXZ 0000000140032b58 f i libucrt:output.obj
 0001:00031bf0       ?type_case_s_compute_narrow_string_length@?$output_processor@_WV?$stream_output_adapter@_W@__crt_stdio_output@@V?$standard_base@_WV?$stream_output_adapter@_W@__crt_stdio_output@@@2@@__crt_stdio_output@@AEAAHH_W@Z 0000000140032bf0 f i libucrt:output.obj
 0001:00031bf0       ?type_case_s_compute_narrow_string_length@?$output_processor@_WV?$string_output_adapter@_W@__crt_stdio_output@@V?$standard_base@_WV?$string_output_adapter@_W@__crt_stdio_output@@@2@@__crt_stdio_output@@AEAAHH_W@Z 0000000140032bf0 f i libucrt:output.obj
 0001:00031c68       ?validate_stream_is_ansi_if_required@?$__acrt_stdio_char_traits@D@@SA_NQEAU_iobuf@@@Z 0000000140032c68 f i libucrt:output.obj
 0001:00031d04       ?write_string@?$string_output_adapter@D@__crt_stdio_output@@QEBAXQEBDHQEAHAEAV__crt_cached_ptd_host@@@Z 0000000140032d04 f i libucrt:output.obj
 0001:00031da8       ?write_string@?$string_output_adapter@_W@__crt_stdio_output@@QEBAXQEB_WHQEAHAEAV__crt_cached_ptd_host@@@Z 0000000140032da8 f i libucrt:output.obj
 0001:00031e50       ?write_string_impl@?$output_adapter_common@DV?$stream_output_adapter@D@__crt_stdio_output@@@__crt_stdio_output@@IEBAXQEBDHQEAHAEAV__crt_cached_ptd_host@@@Z 0000000140032e50 f i libucrt:output.obj
 0001:00031f1c       ?write_string_impl@?$output_adapter_common@_WV?$stream_output_adapter@_W@__crt_stdio_output@@@__crt_stdio_output@@IEBAXQEB_WHQEAHAEAV__crt_cached_ptd_host@@@Z 0000000140032f1c f i libucrt:output.obj
 0001:00031ff8       __stdio_common_vfprintf    0000000140032ff8 f   libucrt:output.obj
 0001:0003211c       __stdio_common_vfwprintf   000000014003311c f   libucrt:output.obj
 0001:00032240       __stdio_common_vsnprintf_s 0000000140033240 f   libucrt:output.obj
 0001:00032418       __stdio_common_vsprintf    0000000140033418 f   libucrt:output.obj
 0001:0003266c       __stdio_common_vsprintf_s  000000014003366c f   libucrt:output.obj
 0001:00032780       __stdio_common_vswprintf   0000000140033780 f   libucrt:output.obj
 0001:000329dc       ??$parse_floating_point@V?$input_adapter_character_source@V?$string_input_adapter@D@__crt_stdio_input@@@__crt_strtox@@M@__crt_strtox@@YA?AW4SLD_STATUS@@QEAU__crt_locale_pointers@@V?$input_adapter_character_source@V?$string_input_adapter@D@__crt_stdio_input@@@0@QEAM@Z 00000001400339dc f i libucrt:input.obj
 0001:00032a84       ??$parse_floating_point@V?$input_adapter_character_source@V?$string_input_adapter@D@__crt_stdio_input@@@__crt_strtox@@N@__crt_strtox@@YA?AW4SLD_STATUS@@QEAU__crt_locale_pointers@@V?$input_adapter_character_source@V?$string_input_adapter@D@__crt_stdio_input@@@0@QEAN@Z 0000000140033a84 f i libucrt:input.obj
 0001:00032b2c       ??$parse_floating_point_from_source@V?$input_adapter_character_source@V?$string_input_adapter@D@__crt_stdio_input@@@__crt_strtox@@@__crt_strtox@@YA?AW4floating_point_parse_result@0@QEAU__crt_locale_pointers@@AEAV?$input_adapter_character_source@V?$string_input_adapter@D@__crt_stdio_input@@@0@AEAUfloating_point_string@0@@Z 0000000140033b2c f i libucrt:input.obj
 0001:00033310       ??$parse_floating_point_possible_infinity@DV?$input_adapter_character_source@V?$string_input_adapter@D@__crt_stdio_input@@@__crt_strtox@@_K@__crt_strtox@@YA?AW4floating_point_parse_result@0@AEADAEAV?$input_adapter_character_source@V?$string_input_adapter@D@__crt_stdio_input@@@0@_K@Z 0000000140034310 f i libucrt:input.obj
 0001:000334d8       ??$parse_floating_point_possible_nan@DV?$input_adapter_character_source@V?$string_input_adapter@D@__crt_stdio_input@@@__crt_strtox@@_K@__crt_strtox@@YA?AW4floating_point_parse_result@0@AEADAEAV?$input_adapter_character_source@V?$string_input_adapter@D@__crt_stdio_input@@@0@_K@Z 00000001400344d8 f i libucrt:input.obj
 0001:0003374c       ??$parse_floating_point_possible_nan_is_ind@DV?$input_adapter_character_source@V?$string_input_adapter@D@__crt_stdio_input@@@__crt_strtox@@@__crt_strtox@@YA_NAEADAEAV?$input_adapter_character_source@V?$string_input_adapter@D@__crt_stdio_input@@@0@@Z 000000014003474c f i libucrt:input.obj
 0001:000337c4       ??$parse_floating_point_possible_nan_is_snan@DV?$input_adapter_character_source@V?$string_input_adapter@D@__crt_stdio_input@@@__crt_strtox@@@__crt_strtox@@YA_NAEADAEAV?$input_adapter_character_source@V?$string_input_adapter@D@__crt_stdio_input@@@0@@Z 00000001400347c4 f i libucrt:input.obj
 0001:0003383c       ??$parse_floating_point_write_result@M@__crt_strtox@@YA?AW4SLD_STATUS@@W4floating_point_parse_result@0@AEBUfloating_point_string@0@QEAM@Z 000000014003483c f i libucrt:input.obj
 0001:000339ac       ??$parse_floating_point_write_result@N@__crt_strtox@@YA?AW4SLD_STATUS@@W4floating_point_parse_result@0@AEBUfloating_point_string@0@QEAN@Z 00000001400349ac f i libucrt:input.obj
 0001:00033b8c       ??$parse_integer@_KV?$input_adapter_character_source@V?$string_input_adapter@D@__crt_stdio_input@@@__crt_strtox@@$00@__crt_strtox@@YA_KAEAV__crt_cached_ptd_host@@V?$input_adapter_character_source@V?$string_input_adapter@D@__crt_stdio_input@@@0@H_N@Z 0000000140034b8c f i libucrt:input.obj
 0001:00033fb0       ??$parse_integer@_KV?$input_adapter_character_source@V?$string_input_adapter@D@__crt_stdio_input@@@__crt_strtox@@@__crt_strtox@@YA_KQEAU__crt_locale_pointers@@V?$input_adapter_character_source@V?$string_input_adapter@D@__crt_stdio_input@@@0@H_N@Z 0000000140034fb0 f i libucrt:input.obj
 0001:000340b0       ??$process_floating_point_specifier_t@M@?$input_processor@DV?$string_input_adapter@D@__crt_stdio_input@@@__crt_stdio_input@@AEAA_NXZ 00000001400350b0 f i libucrt:input.obj
 0001:00034154       ??$process_floating_point_specifier_t@N@?$input_processor@DV?$string_input_adapter@D@__crt_stdio_input@@@__crt_stdio_input@@AEAA_NXZ 0000000140035154 f i libucrt:input.obj
 0001:000341fc       ??$process_string_specifier_tchar@D@?$input_processor@DV?$string_input_adapter@D@__crt_stdio_input@@@__crt_stdio_input@@AEAA_NW4conversion_mode@1@D@Z 00000001400351fc f i libucrt:input.obj
 0001:000343a8       ??$process_string_specifier_tchar@_W@?$input_processor@DV?$string_input_adapter@D@__crt_stdio_input@@@__crt_stdio_input@@AEAA_NW4conversion_mode@1@_W@Z 00000001400353a8 f i libucrt:input.obj
 0001:00034588       ??$skip_whitespace@Vstring_input_adapter@__crt_stdio_input@@D@__crt_stdio_input@@YAHAEAV?$string_input_adapter@D@0@QEAU__crt_locale_pointers@@@Z 0000000140035588 f i libucrt:input.obj
 0001:000345dc       ??0_LocaleUpdate@@QEAA@QEAU__crt_locale_pointers@@@Z 00000001400355dc f i libucrt:input.obj
 0001:00034678       ??R<lambda_1db4d925c2db10274e92824f631ccf5d>@@QEBA_NXZ 0000000140035678 f i libucrt:input.obj
 0001:00034678       ??R<lambda_bdd123a27a08a14f93fbf44b617d0736>@@QEBA_NXZ 0000000140035678 f i libucrt:input.obj
 0001:00034678       ??R<lambda_ee7c83d9f0cd4f1299194e0a8d424b67>@@QEBA_NXZ 0000000140035678 f i libucrt:input.obj
 0001:000346dc       ?advance@?$format_string_parser@D@__crt_stdio_input@@QEAA_NXZ 00000001400356dc f i libucrt:input.obj
 0001:000348a4       ?as_double@floating_point_value@__crt_strtox@@QEBAAEANXZ 00000001400358a4 f i libucrt:input.obj
 0001:000348e0       ?as_float@floating_point_value@__crt_strtox@@QEBAAEAMXZ 00000001400358e0 f i libucrt:input.obj
 0001:0003491c       ?assemble_floating_point_value@__crt_strtox@@YA?AW4SLD_STATUS@@_KH_N1AEBVfloating_point_value@1@@Z 000000014003591c f i libucrt:input.obj
 0001:00034cb4       ?assemble_floating_point_value_from_big_integer@__crt_strtox@@YA?AW4SLD_STATUS@@AEBUbig_integer@1@I_N1AEBVfloating_point_value@1@@Z 0000000140035cb4 f i libucrt:input.obj
 0001:00034e14       ?convert_decimal_string_to_floating_type_common@__crt_strtox@@YA?AW4SLD_STATUS@@AEBUfloating_point_string@1@AEBVfloating_point_value@1@@Z 0000000140035e14 f i libucrt:input.obj
 0001:00036c7c       ?convert_hexadecimal_string_to_floating_type_common@__crt_strtox@@YA?AW4SLD_STATUS@@AEBUfloating_point_string@1@AEBVfloating_point_value@1@@Z 0000000140037c7c f i libucrt:input.obj
 0001:00036d30       ?divide@__crt_strtox@@YA_KAEAUbig_integer@1@AEBU21@@Z 0000000140037d30 f i libucrt:input.obj
 0001:000371bc       ?length@?$format_string_parser@D@__crt_stdio_input@@QEBA_KXZ 00000001400381bc f i libucrt:input.obj
 0001:00037258       ?process@?$input_processor@DV?$string_input_adapter@D@__crt_stdio_input@@@__crt_stdio_input@@QEAAHXZ 0000000140038258 f i libucrt:input.obj
 0001:0003734c       ?process_conversion_specifier@?$input_processor@DV?$string_input_adapter@D@__crt_stdio_input@@@__crt_stdio_input@@AEAA_NXZ 000000014003834c f i libucrt:input.obj
 0001:0003746c       ?process_floating_point_specifier@?$input_processor@DV?$string_input_adapter@D@__crt_stdio_input@@@__crt_stdio_input@@AEAA_NXZ 000000014003846c f i libucrt:input.obj
 0001:000374dc       ?process_integer_specifier@?$input_processor@DV?$string_input_adapter@D@__crt_stdio_input@@@__crt_stdio_input@@AEAA_NI_N@Z 00000001400384dc f i libucrt:input.obj
 0001:00037594       ?process_literal_character_tchar@?$input_processor@DV?$string_input_adapter@D@__crt_stdio_input@@@__crt_stdio_input@@AEAA_ND@Z 0000000140038594 f i libucrt:input.obj
 0001:00037618       ?process_state@?$input_processor@DV?$string_input_adapter@D@__crt_stdio_input@@@__crt_stdio_input@@AEAA_NXZ 0000000140038618 f i libucrt:input.obj
 0001:000376d0       ?process_string_specifier@?$input_processor@DV?$string_input_adapter@D@__crt_stdio_input@@@__crt_stdio_input@@AEAA_NW4conversion_mode@2@@Z 00000001400386d0 f i libucrt:input.obj
 0001:0003775c       ?scan_conversion_specifier@?$format_string_parser@D@__crt_stdio_input@@AEAA_NXZ 000000014003875c f i libucrt:input.obj
 0001:00037904       ?scan_optional_field_width@?$format_string_parser@D@__crt_stdio_input@@AEAA_NXZ 0000000140038904 f i libucrt:input.obj
 0001:000379a4       ?scan_optional_length_modifier@?$format_string_parser@D@__crt_stdio_input@@AEAAXXZ 00000001400389a4 f i libucrt:input.obj
 0001:00037adc       ?scan_scanset_range@?$format_string_parser@D@__crt_stdio_input@@AEAA_NXZ 0000000140038adc f i libucrt:input.obj
 0001:00037c7c       ?write_character@?$input_processor@DV?$string_input_adapter@D@__crt_stdio_input@@@__crt_stdio_input@@AEAA_NQEFA_W_KAEAPEFA_WAEA_KD@Z 0000000140038c7c f i libucrt:input.obj
 0001:00037d14       ?write_integer@?$input_processor@DV?$string_input_adapter@D@__crt_stdio_input@@@__crt_stdio_input@@AEAA_N_K@Z 0000000140038d14 f i libucrt:input.obj
 0001:00037d8c       __stdio_common_vsscanf     0000000140038d8c f   libucrt:input.obj
 0001:000385bc       ??$ftprintf@PEAU_iobuf@@PEB_WAEBQEB_WAEBQEB_WAEBI@?$__crt_char_traits@_W@@SAH$$QEAPEAU_iobuf@@$$QEAPEB_WAEBQEB_W2AEBI@Z 00000001400395bc f i libucrt:assert.obj
 0001:000386bc       _wassert                   00000001400396bc f   libucrt:assert.obj
 0001:00038730       fwprintf                   0000000140039730 f i libucrt:assert.obj
 0001:00038774       swprintf                   0000000140039774 f i libucrt:assert.obj
 0001:000387c8       atan2f                     00000001400397c8 f   libucrt:atan2f.obj
 0001:00038bc0       cosf                       0000000140039bc0 f   libucrt:cosf.obj
 0001:000390c0       fmodf                      000000014003a0c0 f   libucrt:fmodf.obj
 0001:00039300       powf                       000000014003a300 f   libucrt:powf.obj
 0001:0003a1d0       sinf                       000000014003b1d0 f   libucrt:sinf.obj
 0001:0003a8c8       sqrtf                      000000014003b8c8 f   libucrt:sqrtf.obj
 0001:0003a970       tanf                       000000014003b970 f   libucrt:tanf.obj
 0001:0003afe4       _seh_filter_exe            000000014003bfe4 f   libucrt:exception_filter.obj
 0001:0003b168       _query_app_type            000000014003c168 f   libucrt:report_runtime_error.obj
 0001:0003b170       _set_app_type              000000014003c170 f   libucrt:report_runtime_error.obj
 0001:0003b178       __acrt_has_user_matherr    000000014003c178 f   libucrt:matherr.obj
 0001:0003b198       __acrt_initialize_user_matherr 000000014003c198 f   libucrt:matherr.obj
 0001:0003b1a0       __acrt_invoke_user_matherr 000000014003c1a0 f   libucrt:matherr.obj
 0001:0003b1d8       __setusermatherr           000000014003c1d8 f   libucrt:matherr.obj
 0001:0003b3c0       __acrt_allocate_buffer_for_argv 000000014003c3c0 f   libucrt:argv_parsing.obj
 0001:0003b420       _configure_narrow_argv     000000014003c420 f   libucrt:argv_parsing.obj
 0001:0003b7a8       __dcrt_uninitialize_environments_nolock 000000014003c7a8 f   libucrt:environment_initialization.obj
 0001:0003b7ec       _initialize_narrow_environment 000000014003c7ec f   libucrt:environment_initialization.obj
 0001:0003b7f4       _get_narrow_winmain_command_line 000000014003c7f4 f   libucrt:argv_winmain.obj
 0001:0003b864       _initterm                  000000014003c864 f   libucrt:initterm.obj
[...]
 0002:0000f67c       $unwind$?__acrt_stdio_allocate_stream@@YA?AV__crt_stdio_stream@@XZ 000000014005c67c     libucrt:stream.obj
 0002:0000f69c       $unwind$?find_or_allocate_unused_stream_nolock@@YA?AV__crt_stdio_stream@@XZ 000000014005c69c     libucrt:stream.obj
 0002:0000f6b0       $unwind$_openfile          000000014005c6b0     libucrt:openfile.obj
 0002:0000f6c4       $unwind$_close_internal    000000014005c6c4     libucrt:close.obj
 0002:0000f6cc       $unwind$??$?RV<lambda_ad8af0d99a0adf03d037d7dffe354bb5>@@AEAV<lambda_c9ba49e555ba839a7b07aa3fbecb7617>@@V<lambda_2f1ebd5d68526518146ae959c9e734c8>@@@?$__crt_seh_guarded_call@H@@QEAAH$$QEAV<lambda_ad8af0d99a0adf03d037d7dffe354bb5>@@AEAV<lambda_c9ba49e555ba839a7b07aa3fbecb7617>@@$$QEAV<lambda_2f1ebd5d68526518146ae959c9e734c8>@@@Z 000000014005c6cc     libucrt:close.obj
 0002:0000f6f0       $unwind$_commit            000000014005c6f0     libucrt:commit.obj
 0002:0000f6f8       $unwind$??$?RV<lambda_a37b2b86f63e897a80ea819b0eb08c01>@@AEAV<lambda_38ce7e780aa69e748d6df282ebc68efe>@@V<lambda_99fb1378e971ab6e7edea83e3a7a83a2>@@@?$__crt_seh_guarded_call@H@@QEAAH$$QEAV<lambda_a37b2b86f63e897a80ea819b0eb08c01>@@AEAV<lambda_38ce7e780aa69e748d6df282ebc68efe>@@$$QEAV<lambda_99fb1378e971ab6e7edea83e3a7a83a2>@@@Z 000000014005c6f8     libucrt:commit.obj
 0002:0000f71c       $unwind$_write_nolock      000000014005c71c     libucrt:write.obj
 0002:0000f734       $unwind$_write_internal    000000014005c734     libucrt:write.obj
 0002:0000f764       $unwind$?write_double_translated_ansi_nolock@@YA?AUwrite_result@?A0x17268360@@HQEBDIAEAV__crt_cached_ptd_host@@@Z 000000014005c764     libucrt:write.obj
 0002:0000f790       $ip2state$?write_double_translated_ansi_nolock@@YA?AUwrite_result@?A0x17268360@@HQEBDIAEAV__crt_cached_ptd_host@@@Z 000000014005c790     libucrt:write.obj
 0002:0000f798       $unwind$?write_text_ansi_nolock@@YA?AUwrite_result@?A0x17268360@@HQEBDI@Z 000000014005c798     libucrt:write.obj
 0002:0000f798       $unwind$?write_text_utf16le_nolock@@YA?AUwrite_result@?A0x17268360@@HQEBDI@Z 000000014005c798     libucrt:write.obj
 0002:0000f7b8       $unwind$?write_text_utf8_nolock@@YA?AUwrite_result@?A0x17268360@@HQEBDI@Z 000000014005c7b8     libucrt:write.obj
 0002:0000f7dc       $unwind$_read              000000014005c7dc     libucrt:read.obj
 0002:0000f80c       $unwind$_read_nolock       000000014005c80c     libucrt:read.obj
 0002:0000f820       $unwind$?translate_ansi_or_utf8_nolock@@YAHHQEAD_KQEA_W1@Z 000000014005c820     libucrt:read.obj
 0002:0000f838       $unwind$??$translate_text_mode_nolock@_W@@YAHHQEA_W_K@Z 000000014005c838     libucrt:read.obj
 0002:0000f84c       $unwind$??$common_lseek@_J@@YA_JH_JHAEAV__crt_cached_ptd_host@@@Z 000000014005c84c     libucrt:lseek.obj
 0002:0000f87c       $unwind$__acrt_fp_format   000000014005c87c     libucrt:cvt.obj
 0002:0000f88c       $unwind$?fp_format_a@@YAHQEBNPEAD_KQEAD2H_NIW4__acrt_rounding_mode@@AEAV__crt_cached_ptd_host@@@Z 000000014005c88c     libucrt:cvt.obj
 0002:0000f8a8       $unwind$?fp_format_g@@YAHQEBNQEAD_K12H_NIW4__acrt_rounding_mode@@AEAV__crt_cached_ptd_host@@@Z 000000014005c8a8     libucrt:cvt.obj
 0002:0000f8c0       $unwind$_wctomb_internal   000000014005c8c0     libucrt:wctomb.obj
 0002:0000f8d4       $unwind$_fputwc_nolock_internal 000000014005c8d4     libucrt:fputwc.obj
 0002:0000f8f0       $unwind$__acrt_stdio_end_temporary_buffering_nolock 000000014005c8f0     libucrt:_sftbuf.obj
 0002:0000f8f8       $unwind$__acrt_GetModuleFileNameA 000000014005c8f8     libucrt:getmodulefilenamea.obj
 0002:0000f914       $unwind$__dcrt_write_console 000000014005c914     libucrt:initcon.obj
 0002:0000f914       $unwind$??$__acrt_convert_wcs_mbs_cp@_WDV<lambda_f788ae46380686e8b737efdd8c720d07>@@U__crt_win32_buffer_no_resizing@@@@YAHQEB_WAEAV?$__crt_win32_buffer@DU__crt_win32_buffer_no_resizing@@@@AEBV<lambda_f788ae46380686e8b737efdd8c720d07>@@I@Z 000000014005c914     libucrt:getmodulefilenamea.obj
 0002:0000f928       $unwind$??$?RV<lambda_9291da6fb19fed9e7668d36b7e9903ee>@@AEAV<lambda_e8d85a8178367c0d1135ba66de989cf6>@@V<lambda_2aa1c5fac2b3ecd63b0b04056e47917d>@@@?$__crt_seh_guarded_call@H@@QEAAH$$QEAV<lambda_9291da6fb19fed9e7668d36b7e9903ee>@@AEAV<lambda_e8d85a8178367c0d1135ba66de989cf6>@@$$QEAV<lambda_2aa1c5fac2b3ecd63b0b04056e47917d>@@@Z 000000014005c928     libucrt:setvbuf.obj
 0002:0000f94c       $unwind$raise              000000014005c94c     libucrt:signal.obj
 0002:0000f988       $unwind$??$?RV<lambda_450d765d439847d4c735a33c368b5fc0>@@AEAV<lambda_44731a7d0e6d81c3e6aa82d741081786>@@V<lambda_601a2a7da3b7a96e9554ac7215c4b07c>@@@?$__crt_seh_guarded_call@P6AXH@Z@@QEAAP6AXH@Z$$QEAV<lambda_450d765d439847d4c735a33c368b5fc0>@@AEAV<lambda_44731a7d0e6d81c3e6aa82d741081786>@@$$QEAV<lambda_601a2a7da3b7a96e9554ac7215c4b07c>@@@Z 000000014005c988     libucrt:signal.obj
 0002:0000f9ac       $unwind$_call_matherr      000000014005c9ac     libucrt:libm_error.obj
 0002:0000f9b4       $unwind$_handle_error      000000014005c9b4     libucrt:libm_error.obj
 0002:0000f9b4       $unwind$_handle_errorf     000000014005c9b4     libucrt:libm_error.obj
 0002:0000f9d8       $xdatasym                  000000014005c9d8     libucrt:remainder_piby2f_forasm.obj
 0002:0000f9e0       $xdatasym                  000000014005c9e0     libucrt:remainder_piby2_forfma3.obj
 0002:0000f9ec       $unwind$_sincosf_special   000000014005c9ec     libucrt:sincos_special.obj
 0002:0000f9f4       $unwind$__acrt_initialize_fma3 000000014005c9f4     libucrt:fma3_available.obj
 0002:0000f9fc       $unwind$_powf_special      000000014005c9fc     libucrt:pow_special.obj
 0002:0000fa08       $xdatasym                  000000014005ca08     libucrt:remainder_piby2f_forc.obj
 0002:0000fa18       $unwind$??$common_expand_argv_wildcards@D@@YAHQEAPEADQEAPEAPEAD@Z 000000014005ca18     libucrt:argv_wildcards.obj
 0002:0000fa30       $unwind$__dcrt_get_narrow_environment_from_os 000000014005ca30     libucrt:get_environment_from_os.obj
 0002:0000fa30       $unwind$??$__acrt_convert_wcs_mbs_cp@_WDV<lambda_d8593a27d1aa8c02be35c86a17d324c4>@@U__crt_win32_buffer_internal_dynamic_resizing@@@@YAHQEB_WAEAV?$__crt_win32_buffer@DU__crt_win32_buffer_internal_dynamic_resizing@@@@AEBV<lambda_d8593a27d1aa8c02be35c86a17d324c4>@@I@Z 000000014005ca30     libucrt:argv_wildcards.obj
 0002:0000fa48       $unwind$??$expand_argument_wildcards@D@@YAHQEAD0AEAV?$argument_list@D@?A0x5f5c8891@@@Z 000000014005ca48     libucrt:argv_wildcards.obj
 0002:0000fa68       $unwind$_setmbcp_nolock    000000014005ca68     libucrt:mbctype.obj
 0002:0000fa88       $unwind$__dcrt_lowio_ensure_console_output_initialized 000000014005ca88     libucrt:initcon.obj
 0002:0000fa88       $unwind$?__mbrtowc_utf8@__crt_mbstring@@YA_KPEA_WPEBD_KPEAU_Mbstatet@@AEAV__crt_cached_ptd_host@@@Z 000000014005ca88     libucrt:mbrtowc.obj
 0002:0000fa88       $unwind$?getSystemCP@@YAHH@Z 000000014005ca88     libucrt:mbctype.obj
 0002:0000fa90       $unwind$?update_thread_multibyte_data_internal@@YAPEAU__crt_multibyte_data@@QEAU__acrt_ptd@@QEAPEAU1@@Z 000000014005ca90     libucrt:mbctype.obj
 0002:0000fab8       $unwind$?setmbcp_internal@@YAHH_NQEAU__acrt_ptd@@QEAPEAU__crt_multibyte_data@@@Z 000000014005cab8     libucrt:mbctype.obj
 0002:0000fad0       $unwind$?setSBUpLow@@YAXPEAU__crt_multibyte_data@@@Z 000000014005cad0     libucrt:mbctype.obj
 0002:0000faec       $unwind$??$?RV<lambda_efdfa57d1f175319df784efa44bb7b81>@@AEAV<lambda_5f0a4c1567f8adc6734073e5d1e1b35c>@@V<lambda_2e8a7d3640ea6ccb4c2413664c2db6fd>@@@?$__crt_seh_guarded_call@X@@QEAAX$$QEAV<lambda_efdfa57d1f175319df784efa44bb7b81>@@AEAV<lambda_5f0a4c1567f8adc6734073e5d1e1b35c>@@$$QEAV<lambda_2e8a7d3640ea6ccb4c2413664c2db6fd>@@@Z 000000014005caec     libucrt:mbctype.obj
 0002:0000fb10       $unwind$?x_ismbbtype_l@@YAHPEAU__crt_locale_pointers@@IHH@Z 000000014005cb10     libucrt:ismbbyte.obj
 0002:0000fb10       $unwind$_strnicmp_l        000000014005cb10     libucrt:strnicmp.obj
 0002:0000fb20       $unwind$__acrt_WideCharToMultiByte 000000014005cb20     libucrt:widechartomultibyte.obj
 0002:0000fb2c       $unwind$_alloc_osfhnd      000000014005cb2c     libucrt:osfinfo.obj
 0002:0000fb5c       $unwind$__acrt_lowio_destroy_handle_array 000000014005cb5c     libucrt:osfinfo.obj
 0002:0000fb6c       $unwind$__acrt_lowio_ensure_fh_exists 000000014005cb6c     libucrt:osfinfo.obj
 0002:0000fb98       $unwind$__acrt_locale_free_monetary 000000014005cb98     libucrt:initmon.obj
 0002:0000fba0       $unwind$__acrt_locale_free_time 000000014005cba0     libucrt:inittime.obj
 0002:0000fbb0       $unwind$__acrt_GetStringTypeA 000000014005cbb0     libucrt:getstringtypea.obj
 0002:0000fbd8       $unwind$__acrt_update_thread_locale_data 000000014005cbd8     libucrt:locale_refcounting.obj
 0002:0000fbfc       $unwind$_query_new_handler 000000014005cbfc     libucrt:new_handler.obj
 0002:0000fc20       $xdatasym                  000000014005cc20     libucrt:fpsr.obj
 0002:0000fc28       $unwind$_sopen_nolock      000000014005cc28     libucrt:open.obj
 0002:0000fc44       $unwind$_wsopen_nolock     000000014005cc44     libucrt:open.obj
 0002:0000fc64       $unwind$??$common_sopen_dispatch@D@@YAHQEBDHHHQEAHH@Z 000000014005cc64     libucrt:open.obj
 0002:0000fc88       $unwind$?fin$0@?0???$common_sopen_dispatch@D@@YAHQEBDHHHQEAHH@Z@4HA 000000014005cc88     libucrt:open.obj
 0002:0000fc90       $unwind$?decode_options@@YA?AUfile_options@?A0xa9d50aae@@HHH@Z 000000014005cc90     libucrt:open.obj
 0002:0000fca4       $unwind$?truncate_ctrl_z_if_present@@YAHH@Z 000000014005cca4     libucrt:open.obj
 0002:0000fcb4       $unwind$?configure_text_mode@@YAHHUfile_options@?A0xa9d50aae@@HAEAW4__crt_lowio_text_mode@@@Z 000000014005ccb4     libucrt:open.obj
 0002:0000fccc       $unwind$?__mbsrtowcs_utf8@__crt_mbstring@@YA_KPEA_WPEAPEBD_KPEAU_Mbstatet@@AEAV__crt_cached_ptd_host@@@Z 000000014005cccc     libucrt:mbrtowc.obj
 0002:0000fce4       $unwind$__acrt_fp_strflt_to_string 000000014005cce4     libucrt:_fptostr.obj
 0002:0000fd00       $unwind$__acrt_fltout      000000014005cd00     libucrt:cfout.obj
 0002:0000fd20       $unwind$??$write_buffer_nolock@D@@YA_NDV__crt_stdio_stream@@AEAV__crt_cached_ptd_host@@@Z 000000014005cd20     libucrt:_flsbuf.obj
 0002:0000fd34       $unwind$??$write_buffer_nolock@_W@@YA_N_WV__crt_stdio_stream@@AEAV__crt_cached_ptd_host@@@Z 000000014005cd34     libucrt:_flsbuf.obj
 0002:0000fd48       $unwind$__acrt_fenv_set_control 000000014005cd48     libucrt:_fenvutils.obj
 0002:0000fd58       $unwind$qsort              000000014005cd58     libucrt:qsort.obj
 0002:0000fd70       $chain$4$qsort             000000014005cd70     libucrt:qsort.obj
 0002:0000fd94       $chain$5$qsort             000000014005cd94     libucrt:qsort.obj
 0002:0000fda4       $unwind$strpbrk            000000014005cda4     libucrt:strpbrk.obj
 0002:0000fdb4       $unwind$fallbackMethod     000000014005cdb4     libucrt:strpbrk.obj
 0002:0000fdc4       $unwind$_mbsdec_l          000000014005cdc4     libucrt:mbsdec.obj
 0002:0000fdd0       $unwind$__acrt_LCMapStringA 000000014005cdd0     libucrt:lcmapstringa.obj
 0002:0000fde0       $unwind$?__acrt_LCMapStringA_stat@@YAHPEAU__crt_locale_pointers@@PEB_WKPEBDHPEADHHH@Z 000000014005cde0     libucrt:lcmapstringa.obj
 0002:0000fe08       $unwind$?__mbrtoc32_utf8@__crt_mbstring@@YA_KPEA_UPEBD_KPEAU_Mbstatet@@AEAV__crt_cached_ptd_host@@@Z 000000014005ce08     libucrt:mbrtoc32.obj
 0002:0000fe28       $xdatasym                  000000014005ce28     libucrt:log10.obj
 0002:0000fe34       $unwind$common_control87   000000014005ce34     libucrt:ieee.obj
 0002:0000fe60       $unwind$_log_special_common 000000014005ce60     libucrt:log_special.obj
 0002:0000fe6c       $unwind$_IsNonwritableInCurrentImage 000000014005ce6c     LIBCMT:pesect.obj
 0002:0000fe90       $xdatasym                  000000014005ce90     libvcruntime:memcmp.obj
 0002:00010540       .idata$6                   000000014005d540     SDL2:SDL2.dll
 0002:0001088a       .idata$6                   000000014005d88a     glew32:glew32.dll
 0002:00010940       .idata$6                   000000014005d940     OpenGL32:OPENGL32.dll
 0002:00010ae2       .idata$6                   000000014005dae2     kernel32:KERNEL32.dll
 0003:0000003c       ?stbi__l2h_gamma@@3MA      000000014005e03c     main_win.obj
 0003:00000040       ?stbi__stdio_callbacks@@3Ustbi_io_callbacks@@A 000000014005e040     main_win.obj
 0003:00000058       ?stbi__l2h_scale@@3MA      000000014005e058     main_win.obj
 0003:0000005c       ?stbi__h2l_gamma_i@@3MA    000000014005e05c     main_win.obj
 0003:00000060       ?stbi__h2l_scale_i@@3MA    000000014005e060     main_win.obj
 0003:00000064       ?first_row_filter@@3PAEA   000000014005e064     main_win.obj
 0003:00000070       ?levelStrings@@3PAPEBDA    000000014005e070     main_win.obj
 0003:000000a0       ?invalid_chunk@?JH@??stbi__parse_png_file@@YAHPEAUstbi__png@@HH@Z@4PADA 000000014005e0a0     main_win.obj
 0003:000000c0       ?mul_table@?1??stbi__shiftsigned@@YAHIHH@Z@4PAIA 000000014005e0c0     main_win.obj
 0003:000000e8       ?shift_table@?1??stbi__shiftsigned@@YAHIHH@Z@4PAIA 000000014005e0e8     main_win.obj
 0003:00000150       ?__vcrt_flsindex@@3KA      000000014005e150     libvcruntime:per_thread_data.obj
 0003:00000274       ?errno_no_memory@@3HA      000000014005e274     libucrt:errno.obj
 0003:00000278       ?doserrno_no_memory@@3KA   000000014005e278     libucrt:errno.obj
 0003:0000027c       ?__acrt_flsindex@@3KA      000000014005e27c     libucrt:per_thread_data.obj
 0003:000003ec       ?dazSupported@?1??_ctrlfp@@9@9 000000014005e3ec     libucrt:fpctrl.obj
 0003:00000770       _mbctypes                  000000014005e770     libucrt:mbctype.obj
 0003:00000880       _mbcasemaps                000000014005e880     libucrt:mbctype.obj
 0003:00000980       ?__rgctypeflag@@3PADA      000000014005e980     libucrt:mbctype.obj
 0003:00000990       ?__rgcode_page_info@@3PAUcode_page_info@@A 000000014005e990     libucrt:mbctype.obj
 0003:00000b30       ?__dcrt_lowio_console_output_handle@@3PEAXEA 000000014005eb30     libucrt:initcon.obj
 0003:00000b40       ?dazSupported@?1??common_control87@@9@9 000000014005eb40     libucrt:ieee.obj
 0003:0003bff0       ?stbi__vertically_flip_on_load_global@@3HA 0000000140099ff0     main_win.obj
 0003:0003bff4       ?stbi__unpremultiply_on_load_global@@3HA 0000000140099ff4     main_win.obj
 0003:0003bff8       ?stbi__de_iphone_flag_global@@3HA 0000000140099ff8     main_win.obj
 0003:0003bffc       ?nextTime@@3IA             0000000140099ffc     main_win.obj
 0003:0003c010       GS_ExceptionRecord         000000014009a010     LIBCMT:gs_report.obj
 0003:0003c0b0       GS_ContextRecord           000000014009a0b0     LIBCMT:gs_report.obj
 0003:0003c598       ?is_initialized_as_dll@@3_NA 000000014009a598     LIBCMT:utility.obj
 0003:0003c599       ?module_local_atexit_table_initialized@@3_NA 000000014009a599     LIBCMT:utility.obj
 0003:0003c5a0       ?module_local_atexit_table@@3U_onexit_table_t@@A 000000014009a5a0     LIBCMT:utility.obj
 0003:0003c5b8       ?module_local_at_quick_exit_table@@3U_onexit_table_t@@A 000000014009a5b8     LIBCMT:utility.obj
 0003:0003c5f0       ?__vcrt_startup_thread_ptd@@3U__vcrt_ptd@@A 000000014009a5f0     libvcruntime:per_thread_data.obj
 0003:0003c670       __vcrt_lock_table          000000014009a670     libvcruntime:locks.obj
 0003:0003c698       __vcrt_locks_initialized   000000014009a698     libvcruntime:locks.obj
 0003:0003c6e0       ?heap@@3V_HeapManager@@A   000000014009a6e0     libvcruntime:undname.obj
 0003:0003c708       ?module_handles@@3PAPEAUHINSTANCE__@@A 000000014009a708     libvcruntime:winapi_downlevel.obj
 0003:0003c720       ?function_pointers@@3PAPEAXA 000000014009a720     libvcruntime:winapi_downlevel.obj
 0003:0003c764       ?__acrt_app_type@@3W4_crt_app_type@@A 000000014009a764     libucrt:report_runtime_error.obj
 0003:0003c768       ?user_matherr@@3V?$dual_state_global@P6AHPEAU_exception@@@Z@__crt_state_management@@A 000000014009a768     libucrt:matherr.obj
 0003:0003c770       ?program_name@?1???$common_configure_argv@D@@YAHW4_crt_argv_mode@@@Z@4PADA 000000014009a770     libucrt:argv_parsing.obj
 0003:0003c898       ?empty_string@?1???$common_wincmdln@E@@YAPEAEXZ@4PAEA 000000014009a898     libucrt:argv_winmain.obj
 0003:0003c89c       ?c_termination_complete@@3JA 000000014009a89c     libucrt:exit.obj
 0003:0003c8a0       ?thread_local_exit_callback_func@@3P6AXPEAXK0@ZEA 000000014009a8a0     libucrt:exit.obj
 0003:0003c8b0       ?__acrt_global_new_mode@@3V?$dual_state_global@J@__crt_state_management@@A 000000014009a8b0     libucrt:new_mode.obj
 0003:0003c8e8       ?__acrt_invalid_parameter_handler@@3V?$dual_state_global@P6AXPEB_W00I_K@Z@__crt_state_management@@A 000000014009a8e8     libucrt:invalid_parameter.obj
 0003:0003c900       ?module_handles@@3PAPEAUHINSTANCE__@@A 000000014009a900     libucrt:winapi_thunks.obj
 0003:0003c9a0       ?encoded_function_pointers@@3PAPEAXA 000000014009a9a0     libucrt:winapi_thunks.obj
 0003:0003cea0       ?__acrt_lock_table@@3PAU_RTL_CRITICAL_SECTION@@A 000000014009aea0     libucrt:locks.obj
 0003:0003d0d0       ?__acrt_locks_initialized@@3IA 000000014009b0d0     libucrt:locks.obj
 0003:0003d0d8       ?internal_state@?1??_mbtowc_internal@@9@4U_Mbstatet@@A 000000014009b0d8     libucrt:mbtowc.obj
 0003:0003d0e0       ?enable_percent_n@@3_KA    000000014009b0e0     libucrt:printf_count_output.obj
 0003:0003d0f8       __acrt_error_mode          000000014009b0f8     libucrt:set_error_mode.obj
 0003:0003d100       ?ctrlc_action@@3V?$dual_state_global@P6AXH@Z@__crt_state_management@@A 000000014009b100     libucrt:signal.obj
 0003:0003d108       ?ctrlbreak_action@@3V?$dual_state_global@P6AXH@Z@__crt_state_management@@A 000000014009b108     libucrt:signal.obj
 0003:0003d110       ?abort_action@@3V?$dual_state_global@P6AXH@Z@__crt_state_management@@A 000000014009b110     libucrt:signal.obj
 0003:0003d118       ?term_action@@3V?$dual_state_global@P6AXH@Z@__crt_state_management@@A 000000014009b118     libucrt:signal.obj
 0003:0003d140       ?fSystemSet@@3HA           000000014009b140     libucrt:mbctype.obj
 0003:0003d144       ?initialized@?1??__acrt_initialize_multibyte@@9@4_NA 000000014009b144     libucrt:mbctype.obj
 0003:0003d178       ?state_cache@?1???$get_cached_win_policy@Udeveloper_information_policy_properties@?1??__acrt_get_developer_information_policy@@YA?AW4developer_information_policy@@XZ@@@YA?AW4developer_information_policy@@W4AppPolicyShowDeveloperDiagnostic@@@Z@4JA 000000014009b178     libucrt:win_policies.obj
 0003:0003d17c       ?state_cache@?1???$get_cached_win_policy@Uwindowing_model_policy_properties@?1??__acrt_get_windowing_model_policy@@YA?AW4windowing_model_policy@@XZ@@@YA?AW4windowing_model_policy@@W4AppPolicyWindowingModel@@@Z@4JA 000000014009b17c     libucrt:win_policies.obj
 0003:0003d198       ?__acrt_new_handler@@3V?$dual_state_global@P6AH_K@Z@__crt_state_management@@A 000000014009b198     libucrt:new_handler.obj
 0003:0003d1a8       ?internal_pst@?1??__mbrtoc32_utf8@__crt_mbstring@@YA_KPEA_UPEBD_KPEAU_Mbstatet@@AEAV__crt_cached_ptd_host@@@Z@4U3@A 000000014009b1a8     libucrt:mbrtoc32.obj
 0005:00000000       SetSmall                   000000014009f000     libvcruntime:memset.obj
 0005:00000040       SetSmallYmm                000000014009f040     libvcruntime:memset.obj
 0005:00000064       SetSmallYmmNT              000000014009f064     libvcruntime:memset.obj
 0005:00000088       SetSmallXmm                000000014009f088     libvcruntime:memset.obj
 0005:000000b0       MoveSmall                  000000014009f0b0     libvcruntime:memcpy.obj
 0005:000000f0       MoveSmallYmm               000000014009f0f0     libvcruntime:memcpy.obj
 0005:00000114       MoveSmallYmmNT             000000014009f114     libvcruntime:memcpy.obj
 0005:00000138       MoveSmallXmm               000000014009f138     libvcruntime:memcpy.obj
